Archive member included because of file (symbol)

/var/folders/28/_tsmhg4172s_wy7vswfkzq9h0000gn/T/arduino_cache_261188/core/core_33a28a35d5be94a4487e04df0719a759.a(exc.S.o)
                              (__exc_nmi)
/var/folders/28/_tsmhg4172s_wy7vswfkzq9h0000gn/T/arduino_cache_261188/core/core_33a28a35d5be94a4487e04df0719a759.a(isrs.S.o)
                              (__stm32reservedexception7)
/var/folders/28/_tsmhg4172s_wy7vswfkzq9h0000gn/T/arduino_cache_261188/core/core_33a28a35d5be94a4487e04df0719a759.a(vector_table.S.o)
                              (__stm32_vector_table)
/var/folders/28/_tsmhg4172s_wy7vswfkzq9h0000gn/T/arduino_cache_261188/core/core_33a28a35d5be94a4487e04df0719a759.a(adc.c.o)
                              /var/folders/28/_tsmhg4172s_wy7vswfkzq9h0000gn/T/arduino_build_279421/core/wirish/boards.cpp.o (adc_set_sample_rate)
/var/folders/28/_tsmhg4172s_wy7vswfkzq9h0000gn/T/arduino_cache_261188/core/core_33a28a35d5be94a4487e04df0719a759.a(adc_f1.c.o)
                              (__irq_adc)
/var/folders/28/_tsmhg4172s_wy7vswfkzq9h0000gn/T/arduino_cache_261188/core/core_33a28a35d5be94a4487e04df0719a759.a(dma_f1.c.o)
                              (__irq_dma1_channel1)
/var/folders/28/_tsmhg4172s_wy7vswfkzq9h0000gn/T/arduino_cache_261188/core/core_33a28a35d5be94a4487e04df0719a759.a(exti.c.o)
                              (__irq_exti0)
/var/folders/28/_tsmhg4172s_wy7vswfkzq9h0000gn/T/arduino_cache_261188/core/core_33a28a35d5be94a4487e04df0719a759.a(exti_f1.c.o)
                              /var/folders/28/_tsmhg4172s_wy7vswfkzq9h0000gn/T/arduino_cache_261188/core/core_33a28a35d5be94a4487e04df0719a759.a(exti.c.o) (exti_select)
/var/folders/28/_tsmhg4172s_wy7vswfkzq9h0000gn/T/arduino_cache_261188/core/core_33a28a35d5be94a4487e04df0719a759.a(flash.c.o)
                              /var/folders/28/_tsmhg4172s_wy7vswfkzq9h0000gn/T/arduino_build_279421/core/wirish/boards.cpp.o (flash_set_latency)
/var/folders/28/_tsmhg4172s_wy7vswfkzq9h0000gn/T/arduino_cache_261188/core/core_33a28a35d5be94a4487e04df0719a759.a(gpio_f1.c.o)
                              /var/folders/28/_tsmhg4172s_wy7vswfkzq9h0000gn/T/arduino_build_279421/core/wirish/boards_setup.cpp.o (gpio_init_all)
/var/folders/28/_tsmhg4172s_wy7vswfkzq9h0000gn/T/arduino_cache_261188/core/core_33a28a35d5be94a4487e04df0719a759.a(i2c_f1.c.o)
                              (__irq_i2c1_ev)
/var/folders/28/_tsmhg4172s_wy7vswfkzq9h0000gn/T/arduino_cache_261188/core/core_33a28a35d5be94a4487e04df0719a759.a(nvic.c.o)
                              /var/folders/28/_tsmhg4172s_wy7vswfkzq9h0000gn/T/arduino_cache_261188/core/core_33a28a35d5be94a4487e04df0719a759.a(i2c_f1.c.o) (nvic_irq_set_priority)
/var/folders/28/_tsmhg4172s_wy7vswfkzq9h0000gn/T/arduino_cache_261188/core/core_33a28a35d5be94a4487e04df0719a759.a(rcc.c.o)
                              /var/folders/28/_tsmhg4172s_wy7vswfkzq9h0000gn/T/arduino_build_279421/core/wirish/boards.cpp.o (rcc_switch_sysclk)
/var/folders/28/_tsmhg4172s_wy7vswfkzq9h0000gn/T/arduino_cache_261188/core/core_33a28a35d5be94a4487e04df0719a759.a(rcc_f1.c.o)
                              /var/folders/28/_tsmhg4172s_wy7vswfkzq9h0000gn/T/arduino_build_279421/core/wirish/boards.cpp.o (rcc_configure_pll)
/var/folders/28/_tsmhg4172s_wy7vswfkzq9h0000gn/T/arduino_cache_261188/core/core_33a28a35d5be94a4487e04df0719a759.a(systick.c.o)
                              /var/folders/28/_tsmhg4172s_wy7vswfkzq9h0000gn/T/arduino_build_279421/core/wirish/boards.cpp.o (systick_init)
/var/folders/28/_tsmhg4172s_wy7vswfkzq9h0000gn/T/arduino_cache_261188/core/core_33a28a35d5be94a4487e04df0719a759.a(timer.c.o)
                              /var/folders/28/_tsmhg4172s_wy7vswfkzq9h0000gn/T/arduino_build_279421/core/wirish/boards.cpp.o (timer_foreach)
/var/folders/28/_tsmhg4172s_wy7vswfkzq9h0000gn/T/arduino_cache_261188/core/core_33a28a35d5be94a4487e04df0719a759.a(usart_f1.c.o)
                              (__irq_usart1)
/var/folders/28/_tsmhg4172s_wy7vswfkzq9h0000gn/T/arduino_cache_261188/core/core_33a28a35d5be94a4487e04df0719a759.a(usart_private.c.o)
                              /var/folders/28/_tsmhg4172s_wy7vswfkzq9h0000gn/T/arduino_cache_261188/core/core_33a28a35d5be94a4487e04df0719a759.a(usart_f1.c.o) (_usart_clock_freq)
/var/folders/28/_tsmhg4172s_wy7vswfkzq9h0000gn/T/arduino_cache_261188/core/core_33a28a35d5be94a4487e04df0719a759.a(usb.c.o)
                              (__irq_usb_lp_can_rx0)
/var/folders/28/_tsmhg4172s_wy7vswfkzq9h0000gn/T/arduino_cache_261188/core/core_33a28a35d5be94a4487e04df0719a759.a(usb_cdcacm.c.o)
                              /var/folders/28/_tsmhg4172s_wy7vswfkzq9h0000gn/T/arduino_cache_261188/core/core_33a28a35d5be94a4487e04df0719a759.a(usb.c.o) (User_Standard_Requests)
/var/folders/28/_tsmhg4172s_wy7vswfkzq9h0000gn/T/arduino_cache_261188/core/core_33a28a35d5be94a4487e04df0719a759.a(usb_reg_map.c.o)
[...]
Memory Configuration

Name             Origin             Length             Attributes
ram              0x0000000020000000 0x0000000000005000 xrw
rom              0x0000000008000000 0x0000000000010000 xr
*default*        0x0000000000000000 0xffffffffffffffff

Linker script and memory map

LOAD /Users/paulgallagher/Library/Arduino15/packages/arduino/tools/arm-none-eabi-gcc/4.8.3-2014q1/bin/../lib/gcc/arm-none-eabi/4.8.3/armv7-m/crti.o
LOAD /Users/paulgallagher/Library/Arduino15/packages/arduino/tools/arm-none-eabi-gcc/4.8.3-2014q1/bin/../lib/gcc/arm-none-eabi/4.8.3/armv7-m/crtbegin.o
LOAD /Users/paulgallagher/Library/Arduino15/packages/arduino/tools/arm-none-eabi-gcc/4.8.3-2014q1/bin/../lib/gcc/arm-none-eabi/4.8.3/../../../../arm-none-eabi/lib/armv7-m/crt0.o
LOAD /Users/paulgallagher/Library/Arduino15/packages/arduino/tools/arm-none-eabi-gcc/4.8.3-2014q1/bin/../lib/gcc/arm-none-eabi/4.8.3/armv7-m/libgcc.a
START GROUP
LOAD /var/folders/28/_tsmhg4172s_wy7vswfkzq9h0000gn/T/arduino_build_279421/sketch/DebugWithStlink.ino.cpp.o
LOAD /var/folders/28/_tsmhg4172s_wy7vswfkzq9h0000gn/T/arduino_build_279421/core/wirish/start.S.o
LOAD /var/folders/28/_tsmhg4172s_wy7vswfkzq9h0000gn/T/arduino_build_279421/core/wirish/start_c.c.o
LOAD /var/folders/28/_tsmhg4172s_wy7vswfkzq9h0000gn/T/arduino_build_279421/core/wirish/syscalls.c.o
LOAD /var/folders/28/_tsmhg4172s_wy7vswfkzq9h0000gn/T/arduino_build_279421/core/board.cpp.o
LOAD /var/folders/28/_tsmhg4172s_wy7vswfkzq9h0000gn/T/arduino_build_279421/core/wirish/boards.cpp.o
LOAD /var/folders/28/_tsmhg4172s_wy7vswfkzq9h0000gn/T/arduino_build_279421/core/wirish/boards_setup.cpp.o
LOAD /var/folders/28/_tsmhg4172s_wy7vswfkzq9h0000gn/T/arduino_cache_261188/core/core_33a28a35d5be94a4487e04df0719a759.a
END GROUP
LOAD /Users/paulgallagher/Library/Arduino15/packages/arduino/tools/arm-none-eabi-gcc/4.8.3-2014q1/bin/../lib/gcc/arm-none-eabi/4.8.3/../../../../arm-none-eabi/lib/armv7-m/libstdc++.a
LOAD /Users/paulgallagher/Library/Arduino15/packages/arduino/tools/arm-none-eabi-gcc/4.8.3-2014q1/bin/../lib/gcc/arm-none-eabi/4.8.3/../../../../arm-none-eabi/lib/armv7-m/libm.a
START GROUP
LOAD /Users/paulgallagher/Library/Arduino15/packages/arduino/tools/arm-none-eabi-gcc/4.8.3-2014q1/bin/../lib/gcc/arm-none-eabi/4.8.3/armv7-m/libgcc.a
LOAD /Users/paulgallagher/Library/Arduino15/packages/arduino/tools/arm-none-eabi-gcc/4.8.3-2014q1/bin/../lib/gcc/arm-none-eabi/4.8.3/../../../../arm-none-eabi/lib/armv7-m/libc.a
END GROUP
LOAD /Users/paulgallagher/Library/Arduino15/packages/arduino/tools/arm-none-eabi-gcc/4.8.3-2014q1/bin/../lib/gcc/arm-none-eabi/4.8.3/armv7-m/crtend.o
LOAD /Users/paulgallagher/Library/Arduino15/packages/arduino/tools/arm-none-eabi-gcc/4.8.3-2014q1/bin/../lib/gcc/arm-none-eabi/4.8.3/armv7-m/crtn.o
START GROUP
LOAD /Users/paulgallagher/Library/Arduino15/packages/arduino/tools/arm-none-eabi-gcc/4.8.3-2014q1/bin/../lib/gcc/arm-none-eabi/4.8.3/armv7-m/libgcc.a
LOAD /Users/paulgallagher/Library/Arduino15/packages/arduino/tools/arm-none-eabi-gcc/4.8.3-2014q1/bin/../lib/gcc/arm-none-eabi/4.8.3/../../../../arm-none-eabi/lib/armv7-m/libc.a
LOAD /Users/paulgallagher/Library/Arduino15/packages/arduino/tools/arm-none-eabi-gcc/4.8.3-2014q1/bin/../lib/gcc/arm-none-eabi/4.8.3/../../../../arm-none-eabi/lib/armv7-m/libm.a
END GROUP
START GROUP
LOAD /Users/paulgallagher/Library/Arduino15/packages/arduino/tools/arm-none-eabi-gcc/4.8.3-2014q1/bin/../lib/gcc/arm-none-eabi/4.8.3/../../../../arm-none-eabi/lib/armv7-m/libnosys.a
END GROUP
                0x0000000020005000                PROVIDE (__msp_init, (ORIGIN (ram) + 0x5000))
                0x0000000008000180                PROVIDE (__exc_reset, __start__)

.text           0x0000000008000000     0x2e24
                0x0000000008000000                __text_start__ = .
 *(.stm32.interrupt_vector)
 .stm32.interrupt_vector
                0x0000000008000000       0xec /var/folders/28/_tsmhg4172s_wy7vswfkzq9h0000gn/T/arduino_cache_261188/core/core_33a28a35d5be94a4487e04df0719a759.a(vector_table.S.o)
                0x0000000008000000                __stm32_vector_table
 *(.text .text.* .gnu.linkonce.t.*)
 .text          0x00000000080000ec       0x54 /Users/paulgallagher/Library/Arduino15/packages/arduino/tools/arm-none-eabi-gcc/4.8.3-2014q1/bin/../lib/gcc/arm-none-eabi/4.8.3/armv7-m/crtbegin.o
 .text._Z5setupv
                0x0000000008000140        0x8 /var/folders/28/_tsmhg4172s_wy7vswfkzq9h0000gn/T/arduino_build_279421/sketch/DebugWithStlink.ino.cpp.o
                0x0000000008000140                setup()
 .text._Z4loopv
                0x0000000008000148       0x38 /var/folders/28/_tsmhg4172s_wy7vswfkzq9h0000gn/T/arduino_build_279421/sketch/DebugWithStlink.ino.cpp.o
                0x0000000008000148                loop()
 .text          0x0000000008000180       0x10 /var/folders/28/_tsmhg4172s_wy7vswfkzq9h0000gn/T/arduino_build_279421/core/wirish/start.S.o
                0x0000000008000180                __start__
 .text.start_c  0x0000000008000190       0x64 /var/folders/28/_tsmhg4172s_wy7vswfkzq9h0000gn/T/arduino_build_279421/core/wirish/start_c.c.o
                0x0000000008000190                start_c
 .text._exit    0x00000000080001f4        0x2 /var/folders/28/_tsmhg4172s_wy7vswfkzq9h0000gn/T/arduino_build_279421/core/wirish/syscalls.c.o
                0x00000000080001f4                _exit
 .text._Z9boardInitv
                0x00000000080001f6        0x2 /var/folders/28/_tsmhg4172s_wy7vswfkzq9h0000gn/T/arduino_build_279421/core/board.cpp.o
                0x00000000080001f6                boardInit()
 .text.startup._GLOBAL__sub_I__Z9boardInitv
                0x00000000080001f8       0x48 /var/folders/28/_tsmhg4172s_wy7vswfkzq9h0000gn/T/arduino_build_279421/core/board.cpp.o
 .text._ZL18adc_default_configP7adc_dev
                0x0000000008000240       0x1c /var/folders/28/_tsmhg4172s_wy7vswfkzq9h0000gn/T/arduino_build_279421/core/wirish/boards.cpp.o
 .text._ZL20timer_default_configP9timer_dev
                0x000000000800025c       0x9e /var/folders/28/_tsmhg4172s_wy7vswfkzq9h0000gn/T/arduino_build_279421/core/wirish/boards.cpp.o
 *fill*         0x00000000080002fa        0x2 
 .text._Z4initv
                0x00000000080002fc       0xbc /var/folders/28/_tsmhg4172s_wy7vswfkzq9h0000gn/T/arduino_build_279421/core/wirish/boards.cpp.o
                0x00000000080002fc                init()
 .text._ZN6wirish4priv15board_reset_pllEv
                0x00000000080003b8        0x2 /var/folders/28/_tsmhg4172s_wy7vswfkzq9h0000gn/T/arduino_build_279421/core/wirish/boards_setup.cpp.o
                0x00000000080003b8                wirish::priv::board_reset_pll()
 .text._ZN6wirish4priv28board_setup_clock_prescalersEv
                0x00000000080003ba       0x2e /var/folders/28/_tsmhg4172s_wy7vswfkzq9h0000gn/T/arduino_build_279421/core/wirish/boards_setup.cpp.o
                0x00000000080003ba                wirish::priv::board_setup_clock_prescalers()
 .text._ZN6wirish4priv16board_setup_gpioEv
                0x00000000080003e8        0x4 /var/folders/28/_tsmhg4172s_wy7vswfkzq9h0000gn/T/arduino_build_279421/core/wirish/boards_setup.cpp.o
                0x00000000080003e8                wirish::priv::board_setup_gpio()
 .text._ZN6wirish4priv15board_setup_usbEv
                0x00000000080003ec       0x54 /var/folders/28/_tsmhg4172s_wy7vswfkzq9h0000gn/T/arduino_build_279421/core/wirish/boards_setup.cpp.o
                0x00000000080003ec                wirish::priv::board_setup_usb()
 .text._ZN6wirish4priv11series_initEv
                0x0000000008000440        0x4 /var/folders/28/_tsmhg4172s_wy7vswfkzq9h0000gn/T/arduino_build_279421/core/wirish/boards_setup.cpp.o
                0x0000000008000440                wirish::priv::series_init()
 *fill*         0x0000000008000444        0xc 
 .text          0x0000000008000450       0x60 /var/folders/28/_tsmhg4172s_wy7vswfkzq9h0000gn/T/arduino_cache_261188/core/core_33a28a35d5be94a4487e04df0719a759.a(exc.S.o)
                0x0000000008000450                __exc_nmi
                0x0000000008000454                __exc_hardfault
                0x0000000008000458                __exc_memmanage
                0x000000000800045c                __exc_busfault
                0x0000000008000460                __exc_usagefault
 .text          0x00000000080004b0        0x2 /var/folders/28/_tsmhg4172s_wy7vswfkzq9h0000gn/T/arduino_cache_261188/core/core_33a28a35d5be94a4487e04df0719a759.a(isrs.S.o)
                0x00000000080004b0                __irq_rcc
                0x00000000080004b0                __exc_debug_monitor
                0x00000000080004b0                __exc_svc
                0x00000000080004b0                __irq_can_rx1
                0x00000000080004b0                __irq_spi2
                0x00000000080004b0                __irq_can_sce
                0x00000000080004b0                __irq_pvd
                0x00000000080004b0                __irq_tamper
                0x00000000080004b0                __default_handler
                0x00000000080004b0                __irq_wwdg
                0x00000000080004b0                __stm32reservedexception10
                0x00000000080004b0                __irq_flash
                0x00000000080004b0                __stm32reservedexception13
                0x00000000080004b0                __irq_rtc
                0x00000000080004b0                __irq_spi1
                0x00000000080004b0                __stm32reservedexception7
                0x00000000080004b0                __irq_usb_hp_can_tx
                0x00000000080004b0                __irq_rtcalarm
                0x00000000080004b0                __stm32reservedexception8
                0x00000000080004b0                __exc_pendsv
                0x00000000080004b0                __irq_usbwakeup
                0x00000000080004b0                __stm32reservedexception9
 .text.adc_init
                0x00000000080004b2       0x14 /var/folders/28/_tsmhg4172s_wy7vswfkzq9h0000gn/T/arduino_cache_261188/core/core_33a28a35d5be94a4487e04df0719a759.a(adc.c.o)
                0x00000000080004b2                adc_init
 .text.adc_set_extsel
                0x00000000080004c6       0x12 /var/folders/28/_tsmhg4172s_wy7vswfkzq9h0000gn/T/arduino_cache_261188/core/core_33a28a35d5be94a4487e04df0719a759.a(adc.c.o)
                0x00000000080004c6                adc_set_extsel
 .text.adc_set_sample_rate
                0x00000000080004d8       0x30 /var/folders/28/_tsmhg4172s_wy7vswfkzq9h0000gn/T/arduino_cache_261188/core/core_33a28a35d5be94a4487e04df0719a759.a(adc.c.o)
                0x00000000080004d8                adc_set_sample_rate
 .text.__irq_adc
                0x0000000008000508       0x50 /var/folders/28/_tsmhg4172s_wy7vswfkzq9h0000gn/T/arduino_cache_261188/core/core_33a28a35d5be94a4487e04df0719a759.a(adc_f1.c.o)
                0x0000000008000508                __irq_adc
 .text.adc_calibrate
                0x0000000008000558       0x24 /var/folders/28/_tsmhg4172s_wy7vswfkzq9h0000gn/T/arduino_cache_261188/core/core_33a28a35d5be94a4487e04df0719a759.a(adc_f1.c.o)
                0x0000000008000558                adc_calibrate
 .text.adc_set_prescaler
                0x000000000800057c        0x8 /var/folders/28/_tsmhg4172s_wy7vswfkzq9h0000gn/T/arduino_cache_261188/core/core_33a28a35d5be94a4487e04df0719a759.a(adc_f1.c.o)
                0x000000000800057c                adc_set_prescaler
 .text.adc_foreach
                0x0000000008000584       0x1c /var/folders/28/_tsmhg4172s_wy7vswfkzq9h0000gn/T/arduino_cache_261188/core/core_33a28a35d5be94a4487e04df0719a759.a(adc_f1.c.o)
                0x0000000008000584                adc_foreach
 .text.adc_enable_single_swstart
                0x00000000080005a0       0x36 /var/folders/28/_tsmhg4172s_wy7vswfkzq9h0000gn/T/arduino_cache_261188/core/core_33a28a35d5be94a4487e04df0719a759.a(adc_f1.c.o)
                0x00000000080005a0                adc_enable_single_swstart
 *fill*         0x00000000080005d6        0x2 
 .text.__irq_dma1_channel1
                0x00000000080005d8       0x18 /var/folders/28/_tsmhg4172s_wy7vswfkzq9h0000gn/T/arduino_cache_261188/core/core_33a28a35d5be94a4487e04df0719a759.a(dma_f1.c.o)
                0x00000000080005d8                __irq_dma1_channel1
 .text.__irq_dma1_channel2
                0x00000000080005f0       0x18 /var/folders/28/_tsmhg4172s_wy7vswfkzq9h0000gn/T/arduino_cache_261188/core/core_33a28a35d5be94a4487e04df0719a759.a(dma_f1.c.o)
                0x00000000080005f0                __irq_dma1_channel2
 .text.__irq_dma1_channel3
                0x0000000008000608       0x1c /var/folders/28/_tsmhg4172s_wy7vswfkzq9h0000gn/T/arduino_cache_261188/core/core_33a28a35d5be94a4487e04df0719a759.a(dma_f1.c.o)
                0x0000000008000608                __irq_dma1_channel3
 .text.__irq_dma1_channel4
                0x0000000008000624       0x1c /var/folders/28/_tsmhg4172s_wy7vswfkzq9h0000gn/T/arduino_cache_261188/core/core_33a28a35d5be94a4487e04df0719a759.a(dma_f1.c.o)
                0x0000000008000624                __irq_dma1_channel4
 .text.__irq_dma1_channel5
                0x0000000008000640       0x1c /var/folders/28/_tsmhg4172s_wy7vswfkzq9h0000gn/T/arduino_cache_261188/core/core_33a28a35d5be94a4487e04df0719a759.a(dma_f1.c.o)
                0x0000000008000640                __irq_dma1_channel5
 .text.__irq_dma1_channel6
                0x000000000800065c       0x1c /var/folders/28/_tsmhg4172s_wy7vswfkzq9h0000gn/T/arduino_cache_261188/core/core_33a28a35d5be94a4487e04df0719a759.a(dma_f1.c.o)
                0x000000000800065c                __irq_dma1_channel6
 .text.__irq_dma1_channel7
                0x0000000008000678       0x1c /var/folders/28/_tsmhg4172s_wy7vswfkzq9h0000gn/T/arduino_cache_261188/core/core_33a28a35d5be94a4487e04df0719a759.a(dma_f1.c.o)
                0x0000000008000678                __irq_dma1_channel7
 .text.__irq_exti0
                0x0000000008000694       0x20 /var/folders/28/_tsmhg4172s_wy7vswfkzq9h0000gn/T/arduino_cache_261188/core/core_33a28a35d5be94a4487e04df0719a759.a(exti.c.o)
                0x0000000008000694                __irq_exti0
 .text.__irq_exti1
                0x00000000080006b4       0x20 /var/folders/28/_tsmhg4172s_wy7vswfkzq9h0000gn/T/arduino_cache_261188/core/core_33a28a35d5be94a4487e04df0719a759.a(exti.c.o)
                0x00000000080006b4                __irq_exti1
 .text.__irq_exti2
                0x00000000080006d4       0x20 /var/folders/28/_tsmhg4172s_wy7vswfkzq9h0000gn/T/arduino_cache_261188/core/core_33a28a35d5be94a4487e04df0719a759.a(exti.c.o)
                0x00000000080006d4                __irq_exti2
 .text.__irq_exti3
                0x00000000080006f4       0x20 /var/folders/28/_tsmhg4172s_wy7vswfkzq9h0000gn/T/arduino_cache_261188/core/core_33a28a35d5be94a4487e04df0719a759.a(exti.c.o)
                0x00000000080006f4                __irq_exti3
 .text.__irq_exti4
                0x0000000008000714       0x20 /var/folders/28/_tsmhg4172s_wy7vswfkzq9h0000gn/T/arduino_cache_261188/core/core_33a28a35d5be94a4487e04df0719a759.a(exti.c.o)
                0x0000000008000714                __irq_exti4
 .text.__irq_exti9_5
                0x0000000008000734       0x44 /var/folders/28/_tsmhg4172s_wy7vswfkzq9h0000gn/T/arduino_cache_261188/core/core_33a28a35d5be94a4487e04df0719a759.a(exti.c.o)
                0x0000000008000734                __irq_exti9_5
 .text.__irq_exti15_10
                0x0000000008000778       0x44 /var/folders/28/_tsmhg4172s_wy7vswfkzq9h0000gn/T/arduino_cache_261188/core/core_33a28a35d5be94a4487e04df0719a759.a(exti.c.o)
                0x0000000008000778                __irq_exti15_10
 .text.flash_set_latency
                0x00000000080007bc       0x14 /var/folders/28/_tsmhg4172s_wy7vswfkzq9h0000gn/T/arduino_cache_261188/core/core_33a28a35d5be94a4487e04df0719a759.a(flash.c.o)
                0x00000000080007bc                flash_set_latency
 .text.gpio_init_all
                0x00000000080007d0       0x30 /var/folders/28/_tsmhg4172s_wy7vswfkzq9h0000gn/T/arduino_cache_261188/core/core_33a28a35d5be94a4487e04df0719a759.a(gpio_f1.c.o)
                0x00000000080007d0                gpio_init_all
 .text.gpio_set_mode
                0x0000000008000800       0x50 /var/folders/28/_tsmhg4172s_wy7vswfkzq9h0000gn/T/arduino_cache_261188/core/core_33a28a35d5be94a4487e04df0719a759.a(gpio_f1.c.o)
                0x0000000008000800                gpio_set_mode
 .text.afio_init
                0x0000000008000850       0x12 /var/folders/28/_tsmhg4172s_wy7vswfkzq9h0000gn/T/arduino_cache_261188/core/core_33a28a35d5be94a4487e04df0719a759.a(gpio_f1.c.o)
                0x0000000008000850                afio_init
 *fill*         0x0000000008000862        0x2 
 .text.__irq_i2c1_ev
                0x0000000008000864        0xc /var/folders/28/_tsmhg4172s_wy7vswfkzq9h0000gn/T/arduino_cache_261188/core/core_33a28a35d5be94a4487e04df0719a759.a(i2c_f1.c.o)
                0x0000000008000864                __irq_i2c1_ev
 .text.__irq_i2c2_ev
                0x0000000008000870        0xc /var/folders/28/_tsmhg4172s_wy7vswfkzq9h0000gn/T/arduino_cache_261188/core/core_33a28a35d5be94a4487e04df0719a759.a(i2c_f1.c.o)
                0x0000000008000870                __irq_i2c2_ev
 .text.__irq_i2c1_er
                0x000000000800087c        0xc /var/folders/28/_tsmhg4172s_wy7vswfkzq9h0000gn/T/arduino_cache_261188/core/core_33a28a35d5be94a4487e04df0719a759.a(i2c_f1.c.o)
                0x000000000800087c                __irq_i2c1_er
 .text.__irq_i2c2_er
                0x0000000008000888        0xc /var/folders/28/_tsmhg4172s_wy7vswfkzq9h0000gn/T/arduino_cache_261188/core/core_33a28a35d5be94a4487e04df0719a759.a(i2c_f1.c.o)
                0x0000000008000888                __irq_i2c2_er
 .text._i2c_irq_priority_fixup
                0x0000000008000894       0x1c /var/folders/28/_tsmhg4172s_wy7vswfkzq9h0000gn/T/arduino_cache_261188/core/core_33a28a35d5be94a4487e04df0719a759.a(i2c_f1.c.o)
                0x0000000008000894                _i2c_irq_priority_fixup
 .text.nvic_irq_set_priority
                0x00000000080008b0       0x28 /var/folders/28/_tsmhg4172s_wy7vswfkzq9h0000gn/T/arduino_cache_261188/core/core_33a28a35d5be94a4487e04df0719a759.a(nvic.c.o)
                0x00000000080008b0                nvic_irq_set_priority
 .text.nvic_init
                0x00000000080008d8       0x30 /var/folders/28/_tsmhg4172s_wy7vswfkzq9h0000gn/T/arduino_cache_261188/core/core_33a28a35d5be94a4487e04df0719a759.a(nvic.c.o)
                0x00000000080008d8                nvic_init
 .text.nvic_sys_reset
                0x0000000008000908       0x1c /var/folders/28/_tsmhg4172s_wy7vswfkzq9h0000gn/T/arduino_cache_261188/core/core_33a28a35d5be94a4487e04df0719a759.a(nvic.c.o)
                0x0000000008000908                nvic_sys_reset
 .text.rcc_dev_clk
                0x0000000008000924        0xc /var/folders/28/_tsmhg4172s_wy7vswfkzq9h0000gn/T/arduino_cache_261188/core/core_33a28a35d5be94a4487e04df0719a759.a(rcc.c.o)
                0x0000000008000924                rcc_dev_clk
 .text.rcc_switch_sysclk
                0x0000000008000930       0x20 /var/folders/28/_tsmhg4172s_wy7vswfkzq9h0000gn/T/arduino_cache_261188/core/core_33a28a35d5be94a4487e04df0719a759.a(rcc.c.o)
                0x0000000008000930                rcc_switch_sysclk
 .text.rcc_turn_on_clk
                0x0000000008000950       0x1a /var/folders/28/_tsmhg4172s_wy7vswfkzq9h0000gn/T/arduino_cache_261188/core/core_33a28a35d5be94a4487e04df0719a759.a(rcc.c.o)
                0x0000000008000950                rcc_turn_on_clk
 .text.rcc_turn_off_clk
                0x000000000800096a       0x1c /var/folders/28/_tsmhg4172s_wy7vswfkzq9h0000gn/T/arduino_cache_261188/core/core_33a28a35d5be94a4487e04df0719a759.a(rcc.c.o)
                0x000000000800096a                rcc_turn_off_clk
 .text.rcc_is_clk_on
                0x0000000008000986       0x1e /var/folders/28/_tsmhg4172s_wy7vswfkzq9h0000gn/T/arduino_cache_261188/core/core_33a28a35d5be94a4487e04df0719a759.a(rcc.c.o)
                0x0000000008000986                rcc_is_clk_on
 .text.rcc_is_clk_ready
                0x00000000080009a4       0x18 /var/folders/28/_tsmhg4172s_wy7vswfkzq9h0000gn/T/arduino_cache_261188/core/core_33a28a35d5be94a4487e04df0719a759.a(rcc.c.o)
                0x00000000080009a4                rcc_is_clk_ready
 .text.rcc_configure_pll
                0x00000000080009bc       0x38 /var/folders/28/_tsmhg4172s_wy7vswfkzq9h0000gn/T/arduino_cache_261188/core/core_33a28a35d5be94a4487e04df0719a759.a(rcc_f1.c.o)
                0x00000000080009bc                rcc_configure_pll
 .text.rcc_clk_enable
                0x00000000080009f4       0x30 /var/folders/28/_tsmhg4172s_wy7vswfkzq9h0000gn/T/arduino_cache_261188/core/core_33a28a35d5be94a4487e04df0719a759.a(rcc_f1.c.o)
                0x00000000080009f4                rcc_clk_enable
 .text.rcc_reset_dev
                0x0000000008000a24       0x34 /var/folders/28/_tsmhg4172s_wy7vswfkzq9h0000gn/T/arduino_cache_261188/core/core_33a28a35d5be94a4487e04df0719a759.a(rcc_f1.c.o)
                0x0000000008000a24                rcc_reset_dev
 .text.rcc_set_prescaler
                0x0000000008000a58       0x20 /var/folders/28/_tsmhg4172s_wy7vswfkzq9h0000gn/T/arduino_cache_261188/core/core_33a28a35d5be94a4487e04df0719a759.a(rcc_f1.c.o)
                0x0000000008000a58                rcc_set_prescaler
 .text.rcc_clk_disable
                0x0000000008000a78       0x30 /var/folders/28/_tsmhg4172s_wy7vswfkzq9h0000gn/T/arduino_cache_261188/core/core_33a28a35d5be94a4487e04df0719a759.a(rcc_f1.c.o)
                0x0000000008000a78                rcc_clk_disable
 .text.systick_init
                0x0000000008000aa8       0x10 /var/folders/28/_tsmhg4172s_wy7vswfkzq9h0000gn/T/arduino_cache_261188/core/core_33a28a35d5be94a4487e04df0719a759.a(systick.c.o)
                0x0000000008000aa8                systick_init
 .text.__exc_systick
                0x0000000008000ab8       0x1c /var/folders/28/_tsmhg4172s_wy7vswfkzq9h0000gn/T/arduino_cache_261188/core/core_33a28a35d5be94a4487e04df0719a759.a(systick.c.o)
                0x0000000008000ab8                __exc_systick
 .text.timer_oc_set_mode
                0x0000000008000ad4       0x3a /var/folders/28/_tsmhg4172s_wy7vswfkzq9h0000gn/T/arduino_cache_261188/core/core_33a28a35d5be94a4487e04df0719a759.a(timer.c.o)
 .text.timer_cc_enable
                0x0000000008000b0e       0x1c /var/folders/28/_tsmhg4172s_wy7vswfkzq9h0000gn/T/arduino_cache_261188/core/core_33a28a35d5be94a4487e04df0719a759.a(timer.c.o)
 *fill*         0x0000000008000b2a        0x2 
 .text.timer_foreach
                0x0000000008000b2c       0x28 /var/folders/28/_tsmhg4172s_wy7vswfkzq9h0000gn/T/arduino_cache_261188/core/core_33a28a35d5be94a4487e04df0719a759.a(timer.c.o)
                0x0000000008000b2c                timer_foreach
 .text.timer_init
                0x0000000008000b54       0x14 /var/folders/28/_tsmhg4172s_wy7vswfkzq9h0000gn/T/arduino_cache_261188/core/core_33a28a35d5be94a4487e04df0719a759.a(timer.c.o)
                0x0000000008000b54                timer_init
 .text.timer_has_cc_channel
                0x0000000008000b68       0x50 /var/folders/28/_tsmhg4172s_wy7vswfkzq9h0000gn/T/arduino_cache_261188/core/core_33a28a35d5be94a4487e04df0719a759.a(timer.c.o)
                0x0000000008000b68                timer_has_cc_channel
 .text.timer_detach_interrupt
                0x0000000008000bb8       0x1e /var/folders/28/_tsmhg4172s_wy7vswfkzq9h0000gn/T/arduino_cache_261188/core/core_33a28a35d5be94a4487e04df0719a759.a(timer.c.o)
                0x0000000008000bb8                timer_detach_interrupt
 .text.input_capture_mode
                0x0000000008000bd6       0x1a /var/folders/28/_tsmhg4172s_wy7vswfkzq9h0000gn/T/arduino_cache_261188/core/core_33a28a35d5be94a4487e04df0719a759.a(timer.c.o)
                0x0000000008000bd6                input_capture_mode
 .text.timer_set_mode
                0x0000000008000bf0       0xcc /var/folders/28/_tsmhg4172s_wy7vswfkzq9h0000gn/T/arduino_cache_261188/core/core_33a28a35d5be94a4487e04df0719a759.a(timer.c.o)
                0x0000000008000bf0                timer_set_mode
 .text.__irq_tim1_brk
                0x0000000008000cbc       0x24 /var/folders/28/_tsmhg4172s_wy7vswfkzq9h0000gn/T/arduino_cache_261188/core/core_33a28a35d5be94a4487e04df0719a759.a(timer.c.o)
                0x0000000008000cbc                __irq_tim1_brk
 .text.__irq_tim1_up
                0x0000000008000ce0       0x24 /var/folders/28/_tsmhg4172s_wy7vswfkzq9h0000gn/T/arduino_cache_261188/core/core_33a28a35d5be94a4487e04df0719a759.a(timer.c.o)
                0x0000000008000ce0                __irq_tim1_up
 .text.__irq_tim1_trg_com
                0x0000000008000d04       0x38 /var/folders/28/_tsmhg4172s_wy7vswfkzq9h0000gn/T/arduino_cache_261188/core/core_33a28a35d5be94a4487e04df0719a759.a(timer.c.o)
                0x0000000008000d04                __irq_tim1_trg_com
 .text.__irq_tim1_cc
                0x0000000008000d3c       0x54 /var/folders/28/_tsmhg4172s_wy7vswfkzq9h0000gn/T/arduino_cache_261188/core/core_33a28a35d5be94a4487e04df0719a759.a(timer.c.o)
                0x0000000008000d3c                __irq_tim1_cc
 .text.__irq_tim2
                0x0000000008000d90       0x70 /var/folders/28/_tsmhg4172s_wy7vswfkzq9h0000gn/T/arduino_cache_261188/core/core_33a28a35d5be94a4487e04df0719a759.a(timer.c.o)
                0x0000000008000d90                __irq_tim2
 .text.__irq_tim3
                0x0000000008000e00       0x70 /var/folders/28/_tsmhg4172s_wy7vswfkzq9h0000gn/T/arduino_cache_261188/core/core_33a28a35d5be94a4487e04df0719a759.a(timer.c.o)
                0x0000000008000e00                __irq_tim3
 .text.__irq_tim4
                0x0000000008000e70       0x70 /var/folders/28/_tsmhg4172s_wy7vswfkzq9h0000gn/T/arduino_cache_261188/core/core_33a28a35d5be94a4487e04df0719a759.a(timer.c.o)
                0x0000000008000e70                __irq_tim4
 .text.rb_remove
                0x0000000008000ee0       0x24 /var/folders/28/_tsmhg4172s_wy7vswfkzq9h0000gn/T/arduino_cache_261188/core/core_33a28a35d5be94a4487e04df0719a759.a(usart_f1.c.o)
 .text.rb_push_insert
                0x0000000008000f04       0x52 /var/folders/28/_tsmhg4172s_wy7vswfkzq9h0000gn/T/arduino_cache_261188/core/core_33a28a35d5be94a4487e04df0719a759.a(usart_f1.c.o)
 *fill*         0x0000000008000f56        0x2 
 .text.__irq_usart1
                0x0000000008000f58       0x54 /var/folders/28/_tsmhg4172s_wy7vswfkzq9h0000gn/T/arduino_cache_261188/core/core_33a28a35d5be94a4487e04df0719a759.a(usart_f1.c.o)
                0x0000000008000f58                __irq_usart1
 .text.__irq_usart2
                0x0000000008000fac       0x54 /var/folders/28/_tsmhg4172s_wy7vswfkzq9h0000gn/T/arduino_cache_261188/core/core_33a28a35d5be94a4487e04df0719a759.a(usart_f1.c.o)
                0x0000000008000fac                __irq_usart2
 .text.__irq_usart3
                0x0000000008001000       0x54 /var/folders/28/_tsmhg4172s_wy7vswfkzq9h0000gn/T/arduino_cache_261188/core/core_33a28a35d5be94a4487e04df0719a759.a(usart_f1.c.o)
                0x0000000008001000                __irq_usart3
 .text.usb_resume
                0x0000000008001054       0xb4 /var/folders/28/_tsmhg4172s_wy7vswfkzq9h0000gn/T/arduino_cache_261188/core/core_33a28a35d5be94a4487e04df0719a759.a(usb.c.o)
 .text.usb_init_usblib
                0x0000000008001108       0x48 /var/folders/28/_tsmhg4172s_wy7vswfkzq9h0000gn/T/arduino_cache_261188/core/core_33a28a35d5be94a4487e04df0719a759.a(usb.c.o)
                0x0000000008001108                usb_init_usblib
 .text.__irq_usb_lp_can_rx0
                0x0000000008001150      0x1f0 /var/folders/28/_tsmhg4172s_wy7vswfkzq9h0000gn/T/arduino_cache_261188/core/core_33a28a35d5be94a4487e04df0719a759.a(usb.c.o)
                0x0000000008001150                __irq_usb_lp_can_rx0
 .text.usb_set_ep_rx_stat
                0x0000000008001340       0x22 /var/folders/28/_tsmhg4172s_wy7vswfkzq9h0000gn/T/arduino_cache_261188/core/core_33a28a35d5be94a4487e04df0719a759.a(usb_cdcacm.c.o)
 *fill*         0x0000000008001362        0x2 
 .text.vcomGetSetLineCoding
                0x0000000008001364       0x18 /var/folders/28/_tsmhg4172s_wy7vswfkzq9h0000gn/T/arduino_cache_261188/core/core_33a28a35d5be94a4487e04df0719a759.a(usb_cdcacm.c.o)
 .text.usbDataSetup
                0x000000000800137c       0x54 /var/folders/28/_tsmhg4172s_wy7vswfkzq9h0000gn/T/arduino_cache_261188/core/core_33a28a35d5be94a4487e04df0719a759.a(usb_cdcacm.c.o)
 .text.usbNoDataSetup
                0x00000000080013d0       0x50 /var/folders/28/_tsmhg4172s_wy7vswfkzq9h0000gn/T/arduino_cache_261188/core/core_33a28a35d5be94a4487e04df0719a759.a(usb_cdcacm.c.o)
 .text.usbGetInterfaceSetting
                0x0000000008001420       0x10 /var/folders/28/_tsmhg4172s_wy7vswfkzq9h0000gn/T/arduino_cache_261188/core/core_33a28a35d5be94a4487e04df0719a759.a(usb_cdcacm.c.o)
 .text.usbSetConfiguration
                0x0000000008001430       0x1c /var/folders/28/_tsmhg4172s_wy7vswfkzq9h0000gn/T/arduino_cache_261188/core/core_33a28a35d5be94a4487e04df0719a759.a(usb_cdcacm.c.o)
 .text.usbSetDeviceAddress
                0x000000000800144c       0x10 /var/folders/28/_tsmhg4172s_wy7vswfkzq9h0000gn/T/arduino_cache_261188/core/core_33a28a35d5be94a4487e04df0719a759.a(usb_cdcacm.c.o)
 .text.usbGetStringDescriptor
                0x000000000800145c       0x20 /var/folders/28/_tsmhg4172s_wy7vswfkzq9h0000gn/T/arduino_cache_261188/core/core_33a28a35d5be94a4487e04df0719a759.a(usb_cdcacm.c.o)
 .text.usbGetConfigDescriptor
                0x000000000800147c        0xc /var/folders/28/_tsmhg4172s_wy7vswfkzq9h0000gn/T/arduino_cache_261188/core/core_33a28a35d5be94a4487e04df0719a759.a(usb_cdcacm.c.o)
 .text.usbGetDeviceDescriptor
                0x0000000008001488        0xc /var/folders/28/_tsmhg4172s_wy7vswfkzq9h0000gn/T/arduino_cache_261188/core/core_33a28a35d5be94a4487e04df0719a759.a(usb_cdcacm.c.o)
 .text.usbInit  0x0000000008001494       0x44 /var/folders/28/_tsmhg4172s_wy7vswfkzq9h0000gn/T/arduino_cache_261188/core/core_33a28a35d5be94a4487e04df0719a759.a(usb_cdcacm.c.o)
 .text.vcomDataTxCb
                0x00000000080014d8       0xa0 /var/folders/28/_tsmhg4172s_wy7vswfkzq9h0000gn/T/arduino_cache_261188/core/core_33a28a35d5be94a4487e04df0719a759.a(usb_cdcacm.c.o)
 .text.usbReset
                0x0000000008001578      0x160 /var/folders/28/_tsmhg4172s_wy7vswfkzq9h0000gn/T/arduino_cache_261188/core/core_33a28a35d5be94a4487e04df0719a759.a(usb_cdcacm.c.o)
 .text.vcomDataRxCb
                0x00000000080016d8       0x7c /var/folders/28/_tsmhg4172s_wy7vswfkzq9h0000gn/T/arduino_cache_261188/core/core_33a28a35d5be94a4487e04df0719a759.a(usb_cdcacm.c.o)
 .text.usb_cdcacm_set_hooks
                0x0000000008001754       0x1c /var/folders/28/_tsmhg4172s_wy7vswfkzq9h0000gn/T/arduino_cache_261188/core/core_33a28a35d5be94a4487e04df0719a759.a(usb_cdcacm.c.o)
                0x0000000008001754                usb_cdcacm_set_hooks
 .text.usb_cdcacm_enable
                0x0000000008001770       0x38 /var/folders/28/_tsmhg4172s_wy7vswfkzq9h0000gn/T/arduino_cache_261188/core/core_33a28a35d5be94a4487e04df0719a759.a(usb_cdcacm.c.o)
                0x0000000008001770                usb_cdcacm_enable
 .text.usb_cdcacm_tx
                0x00000000080017a8       0x60 /var/folders/28/_tsmhg4172s_wy7vswfkzq9h0000gn/T/arduino_cache_261188/core/core_33a28a35d5be94a4487e04df0719a759.a(usb_cdcacm.c.o)
                0x00000000080017a8                usb_cdcacm_tx
 .text.usb_cdcacm_data_available
                0x0000000008001808       0x18 /var/folders/28/_tsmhg4172s_wy7vswfkzq9h0000gn/T/arduino_cache_261188/core/core_33a28a35d5be94a4487e04df0719a759.a(usb_cdcacm.c.o)
                0x0000000008001808                usb_cdcacm_data_available
 .text.usb_cdcacm_peek
                0x0000000008001820       0x38 /var/folders/28/_tsmhg4172s_wy7vswfkzq9h0000gn/T/arduino_cache_261188/core/core_33a28a35d5be94a4487e04df0719a759.a(usb_cdcacm.c.o)
                0x0000000008001820                usb_cdcacm_peek
 .text.usb_cdcacm_rx
                0x0000000008001858       0x34 /var/folders/28/_tsmhg4172s_wy7vswfkzq9h0000gn/T/arduino_cache_261188/core/core_33a28a35d5be94a4487e04df0719a759.a(usb_cdcacm.c.o)
                0x0000000008001858                usb_cdcacm_rx
 .text.usb_cdcacm_peek_ex
                0x000000000800188c       0x40 /var/folders/28/_tsmhg4172s_wy7vswfkzq9h0000gn/T/arduino_cache_261188/core/core_33a28a35d5be94a4487e04df0719a759.a(usb_cdcacm.c.o)
                0x000000000800188c                usb_cdcacm_peek_ex
 .text.usb_cdcacm_get_dtr
                0x00000000080018cc       0x10 /var/folders/28/_tsmhg4172s_wy7vswfkzq9h0000gn/T/arduino_cache_261188/core/core_33a28a35d5be94a4487e04df0719a759.a(usb_cdcacm.c.o)
                0x00000000080018cc                usb_cdcacm_get_dtr
 .text.usb_cdcacm_get_baud
                0x00000000080018dc        0xc /var/folders/28/_tsmhg4172s_wy7vswfkzq9h0000gn/T/arduino_cache_261188/core/core_33a28a35d5be94a4487e04df0719a759.a(usb_cdcacm.c.o)
                0x00000000080018dc                usb_cdcacm_get_baud
 .text.usb_set_ep_rx_count
                0x00000000080018e8       0x40 /var/folders/28/_tsmhg4172s_wy7vswfkzq9h0000gn/T/arduino_cache_261188/core/core_33a28a35d5be94a4487e04df0719a759.a(usb_reg_map.c.o)
                0x00000000080018e8                usb_set_ep_rx_count
 .text.Standard_GetConfiguration
                0x0000000008001928       0x24 /var/folders/28/_tsmhg4172s_wy7vswfkzq9h0000gn/T/arduino_cache_261188/core/core_33a28a35d5be94a4487e04df0719a759.a(usb_core.c.o)
                0x0000000008001928                Standard_GetConfiguration
 .text.Standard_GetInterface
                0x000000000800194c       0x24 /var/folders/28/_tsmhg4172s_wy7vswfkzq9h0000gn/T/arduino_cache_261188/core/core_33a28a35d5be94a4487e04df0719a759.a(usb_core.c.o)
                0x000000000800194c                Standard_GetInterface
 .text.Standard_GetStatus
                0x0000000008001970       0x90 /var/folders/28/_tsmhg4172s_wy7vswfkzq9h0000gn/T/arduino_cache_261188/core/core_33a28a35d5be94a4487e04df0719a759.a(usb_core.c.o)
                0x0000000008001970                Standard_GetStatus
 .text.DataStageIn
                0x0000000008001a00       0xa8 /var/folders/28/_tsmhg4172s_wy7vswfkzq9h0000gn/T/arduino_cache_261188/core/core_33a28a35d5be94a4487e04df0719a759.a(usb_core.c.o)
 .text.Standard_SetConfiguration
                0x0000000008001aa8       0x38 /var/folders/28/_tsmhg4172s_wy7vswfkzq9h0000gn/T/arduino_cache_261188/core/core_33a28a35d5be94a4487e04df0719a759.a(usb_core.c.o)
                0x0000000008001aa8                Standard_SetConfiguration
 .text.Standard_SetInterface
                0x0000000008001ae0       0x48 /var/folders/28/_tsmhg4172s_wy7vswfkzq9h0000gn/T/arduino_cache_261188/core/core_33a28a35d5be94a4487e04df0719a759.a(usb_core.c.o)
                0x0000000008001ae0                Standard_SetInterface
 .text.Standard_ClearFeature
                0x0000000008001b28       0xd0 /var/folders/28/_tsmhg4172s_wy7vswfkzq9h0000gn/T/arduino_cache_261188/core/core_33a28a35d5be94a4487e04df0719a759.a(usb_core.c.o)
                0x0000000008001b28                Standard_ClearFeature
 .text.Standard_SetEndPointFeature
                0x0000000008001bf8       0x84 /var/folders/28/_tsmhg4172s_wy7vswfkzq9h0000gn/T/arduino_cache_261188/core/core_33a28a35d5be94a4487e04df0719a759.a(usb_core.c.o)
                0x0000000008001bf8                Standard_SetEndPointFeature
 .text.Standard_SetDeviceFeature
                0x0000000008001c7c       0x24 /var/folders/28/_tsmhg4172s_wy7vswfkzq9h0000gn/T/arduino_cache_261188/core/core_33a28a35d5be94a4487e04df0719a759.a(usb_core.c.o)
                0x0000000008001c7c                Standard_SetDeviceFeature
 .text.Standard_GetDescriptorData
                0x0000000008001ca0       0x1c /var/folders/28/_tsmhg4172s_wy7vswfkzq9h0000gn/T/arduino_cache_261188/core/core_33a28a35d5be94a4487e04df0719a759.a(usb_core.c.o)
                0x0000000008001ca0                Standard_GetDescriptorData
 .text.Post0_Process
                0x0000000008001cbc       0x40 /var/folders/28/_tsmhg4172s_wy7vswfkzq9h0000gn/T/arduino_cache_261188/core/core_33a28a35d5be94a4487e04df0719a759.a(usb_core.c.o)
                0x0000000008001cbc                Post0_Process
 .text.Setup0_Process
                0x0000000008001cfc      0x2d0 /var/folders/28/_tsmhg4172s_wy7vswfkzq9h0000gn/T/arduino_cache_261188/core/core_33a28a35d5be94a4487e04df0719a759.a(usb_core.c.o)
                0x0000000008001cfc                Setup0_Process
 .text.Out0_Process
                0x0000000008001fcc       0xc8 /var/folders/28/_tsmhg4172s_wy7vswfkzq9h0000gn/T/arduino_cache_261188/core/core_33a28a35d5be94a4487e04df0719a759.a(usb_core.c.o)
                0x0000000008001fcc                Out0_Process
 .text.SetDeviceAddress
                0x0000000008002094       0x38 /var/folders/28/_tsmhg4172s_wy7vswfkzq9h0000gn/T/arduino_cache_261188/core/core_33a28a35d5be94a4487e04df0719a759.a(usb_core.c.o)
                0x0000000008002094                SetDeviceAddress
 .text.In0_Process
                0x00000000080020cc       0x5c /var/folders/28/_tsmhg4172s_wy7vswfkzq9h0000gn/T/arduino_cache_261188/core/core_33a28a35d5be94a4487e04df0719a759.a(usb_core.c.o)
                0x00000000080020cc                In0_Process
 .text.NOP_Process
                0x0000000008002128        0x2 /var/folders/28/_tsmhg4172s_wy7vswfkzq9h0000gn/T/arduino_cache_261188/core/core_33a28a35d5be94a4487e04df0719a759.a(usb_core.c.o)
                0x0000000008002128                NOP_Process
 .text.UserToPMABufferCopy
                0x000000000800212a       0x30 /var/folders/28/_tsmhg4172s_wy7vswfkzq9h0000gn/T/arduino_cache_261188/core/core_33a28a35d5be94a4487e04df0719a759.a(usb_mem.c.o)
                0x000000000800212a                UserToPMABufferCopy
 .text.PMAToUserBufferCopy
                0x000000000800215a       0x24 /var/folders/28/_tsmhg4172s_wy7vswfkzq9h0000gn/T/arduino_cache_261188/core/core_33a28a35d5be94a4487e04df0719a759.a(usb_mem.c.o)
                0x000000000800215a                PMAToUserBufferCopy
 .text.SetEPTxStatus
                0x000000000800217e       0x2a /var/folders/28/_tsmhg4172s_wy7vswfkzq9h0000gn/T/arduino_cache_261188/core/core_33a28a35d5be94a4487e04df0719a759.a(usb_regs.c.o)
                0x000000000800217e                SetEPTxStatus
 .text.ClearDTOG_RX
                0x00000000080021a8       0x20 /var/folders/28/_tsmhg4172s_wy7vswfkzq9h0000gn/T/arduino_cache_261188/core/core_33a28a35d5be94a4487e04df0719a759.a(usb_regs.c.o)
                0x00000000080021a8                ClearDTOG_RX
 .text.ClearDTOG_TX
                0x00000000080021c8       0x20 /var/folders/28/_tsmhg4172s_wy7vswfkzq9h0000gn/T/arduino_cache_261188/core/core_33a28a35d5be94a4487e04df0719a759.a(usb_regs.c.o)
                0x00000000080021c8                ClearDTOG_TX
 .text.GetEPTxAddr
                0x00000000080021e8       0x1c /var/folders/28/_tsmhg4172s_wy7vswfkzq9h0000gn/T/arduino_cache_261188/core/core_33a28a35d5be94a4487e04df0719a759.a(usb_regs.c.o)
                0x00000000080021e8                GetEPTxAddr
 .text.GetEPRxAddr
                0x0000000008002204       0x1c /var/folders/28/_tsmhg4172s_wy7vswfkzq9h0000gn/T/arduino_cache_261188/core/core_33a28a35d5be94a4487e04df0719a759.a(usb_regs.c.o)
                0x0000000008002204                GetEPRxAddr
 .text.SetEPTxCount
                0x0000000008002220       0x1c /var/folders/28/_tsmhg4172s_wy7vswfkzq9h0000gn/T/arduino_cache_261188/core/core_33a28a35d5be94a4487e04df0719a759.a(usb_regs.c.o)
                0x0000000008002220                SetEPTxCount
 .text.SetEPRxCount
                0x000000000800223c       0x40 /var/folders/28/_tsmhg4172s_wy7vswfkzq9h0000gn/T/arduino_cache_261188/core/core_33a28a35d5be94a4487e04df0719a759.a(usb_regs.c.o)
                0x000000000800223c                SetEPRxCount
 .text.usart_putc
                0x000000000800227c       0x1c /var/folders/28/_tsmhg4172s_wy7vswfkzq9h0000gn/T/arduino_cache_261188/core/core_33a28a35d5be94a4487e04df0719a759.a(util.c.o)
 .text.usart_putstr
                0x0000000008002298       0x16 /var/folders/28/_tsmhg4172s_wy7vswfkzq9h0000gn/T/arduino_cache_261188/core/core_33a28a35d5be94a4487e04df0719a759.a(util.c.o)
 *fill*         0x00000000080022ae        0x2 
 .text.throb    0x00000000080022b0       0x4c /var/folders/28/_tsmhg4172s_wy7vswfkzq9h0000gn/T/arduino_cache_261188/core/core_33a28a35d5be94a4487e04df0719a759.a(util.c.o)
                0x00000000080022b0                throb
 .text.__error  0x00000000080022fc       0x14 /var/folders/28/_tsmhg4172s_wy7vswfkzq9h0000gn/T/arduino_cache_261188/core/core_33a28a35d5be94a4487e04df0719a759.a(util.c.o)
                0x00000000080022fc                __error
 .text._fail    0x0000000008002310       0x64 /var/folders/28/_tsmhg4172s_wy7vswfkzq9h0000gn/T/arduino_cache_261188/core/core_33a28a35d5be94a4487e04df0719a759.a(util.c.o)
                0x0000000008002310                _fail
 .text._ZN14HardwareSerial4readEv
                0x0000000008002374       0x4e /var/folders/28/_tsmhg4172s_wy7vswfkzq9h0000gn/T/arduino_cache_261188/core/core_33a28a35d5be94a4487e04df0719a759.a(HardwareSerial.cpp.o)
                0x0000000008002374                HardwareSerial::read()
 .text._ZN14HardwareSerial4peekEv
                0x00000000080023c2       0x22 /var/folders/28/_tsmhg4172s_wy7vswfkzq9h0000gn/T/arduino_cache_261188/core/core_33a28a35d5be94a4487e04df0719a759.a(HardwareSerial.cpp.o)
                0x00000000080023c2                HardwareSerial::peek()
 .text._ZN14HardwareSerial5flushEv
                0x00000000080023e4       0x1a /var/folders/28/_tsmhg4172s_wy7vswfkzq9h0000gn/T/arduino_cache_261188/core/core_33a28a35d5be94a4487e04df0719a759.a(HardwareSerial.cpp.o)
                0x00000000080023e4                HardwareSerial::flush()
 .text._ZN14HardwareSerial5writeEh
                0x00000000080023fe       0x1e /var/folders/28/_tsmhg4172s_wy7vswfkzq9h0000gn/T/arduino_cache_261188/core/core_33a28a35d5be94a4487e04df0719a759.a(HardwareSerial.cpp.o)
                0x00000000080023fe                HardwareSerial::write(unsigned char)
 .text._ZN14HardwareSerial9availableEv
                0x000000000800241c       0x26 /var/folders/28/_tsmhg4172s_wy7vswfkzq9h0000gn/T/arduino_cache_261188/core/core_33a28a35d5be94a4487e04df0719a759.a(HardwareSerial.cpp.o)
                0x000000000800241c                HardwareSerial::available()
 *fill*         0x0000000008002442        0x2 
 .text._ZN14HardwareSerialC2EP9usart_devhh
                0x0000000008002444       0x1c /var/folders/28/_tsmhg4172s_wy7vswfkzq9h0000gn/T/arduino_cache_261188/core/core_33a28a35d5be94a4487e04df0719a759.a(HardwareSerial.cpp.o)
                0x0000000008002444                HardwareSerial::HardwareSerial(usart_dev*, unsigned char, unsigned char)
                0x0000000008002444                HardwareSerial::HardwareSerial(usart_dev*, unsigned char, unsigned char)
 .text._ZN5Print5writeEPKvm
                0x0000000008002460       0x20 /var/folders/28/_tsmhg4172s_wy7vswfkzq9h0000gn/T/arduino_cache_261188/core/core_33a28a35d5be94a4487e04df0719a759.a(Print.cpp.o)
                0x0000000008002460                Print::write(void const*, unsigned long)
 .text._ZN5Print5writeEPKc
                0x0000000008002480       0x1e /var/folders/28/_tsmhg4172s_wy7vswfkzq9h0000gn/T/arduino_cache_261188/core/core_33a28a35d5be94a4487e04df0719a759.a(Print.cpp.o)
                0x0000000008002480                Print::write(char const*)
 .text.startup._Z7premainv
                0x000000000800249e        0x4 /var/folders/28/_tsmhg4172s_wy7vswfkzq9h0000gn/T/arduino_cache_261188/core/core_33a28a35d5be94a4487e04df0719a759.a(main.cpp.o)
                0x000000000800249e                premain()
 .text.startup.main
                0x00000000080024a2        0xc /var/folders/28/_tsmhg4172s_wy7vswfkzq9h0000gn/T/arduino_cache_261188/core/core_33a28a35d5be94a4487e04df0719a759.a(main.cpp.o)
                0x00000000080024a2                main
 *fill*         0x00000000080024ae        0x2 
 .text._Z7pinModeh13WiringPinMode
                0x00000000080024b0       0x9c /var/folders/28/_tsmhg4172s_wy7vswfkzq9h0000gn/T/arduino_cache_261188/core/core_33a28a35d5be94a4487e04df0719a759.a(wirish_digital_f1.cpp.o)
                0x00000000080024b0                pinMode(unsigned char, WiringPinMode)
 .text._ZN9USBSerial9availableEv
                0x000000000800254c        0x4 /var/folders/28/_tsmhg4172s_wy7vswfkzq9h0000gn/T/arduino_cache_261188/core/core_33a28a35d5be94a4487e04df0719a759.a(usb_serial.cpp.o)
                0x000000000800254c                USBSerial::available()
 .text._ZN9USBSerial4peekEv
                0x0000000008002550       0x1e /var/folders/28/_tsmhg4172s_wy7vswfkzq9h0000gn/T/arduino_cache_261188/core/core_33a28a35d5be94a4487e04df0719a759.a(usb_serial.cpp.o)
                0x0000000008002550                USBSerial::peek()
 .text._ZN9USBSerial4readEv
                0x000000000800256e       0x1e /var/folders/28/_tsmhg4172s_wy7vswfkzq9h0000gn/T/arduino_cache_261188/core/core_33a28a35d5be94a4487e04df0719a759.a(usb_serial.cpp.o)
                0x000000000800256e                USBSerial::read()
 .text._ZL14ifaceSetupHookjPv
                0x000000000800258c       0x50 /var/folders/28/_tsmhg4172s_wy7vswfkzq9h0000gn/T/arduino_cache_261188/core/core_33a28a35d5be94a4487e04df0719a759.a(usb_serial.cpp.o)
 .text._ZL6rxHookjPv
                0x00000000080025dc       0xb0 /var/folders/28/_tsmhg4172s_wy7vswfkzq9h0000gn/T/arduino_cache_261188/core/core_33a28a35d5be94a4487e04df0719a759.a(usb_serial.cpp.o)
 .text._ZL10wait_resetv
                0x000000000800268c       0x10 /var/folders/28/_tsmhg4172s_wy7vswfkzq9h0000gn/T/arduino_cache_261188/core/core_33a28a35d5be94a4487e04df0719a759.a(usb_serial.cpp.o)
 .text._ZN9USBSerialC2Ev
                0x000000000800269c       0x14 /var/folders/28/_tsmhg4172s_wy7vswfkzq9h0000gn/T/arduino_cache_261188/core/core_33a28a35d5be94a4487e04df0719a759.a(usb_serial.cpp.o)
                0x000000000800269c                USBSerial::USBSerial()
                0x000000000800269c                USBSerial::USBSerial()
 .text._ZN9USBSerial5beginEv
                0x00000000080026b0       0x34 /var/folders/28/_tsmhg4172s_wy7vswfkzq9h0000gn/T/arduino_cache_261188/core/core_33a28a35d5be94a4487e04df0719a759.a(usb_serial.cpp.o)
                0x00000000080026b0                USBSerial::begin()
 .text._ZN9USBSerial4readEPhm
                0x00000000080026e4       0x1c /var/folders/28/_tsmhg4172s_wy7vswfkzq9h0000gn/T/arduino_cache_261188/core/core_33a28a35d5be94a4487e04df0719a759.a(usb_serial.cpp.o)
                0x00000000080026e4                USBSerial::read(unsigned char*, unsigned long)
 .text._ZN9USBSerial5flushEv
                0x0000000008002700       0x1c /var/folders/28/_tsmhg4172s_wy7vswfkzq9h0000gn/T/arduino_cache_261188/core/core_33a28a35d5be94a4487e04df0719a759.a(usb_serial.cpp.o)
                0x0000000008002700                USBSerial::flush()
 .text._ZN9USBSerialcvbEv
                0x000000000800271c       0x20 /var/folders/28/_tsmhg4172s_wy7vswfkzq9h0000gn/T/arduino_cache_261188/core/core_33a28a35d5be94a4487e04df0719a759.a(usb_serial.cpp.o)
                0x000000000800271c                USBSerial::operator bool()
 .text._ZN9USBSerial5writeEPKhm
                0x000000000800273c       0x24 /var/folders/28/_tsmhg4172s_wy7vswfkzq9h0000gn/T/arduino_cache_261188/core/core_33a28a35d5be94a4487e04df0719a759.a(usb_serial.cpp.o)
                0x000000000800273c                USBSerial::write(unsigned char const*, unsigned long)
 .text._ZN9USBSerial5writeEh
                0x0000000008002760       0x18 /var/folders/28/_tsmhg4172s_wy7vswfkzq9h0000gn/T/arduino_cache_261188/core/core_33a28a35d5be94a4487e04df0719a759.a(usb_serial.cpp.o)
                0x0000000008002760                USBSerial::write(unsigned char)
 .text._ZN9USBSerial5writeEPKc
                0x0000000008002778       0x1a /var/folders/28/_tsmhg4172s_wy7vswfkzq9h0000gn/T/arduino_cache_261188/core/core_33a28a35d5be94a4487e04df0719a759.a(usb_serial.cpp.o)
                0x0000000008002778                USBSerial::write(char const*)
 *fill*         0x0000000008002792        0x2 
 .text.startup._GLOBAL__sub_I__ZN9USBSerial9_hasBegunE
                0x0000000008002794        0xc /var/folders/28/_tsmhg4172s_wy7vswfkzq9h0000gn/T/arduino_cache_261188/core/core_33a28a35d5be94a4487e04df0719a759.a(usb_serial.cpp.o)
 .text._Z12digitalWritehh
                0x00000000080027a0       0x2c /var/folders/28/_tsmhg4172s_wy7vswfkzq9h0000gn/T/arduino_cache_261188/core/core_33a28a35d5be94a4487e04df0719a759.a(wirish_digital.cpp.o)
                0x00000000080027a0                digitalWrite(unsigned char, unsigned char)
 .text._Z5delaym
                0x00000000080027cc       0x1c /var/folders/28/_tsmhg4172s_wy7vswfkzq9h0000gn/T/arduino_cache_261188/core/core_33a28a35d5be94a4487e04df0719a759.a(wirish_time.cpp.o)
                0x00000000080027cc                delay(unsigned long)
 .text.__empty  0x00000000080027e8        0x2 /var/folders/28/_tsmhg4172s_wy7vswfkzq9h0000gn/T/arduino_cache_261188/core/core_33a28a35d5be94a4487e04df0719a759.a(hooks.c.o)
                0x00000000080027e8                yield
 .text.bkp_init
                0x00000000080027ea       0x18 /var/folders/28/_tsmhg4172s_wy7vswfkzq9h0000gn/T/arduino_cache_261188/core/core_33a28a35d5be94a4487e04df0719a759.a(bkp_f1.c.o)
                0x00000000080027ea                bkp_init
 *fill*         0x0000000008002802        0x2 
 .text.bkp_enable_writes
                0x0000000008002804        0xc /var/folders/28/_tsmhg4172s_wy7vswfkzq9h0000gn/T/arduino_cache_261188/core/core_33a28a35d5be94a4487e04df0719a759.a(bkp_f1.c.o)
                0x0000000008002804                bkp_enable_writes
 .text.bkp_disable_writes
                0x0000000008002810        0xc /var/folders/28/_tsmhg4172s_wy7vswfkzq9h0000gn/T/arduino_cache_261188/core/core_33a28a35d5be94a4487e04df0719a759.a(bkp_f1.c.o)
                0x0000000008002810                bkp_disable_writes
 .text.bkp_write
                0x000000000800281c       0x28 /var/folders/28/_tsmhg4172s_wy7vswfkzq9h0000gn/T/arduino_cache_261188/core/core_33a28a35d5be94a4487e04df0719a759.a(bkp_f1.c.o)
                0x000000000800281c                bkp_write
 .text.gpio_init
                0x0000000008002844       0x14 /var/folders/28/_tsmhg4172s_wy7vswfkzq9h0000gn/T/arduino_cache_261188/core/core_33a28a35d5be94a4487e04df0719a759.a(gpio.c.o)
                0x0000000008002844                gpio_init
 .text.i2c_start_condition
                0x0000000008002858       0x14 /var/folders/28/_tsmhg4172s_wy7vswfkzq9h0000gn/T/arduino_cache_261188/core/core_33a28a35d5be94a4487e04df0719a759.a(i2c.c.o)
 .text.i2c_stop_condition
                0x000000000800286c       0x1c /var/folders/28/_tsmhg4172s_wy7vswfkzq9h0000gn/T/arduino_cache_261188/core/core_33a28a35d5be94a4487e04df0719a759.a(i2c.c.o)
 .text._i2c_irq_handler
                0x0000000008002888      0x188 /var/folders/28/_tsmhg4172s_wy7vswfkzq9h0000gn/T/arduino_cache_261188/core/core_33a28a35d5be94a4487e04df0719a759.a(i2c.c.o)
                0x0000000008002888                _i2c_irq_handler
 .text._i2c_irq_error_handler
                0x0000000008002a10       0x2a /var/folders/28/_tsmhg4172s_wy7vswfkzq9h0000gn/T/arduino_cache_261188/core/core_33a28a35d5be94a4487e04df0719a759.a(i2c.c.o)
                0x0000000008002a10                _i2c_irq_error_handler
 *fill*         0x0000000008002a3a        0x2 
 .text.iwdg_init
                0x0000000008002a3c       0x20 /var/folders/28/_tsmhg4172s_wy7vswfkzq9h0000gn/T/arduino_cache_261188/core/core_33a28a35d5be94a4487e04df0719a759.a(iwdg.c.o)
                0x0000000008002a3c                iwdg_init
 .text.usart_tx
                0x0000000008002a5c       0x9c /var/folders/28/_tsmhg4172s_wy7vswfkzq9h0000gn/T/arduino_cache_261188/core/core_33a28a35d5be94a4487e04df0719a759.a(usart.c.o)
                0x0000000008002a5c                usart_tx
 .text.usart_putudec
                0x0000000008002af8       0x44 /var/folders/28/_tsmhg4172s_wy7vswfkzq9h0000gn/T/arduino_cache_261188/core/core_33a28a35d5be94a4487e04df0719a759.a(usart.c.o)
                0x0000000008002af8                usart_putudec
 .text.exit     0x0000000008002b3c       0x20 /Users/paulgallagher/Library/Arduino15/packages/arduino/tools/arm-none-eabi-gcc/4.8.3-2014q1/bin/../lib/gcc/arm-none-eabi/4.8.3/../../../../arm-none-eabi/lib/armv7-m/libc.a(lib_a-exit.o)
                0x0000000008002b3c                exit
 .text.__libc_init_array
                0x0000000008002b5c       0x50 /Users/paulgallagher/Library/Arduino15/packages/arduino/tools/arm-none-eabi-gcc/4.8.3-2014q1/bin/../lib/gcc/arm-none-eabi/4.8.3/../../../../arm-none-eabi/lib/armv7-m/libc.a(lib_a-init.o)
                0x0000000008002b5c                __libc_init_array
 .text.strlen   0x0000000008002bac       0x60 /Users/paulgallagher/Library/Arduino15/packages/arduino/tools/arm-none-eabi-gcc/4.8.3-2014q1/bin/../lib/gcc/arm-none-eabi/4.8.3/../../../../arm-none-eabi/lib/armv7-m/libc.a(lib_a-strlen.o)
                0x0000000008002bac                strlen
 .text.startup.register_fini
                0x0000000008002c0c       0x14 /Users/paulgallagher/Library/Arduino15/packages/arduino/tools/arm-none-eabi-gcc/4.8.3-2014q1/bin/../lib/gcc/arm-none-eabi/4.8.3/../../../../arm-none-eabi/lib/armv7-m/libc.a(lib_a-__call_atexit.o)
 .text.__call_exitprocs
                0x0000000008002c20       0xf0 /Users/paulgallagher/Library/Arduino15/packages/arduino/tools/arm-none-eabi-gcc/4.8.3-2014q1/bin/../lib/gcc/arm-none-eabi/4.8.3/../../../../arm-none-eabi/lib/armv7-m/libc.a(lib_a-__call_atexit.o)
                0x0000000008002c20                __call_exitprocs
 .text.atexit   0x0000000008002d10        0xc /Users/paulgallagher/Library/Arduino15/packages/arduino/tools/arm-none-eabi-gcc/4.8.3-2014q1/bin/../lib/gcc/arm-none-eabi/4.8.3/../../../../arm-none-eabi/lib/armv7-m/libc.a(lib_a-atexit.o)
                0x0000000008002d10                atexit
 .text.__libc_fini_array
                0x0000000008002d1c       0x30 /Users/paulgallagher/Library/Arduino15/packages/arduino/tools/arm-none-eabi-gcc/4.8.3-2014q1/bin/../lib/gcc/arm-none-eabi/4.8.3/../../../../arm-none-eabi/lib/armv7-m/libc.a(lib_a-fini.o)
                0x0000000008002d1c                __libc_fini_array
 .text.__register_exitproc
                0x0000000008002d4c       0xa8 /Users/paulgallagher/Library/Arduino15/packages/arduino/tools/arm-none-eabi-gcc/4.8.3-2014q1/bin/../lib/gcc/arm-none-eabi/4.8.3/../../../../arm-none-eabi/lib/armv7-m/libc.a(lib_a-__atexit.o)
                0x0000000008002d4c                __register_exitproc
 *(.plt)
 *(.gnu.warning)
 *(.glue_7t)
 .glue_7t       0x0000000000000000        0x0 linker stubs
 *(.glue_7)
 .glue_7        0x0000000000000000        0x0 linker stubs
 *(.vfp11_veneer)
 .vfp11_veneer  0x0000000000000000        0x0 linker stubs
 *(.ARM.extab* .gnu.linkonce.armextab.*)
 *(.gcc_except_table)
 *(.eh_frame_hdr)
 *(.eh_frame)
 .eh_frame      0x0000000008002df4        0x0 /Users/paulgallagher/Library/Arduino15/packages/arduino/tools/arm-none-eabi-gcc/4.8.3-2014q1/bin/../lib/gcc/arm-none-eabi/4.8.3/armv7-m/crtbegin.o
                0x0000000008002df4                . = ALIGN (0x4)
 *(.init)
 .init          0x0000000008002df4        0x4 /Users/paulgallagher/Library/Arduino15/packages/arduino/tools/arm-none-eabi-gcc/4.8.3-2014q1/bin/../lib/gcc/arm-none-eabi/4.8.3/armv7-m/crti.o
                0x0000000008002df4                _init
 .init          0x0000000008002df8        0x8 /Users/paulgallagher/Library/Arduino15/packages/arduino/tools/arm-none-eabi-gcc/4.8.3-2014q1/bin/../lib/gcc/arm-none-eabi/4.8.3/armv7-m/crtn.o
                0x0000000008002e00                . = ALIGN (0x4)
                0x0000000008002e00                __preinit_array_start = .
 *(.preinit_array)
                0x0000000008002e00                __preinit_array_end = .
                0x0000000008002e00                . = ALIGN (0x4)
                0x0000000008002e00                __init_array_start = .
 *(SORT(.init_array.*))
 .init_array.00000
                0x0000000008002e00        0x4 /Users/paulgallagher/Library/Arduino15/packages/arduino/tools/arm-none-eabi-gcc/4.8.3-2014q1/bin/../lib/gcc/arm-none-eabi/4.8.3/../../../../arm-none-eabi/lib/armv7-m/libc.a(lib_a-__call_atexit.o)
 .init_array.00101
                0x0000000008002e04        0x4 /var/folders/28/_tsmhg4172s_wy7vswfkzq9h0000gn/T/arduino_cache_261188/core/core_33a28a35d5be94a4487e04df0719a759.a(main.cpp.o)
 *(.init_array)
 .init_array    0x0000000008002e08        0x4 /Users/paulgallagher/Library/Arduino15/packages/arduino/tools/arm-none-eabi-gcc/4.8.3-2014q1/bin/../lib/gcc/arm-none-eabi/4.8.3/armv7-m/crtbegin.o
 .init_array    0x0000000008002e0c        0x4 /var/folders/28/_tsmhg4172s_wy7vswfkzq9h0000gn/T/arduino_build_279421/core/board.cpp.o
 .init_array    0x0000000008002e10        0x4 /var/folders/28/_tsmhg4172s_wy7vswfkzq9h0000gn/T/arduino_cache_261188/core/core_33a28a35d5be94a4487e04df0719a759.a(usb_serial.cpp.o)
                0x0000000008002e14                __init_array_end = .
                0x0000000008002e14                . = ALIGN (0x4)
 *crtbegin.o(.ctors)
 *(EXCLUDE_FILE(*crtend.o) .ctors)
 *(SORT(.ctors.*))
 *crtend.o(.ctors)
                0x0000000008002e14                . = ALIGN (0x4)
 *(.fini)
 .fini          0x0000000008002e14        0x4 /Users/paulgallagher/Library/Arduino15/packages/arduino/tools/arm-none-eabi-gcc/4.8.3-2014q1/bin/../lib/gcc/arm-none-eabi/4.8.3/armv7-m/crti.o
                0x0000000008002e14                _fini
 .fini          0x0000000008002e18        0x8 /Users/paulgallagher/Library/Arduino15/packages/arduino/tools/arm-none-eabi-gcc/4.8.3-2014q1/bin/../lib/gcc/arm-none-eabi/4.8.3/armv7-m/crtn.o
                0x0000000008002e20                . = ALIGN (0x4)
                0x0000000008002e20                __fini_array_start = .
 *(.fini_array)
 .fini_array    0x0000000008002e20        0x4 /Users/paulgallagher/Library/Arduino15/packages/arduino/tools/arm-none-eabi-gcc/4.8.3-2014q1/bin/../lib/gcc/arm-none-eabi/4.8.3/armv7-m/crtbegin.o
 *(SORT(.fini_array.*))
                0x0000000008002e24                __fini_array_end = .
 *crtbegin.o(.dtors)
 *(EXCLUDE_FILE(*crtend.o) .dtors)
 *(SORT(.dtors.*))
 *crtend.o(.dtors)

.v4_bx          0x0000000008002e24        0x0
 .v4_bx         0x0000000000000000        0x0 linker stubs

.iplt           0x0000000008002e24        0x0
 .iplt          0x0000000000000000        0x0 /Users/paulgallagher/Library/Arduino15/packages/arduino/tools/arm-none-eabi-gcc/4.8.3-2014q1/bin/../lib/gcc/arm-none-eabi/4.8.3/armv7-m/crtbegin.o

.text.align     0x0000000008002e24        0x4
                0x0000000008002e28                . = ALIGN (0x8)
 *fill*         0x0000000008002e24        0x4 
                0x0000000008002e28                __text_end__ = .
                0x0000000008002e28                __exidx_start = .

.ARM.exidx      0x0000000008002e28        0x8
 *(.ARM.exidx* .gnu.linkonce.armexidx.*)
 .ARM.exidx     0x0000000008002e28        0x8 /var/folders/28/_tsmhg4172s_wy7vswfkzq9h0000gn/T/arduino_build_279421/core/wirish/start.S.o
                0x0000000008002e30                __exidx_end = .

.data           0x0000000020000000      0x868 load address 0x0000000008002e30
                0x0000000020000000                __data_start__ = .
                0x0000000020000000        0x4 LONG 0x0
                0x0000000020000008                . = ALIGN (0x8)
 *fill*         0x0000000020000004        0x4 
 *(.got.plt)
 *(.got)
 *(.data .data.* .gnu.linkonce.d.*)
 .data.global_counter
                0x0000000020000008        0x4 /var/folders/28/_tsmhg4172s_wy7vswfkzq9h0000gn/T/arduino_build_279421/sketch/DebugWithStlink.ino.cpp.o
                0x0000000020000008                global_counter
 .data._ZN6wirish4privL8pll_dataE
                0x000000002000000c        0x4 /var/folders/28/_tsmhg4172s_wy7vswfkzq9h0000gn/T/arduino_build_279421/core/wirish/boards_setup.cpp.o
 .data._ZN6wirish4priv9w_adc_smpE
                0x0000000020000010        0x1 /var/folders/28/_tsmhg4172s_wy7vswfkzq9h0000gn/T/arduino_build_279421/core/wirish/boards_setup.cpp.o
                0x0000000020000010                wirish::priv::w_adc_smp
 *fill*         0x0000000020000011        0x1 
 .data._ZN6wirish4priv9w_adc_preE
                0x0000000020000012        0x2 /var/folders/28/_tsmhg4172s_wy7vswfkzq9h0000gn/T/arduino_build_279421/core/wirish/boards_setup.cpp.o
                0x0000000020000012                wirish::priv::w_adc_pre
 .data._ZN6wirish4priv15w_board_pll_cfgE
                0x0000000020000014        0x8 /var/folders/28/_tsmhg4172s_wy7vswfkzq9h0000gn/T/arduino_build_279421/core/wirish/boards_setup.cpp.o
                0x0000000020000014                wirish::priv::w_board_pll_cfg
 .data.adc2     0x000000002000001c        0x8 /var/folders/28/_tsmhg4172s_wy7vswfkzq9h0000gn/T/arduino_cache_261188/core/core_33a28a35d5be94a4487e04df0719a759.a(adc_f1.c.o)
                0x000000002000001c                adc2
 .data.adc1     0x0000000020000024       0x18 /var/folders/28/_tsmhg4172s_wy7vswfkzq9h0000gn/T/arduino_cache_261188/core/core_33a28a35d5be94a4487e04df0719a759.a(adc_f1.c.o)
                0x0000000020000024                adc1
 .data.ADC2     0x000000002000003c        0x4 /var/folders/28/_tsmhg4172s_wy7vswfkzq9h0000gn/T/arduino_cache_261188/core/core_33a28a35d5be94a4487e04df0719a759.a(adc_f1.c.o)
                0x000000002000003c                ADC2
 .data.ADC1     0x0000000020000040        0x4 /var/folders/28/_tsmhg4172s_wy7vswfkzq9h0000gn/T/arduino_cache_261188/core/core_33a28a35d5be94a4487e04df0719a759.a(adc_f1.c.o)
                0x0000000020000040                ADC1
 .data.dma1     0x0000000020000044       0x40 /var/folders/28/_tsmhg4172s_wy7vswfkzq9h0000gn/T/arduino_cache_261188/core/core_33a28a35d5be94a4487e04df0719a759.a(dma_f1.c.o)
 .data.DMA1     0x0000000020000084        0x4 /var/folders/28/_tsmhg4172s_wy7vswfkzq9h0000gn/T/arduino_cache_261188/core/core_33a28a35d5be94a4487e04df0719a759.a(dma_f1.c.o)
                0x0000000020000084                DMA1
 .data.gpioa    0x0000000020000088        0x8 /var/folders/28/_tsmhg4172s_wy7vswfkzq9h0000gn/T/arduino_cache_261188/core/core_33a28a35d5be94a4487e04df0719a759.a(gpio_f1.c.o)
                0x0000000020000088                gpioa
 .data.gpiob    0x0000000020000090        0x8 /var/folders/28/_tsmhg4172s_wy7vswfkzq9h0000gn/T/arduino_cache_261188/core/core_33a28a35d5be94a4487e04df0719a759.a(gpio_f1.c.o)
                0x0000000020000090                gpiob
 .data.gpioc    0x0000000020000098        0x8 /var/folders/28/_tsmhg4172s_wy7vswfkzq9h0000gn/T/arduino_cache_261188/core/core_33a28a35d5be94a4487e04df0719a759.a(gpio_f1.c.o)
                0x0000000020000098                gpioc
 .data.gpiod    0x00000000200000a0        0x8 /var/folders/28/_tsmhg4172s_wy7vswfkzq9h0000gn/T/arduino_cache_261188/core/core_33a28a35d5be94a4487e04df0719a759.a(gpio_f1.c.o)
                0x00000000200000a0                gpiod
 .data.i2c1     0x00000000200000a8       0x24 /var/folders/28/_tsmhg4172s_wy7vswfkzq9h0000gn/T/arduino_cache_261188/core/core_33a28a35d5be94a4487e04df0719a759.a(i2c_f1.c.o)
 .data.i2c2     0x00000000200000cc       0x24 /var/folders/28/_tsmhg4172s_wy7vswfkzq9h0000gn/T/arduino_cache_261188/core/core_33a28a35d5be94a4487e04df0719a759.a(i2c_f1.c.o)
 .data.enable_regs.4411
                0x00000000200000f0        0xc /var/folders/28/_tsmhg4172s_wy7vswfkzq9h0000gn/T/arduino_cache_261188/core/core_33a28a35d5be94a4487e04df0719a759.a(rcc_f1.c.o)
 .data.reset_regs.4415
                0x00000000200000fc        0x8 /var/folders/28/_tsmhg4172s_wy7vswfkzq9h0000gn/T/arduino_cache_261188/core/core_33a28a35d5be94a4487e04df0719a759.a(rcc_f1.c.o)
 .data.enable_regs.4424
                0x0000000020000104        0xc /var/folders/28/_tsmhg4172s_wy7vswfkzq9h0000gn/T/arduino_cache_261188/core/core_33a28a35d5be94a4487e04df0719a759.a(rcc_f1.c.o)
 .data.timer3   0x0000000020000110       0x24 /var/folders/28/_tsmhg4172s_wy7vswfkzq9h0000gn/T/arduino_cache_261188/core/core_33a28a35d5be94a4487e04df0719a759.a(timer.c.o)
                0x0000000020000110                timer3
 .data.timer4   0x0000000020000134       0x24 /var/folders/28/_tsmhg4172s_wy7vswfkzq9h0000gn/T/arduino_cache_261188/core/core_33a28a35d5be94a4487e04df0719a759.a(timer.c.o)
                0x0000000020000134                timer4
 .data.timer1   0x0000000020000158       0x28 /var/folders/28/_tsmhg4172s_wy7vswfkzq9h0000gn/T/arduino_cache_261188/core/core_33a28a35d5be94a4487e04df0719a759.a(timer.c.o)
                0x0000000020000158                timer1
 .data.timer2   0x0000000020000180       0x24 /var/folders/28/_tsmhg4172s_wy7vswfkzq9h0000gn/T/arduino_cache_261188/core/core_33a28a35d5be94a4487e04df0719a759.a(timer.c.o)
                0x0000000020000180                timer2
 .data.USART1   0x00000000200001a4        0x4 /var/folders/28/_tsmhg4172s_wy7vswfkzq9h0000gn/T/arduino_cache_261188/core/core_33a28a35d5be94a4487e04df0719a759.a(usart_f1.c.o)
                0x00000000200001a4                USART1
 .data.USART2   0x00000000200001a8        0x4 /var/folders/28/_tsmhg4172s_wy7vswfkzq9h0000gn/T/arduino_cache_261188/core/core_33a28a35d5be94a4487e04df0719a759.a(usart_f1.c.o)
                0x00000000200001a8                USART2
 .data.USART3   0x00000000200001ac        0x4 /var/folders/28/_tsmhg4172s_wy7vswfkzq9h0000gn/T/arduino_cache_261188/core/core_33a28a35d5be94a4487e04df0719a759.a(usart_f1.c.o)
                0x00000000200001ac                USART3
 .data.usart1   0x00000000200001b0       0x94 /var/folders/28/_tsmhg4172s_wy7vswfkzq9h0000gn/T/arduino_cache_261188/core/core_33a28a35d5be94a4487e04df0719a759.a(usart_f1.c.o)
 .data.usart2   0x0000000020000244       0x94 /var/folders/28/_tsmhg4172s_wy7vswfkzq9h0000gn/T/arduino_cache_261188/core/core_33a28a35d5be94a4487e04df0719a759.a(usart_f1.c.o)
 .data.usart3   0x00000000200002d8       0x94 /var/folders/28/_tsmhg4172s_wy7vswfkzq9h0000gn/T/arduino_cache_261188/core/core_33a28a35d5be94a4487e04df0719a759.a(usart_f1.c.o)
 .data.USBLIB   0x000000002000036c        0x4 /var/folders/28/_tsmhg4172s_wy7vswfkzq9h0000gn/T/arduino_cache_261188/core/core_33a28a35d5be94a4487e04df0719a759.a(usb.c.o)
                0x000000002000036c                USBLIB
 .data.usblib   0x0000000020000370       0x10 /var/folders/28/_tsmhg4172s_wy7vswfkzq9h0000gn/T/arduino_cache_261188/core/core_33a28a35d5be94a4487e04df0719a759.a(usb.c.o)
 .data.Config_Descriptor
                0x0000000020000380        0x8 /var/folders/28/_tsmhg4172s_wy7vswfkzq9h0000gn/T/arduino_cache_261188/core/core_33a28a35d5be94a4487e04df0719a759.a(usb_cdcacm.c.o)
 .data.Device_Property
                0x0000000020000388       0x30 /var/folders/28/_tsmhg4172s_wy7vswfkzq9h0000gn/T/arduino_cache_261188/core/core_33a28a35d5be94a4487e04df0719a759.a(usb_cdcacm.c.o)
                0x0000000020000388                Device_Property
 .data.ep_int_in
                0x00000000200003b8       0x1c /var/folders/28/_tsmhg4172s_wy7vswfkzq9h0000gn/T/arduino_cache_261188/core/core_33a28a35d5be94a4487e04df0719a759.a(usb_cdcacm.c.o)
 .data.String_Descriptor
                0x00000000200003d4       0x18 /var/folders/28/_tsmhg4172s_wy7vswfkzq9h0000gn/T/arduino_cache_261188/core/core_33a28a35d5be94a4487e04df0719a759.a(usb_cdcacm.c.o)
 .data.ep_int_out
                0x00000000200003ec       0x1c /var/folders/28/_tsmhg4172s_wy7vswfkzq9h0000gn/T/arduino_cache_261188/core/core_33a28a35d5be94a4487e04df0719a759.a(usb_cdcacm.c.o)
 .data.line_coding
                0x0000000020000408        0x7 /var/folders/28/_tsmhg4172s_wy7vswfkzq9h0000gn/T/arduino_cache_261188/core/core_33a28a35d5be94a4487e04df0719a759.a(usb_cdcacm.c.o)
 *fill*         0x000000002000040f        0x1 
 .data.User_Standard_Requests
                0x0000000020000410       0x24 /var/folders/28/_tsmhg4172s_wy7vswfkzq9h0000gn/T/arduino_cache_261188/core/core_33a28a35d5be94a4487e04df0719a759.a(usb_cdcacm.c.o)
                0x0000000020000410                User_Standard_Requests
 .data.Device_Descriptor
                0x0000000020000434        0x8 /var/folders/28/_tsmhg4172s_wy7vswfkzq9h0000gn/T/arduino_cache_261188/core/core_33a28a35d5be94a4487e04df0719a759.a(usb_cdcacm.c.o)
 .data.Device_Table
                0x000000002000043c        0x2 /var/folders/28/_tsmhg4172s_wy7vswfkzq9h0000gn/T/arduino_cache_261188/core/core_33a28a35d5be94a4487e04df0719a759.a(usb_cdcacm.c.o)
                0x000000002000043c                Device_Table
 *fill*         0x000000002000043e        0x2 
 .data.impure_data
                0x0000000020000440      0x428 /Users/paulgallagher/Library/Arduino15/packages/arduino/tools/arm-none-eabi-gcc/4.8.3-2014q1/bin/../lib/gcc/arm-none-eabi/4.8.3/../../../../arm-none-eabi/lib/armv7-m/libc.a(lib_a-impure.o)
                0x0000000020000868                . = ALIGN (0x8)
                0x0000000020000868                __data_end__ = .

.jcr            0x0000000020000868        0x0 load address 0x0000000008003698
 .jcr           0x0000000020000868        0x0 /Users/paulgallagher/Library/Arduino15/packages/arduino/tools/arm-none-eabi-gcc/4.8.3-2014q1/bin/../lib/gcc/arm-none-eabi/4.8.3/armv7-m/crtbegin.o

.igot.plt       0x0000000020000868        0x0 load address 0x0000000008003698
 .igot.plt      0x0000000000000000        0x0 /Users/paulgallagher/Library/Arduino15/packages/arduino/tools/arm-none-eabi-gcc/4.8.3-2014q1/bin/../lib/gcc/arm-none-eabi/4.8.3/armv7-m/crtbegin.o

.rodata         0x0000000008003698      0x800
 *(.rodata .rodata.* .gnu.linkonce.r.*)
 .rodata.PIN_MAP
                0x0000000008003698      0x230 /var/folders/28/_tsmhg4172s_wy7vswfkzq9h0000gn/T/arduino_build_279421/core/board.cpp.o
                0x0000000008003698                PIN_MAP
 .rodata.GPIOC  0x00000000080038c8        0x4 /var/folders/28/_tsmhg4172s_wy7vswfkzq9h0000gn/T/arduino_cache_261188/core/core_33a28a35d5be94a4487e04df0719a759.a(gpio_f1.c.o)
                0x00000000080038c8                GPIOC
 .rodata.str1.1
                0x00000000080038cc       0xca /var/folders/28/_tsmhg4172s_wy7vswfkzq9h0000gn/T/arduino_cache_261188/core/core_33a28a35d5be94a4487e04df0719a759.a(rcc_f1.c.o)
 .rodata.rcc_dev_table
                0x0000000008003996       0x5c /var/folders/28/_tsmhg4172s_wy7vswfkzq9h0000gn/T/arduino_cache_261188/core/core_33a28a35d5be94a4487e04df0719a759.a(rcc_f1.c.o)
                0x0000000008003996                rcc_dev_table
 *fill*         0x00000000080039f2        0x2 
 .rodata.masks.4420
                0x00000000080039f4       0x14 /var/folders/28/_tsmhg4172s_wy7vswfkzq9h0000gn/T/arduino_cache_261188/core/core_33a28a35d5be94a4487e04df0719a759.a(rcc_f1.c.o)
 .rodata.str1.1
                0x0000000008003a08       0xcb /var/folders/28/_tsmhg4172s_wy7vswfkzq9h0000gn/T/arduino_cache_261188/core/core_33a28a35d5be94a4487e04df0719a759.a(timer.c.o)
 .rodata.str1.1
                0x0000000008003ad3       0x91 /var/folders/28/_tsmhg4172s_wy7vswfkzq9h0000gn/T/arduino_cache_261188/core/core_33a28a35d5be94a4487e04df0719a759.a(usb.c.o)
 .rodata.usbVcomDescriptor_iProduct
                0x0000000008003b64        0xc /var/folders/28/_tsmhg4172s_wy7vswfkzq9h0000gn/T/arduino_cache_261188/core/core_33a28a35d5be94a4487e04df0719a759.a(usb_cdcacm.c.o)
 .rodata.usbVcomDescriptor_iManufacturer
                0x0000000008003b70       0x12 /var/folders/28/_tsmhg4172s_wy7vswfkzq9h0000gn/T/arduino_cache_261188/core/core_33a28a35d5be94a4487e04df0719a759.a(usb_cdcacm.c.o)
 .rodata.usbVcomDescriptor_Device
                0x0000000008003b82       0x12 /var/folders/28/_tsmhg4172s_wy7vswfkzq9h0000gn/T/arduino_cache_261188/core/core_33a28a35d5be94a4487e04df0719a759.a(usb_cdcacm.c.o)
 .rodata.usbVcomDescriptor_Config
                0x0000000008003b94       0x43 /var/folders/28/_tsmhg4172s_wy7vswfkzq9h0000gn/T/arduino_cache_261188/core/core_33a28a35d5be94a4487e04df0719a759.a(usb_cdcacm.c.o)
 .rodata.usbVcomDescriptor_LangID
                0x0000000008003bd7        0x4 /var/folders/28/_tsmhg4172s_wy7vswfkzq9h0000gn/T/arduino_cache_261188/core/core_33a28a35d5be94a4487e04df0719a759.a(usb_cdcacm.c.o)
 .rodata.str1.1
                0x0000000008003bdb       0x3f /var/folders/28/_tsmhg4172s_wy7vswfkzq9h0000gn/T/arduino_cache_261188/core/core_33a28a35d5be94a4487e04df0719a759.a(util.c.o)
                                         0x42 (size before relaxing)
 *fill*         0x0000000008003c1a        0x6 
 .rodata._ZTV14HardwareSerial
                0x0000000008003c20       0x28 /var/folders/28/_tsmhg4172s_wy7vswfkzq9h0000gn/T/arduino_cache_261188/core/core_33a28a35d5be94a4487e04df0719a759.a(HardwareSerial.cpp.o)
                0x0000000008003c20                vtable for HardwareSerial
 .rodata.str1.1
                0x0000000008003c48       0x80 /var/folders/28/_tsmhg4172s_wy7vswfkzq9h0000gn/T/arduino_cache_261188/core/core_33a28a35d5be94a4487e04df0719a759.a(wirish_digital_f1.cpp.o)
                                         0x82 (size before relaxing)
 .rodata.str1.1
                0x0000000008003cc8       0x71 /var/folders/28/_tsmhg4172s_wy7vswfkzq9h0000gn/T/arduino_cache_261188/core/core_33a28a35d5be94a4487e04df0719a759.a(usb_serial.cpp.o)
                                         0x73 (size before relaxing)
 *fill*         0x0000000008003d39        0x7 
 .rodata._ZTV9USBSerial
                0x0000000008003d40       0x28 /var/folders/28/_tsmhg4172s_wy7vswfkzq9h0000gn/T/arduino_cache_261188/core/core_33a28a35d5be94a4487e04df0719a759.a(usb_serial.cpp.o)
                0x0000000008003d40                vtable for USBSerial
 .rodata.str1.1
                0x0000000008003d68       0x74 /var/folders/28/_tsmhg4172s_wy7vswfkzq9h0000gn/T/arduino_cache_261188/core/core_33a28a35d5be94a4487e04df0719a759.a(bkp_f1.c.o)
                                         0x76 (size before relaxing)
 .rodata.str1.1
                0x0000000008003ddc       0xad /var/folders/28/_tsmhg4172s_wy7vswfkzq9h0000gn/T/arduino_cache_261188/core/core_33a28a35d5be94a4487e04df0719a759.a(i2c.c.o)
                                         0xaf (size before relaxing)
 *fill*         0x0000000008003e89        0x3 
 .rodata.str1.4
                0x0000000008003e8c        0x4 /Users/paulgallagher/Library/Arduino15/packages/arduino/tools/arm-none-eabi-gcc/4.8.3-2014q1/bin/../lib/gcc/arm-none-eabi/4.8.3/../../../../arm-none-eabi/lib/armv7-m/libc.a(lib_a-impure.o)
 .rodata._global_impure_ptr
                0x0000000008003e90        0x4 /Users/paulgallagher/Library/Arduino15/packages/arduino/tools/arm-none-eabi-gcc/4.8.3-2014q1/bin/../lib/gcc/arm-none-eabi/4.8.3/../../../../arm-none-eabi/lib/armv7-m/libc.a(lib_a-impure.o)
                0x0000000008003e90                _global_impure_ptr
 *(.USER_FLASH)
                0x0000000008003e94                . = ALIGN (0x4)
                0x0000000008003e94                _lm_rom_img_cfgp = .
                0x0000000008003e94        0x4 LONG 0x8002e30 LOADADDR (.data)
                0x0000000020000c18                _lm_heap_start = DEFINED (_lm_heap_start)?_lm_heap_start:_end
                0x0000000020005000                _lm_heap_end = DEFINED (_lm_heap_end)?_lm_heap_end:__msp_init

.rel.dyn        0x0000000008003e98        0x0
 .rel.iplt      0x0000000000000000        0x0 /Users/paulgallagher/Library/Arduino15/packages/arduino/tools/arm-none-eabi-gcc/4.8.3-2014q1/bin/../lib/gcc/arm-none-eabi/4.8.3/armv7-m/crtbegin.o

.bss            0x0000000020000868      0x3b0
                0x0000000020000868                . = ALIGN (0x8)
                0x0000000020000868                __bss_start__ = .
 *(.bss .bss.* .gnu.linkonce.b.*)
 .bss           0x0000000020000868       0x1c /Users/paulgallagher/Library/Arduino15/packages/arduino/tools/arm-none-eabi-gcc/4.8.3-2014q1/bin/../lib/gcc/arm-none-eabi/4.8.3/armv7-m/crtbegin.o
 .bss._ZZ4loopvE6output
                0x0000000020000884        0x1 /var/folders/28/_tsmhg4172s_wy7vswfkzq9h0000gn/T/arduino_build_279421/sketch/DebugWithStlink.ino.cpp.o
 *fill*         0x0000000020000885        0x3 
 .bss.Serial1   0x0000000020000888       0x18 /var/folders/28/_tsmhg4172s_wy7vswfkzq9h0000gn/T/arduino_build_279421/core/board.cpp.o
                0x0000000020000888                Serial1
 .bss.Serial2   0x00000000200008a0       0x18 /var/folders/28/_tsmhg4172s_wy7vswfkzq9h0000gn/T/arduino_build_279421/core/board.cpp.o
                0x00000000200008a0                Serial2
 .bss.Serial3   0x00000000200008b8       0x18 /var/folders/28/_tsmhg4172s_wy7vswfkzq9h0000gn/T/arduino_build_279421/core/board.cpp.o
                0x00000000200008b8                Serial3
 .bss.exti_channels
                0x00000000200008d0       0x80 /var/folders/28/_tsmhg4172s_wy7vswfkzq9h0000gn/T/arduino_cache_261188/core/core_33a28a35d5be94a4487e04df0719a759.a(exti.c.o)
 .bss.systick_user_callback
                0x0000000020000950        0x4 /var/folders/28/_tsmhg4172s_wy7vswfkzq9h0000gn/T/arduino_cache_261188/core/core_33a28a35d5be94a4487e04df0719a759.a(systick.c.o)
 .bss.usart1_wb
                0x0000000020000954        0xc /var/folders/28/_tsmhg4172s_wy7vswfkzq9h0000gn/T/arduino_cache_261188/core/core_33a28a35d5be94a4487e04df0719a759.a(usart_f1.c.o)
 .bss.usart1_rb
                0x0000000020000960        0xc /var/folders/28/_tsmhg4172s_wy7vswfkzq9h0000gn/T/arduino_cache_261188/core/core_33a28a35d5be94a4487e04df0719a759.a(usart_f1.c.o)
 .bss.usart2_rb
                0x000000002000096c        0xc /var/folders/28/_tsmhg4172s_wy7vswfkzq9h0000gn/T/arduino_cache_261188/core/core_33a28a35d5be94a4487e04df0719a759.a(usart_f1.c.o)
 .bss.usart3_rb
                0x0000000020000978        0xc /var/folders/28/_tsmhg4172s_wy7vswfkzq9h0000gn/T/arduino_cache_261188/core/core_33a28a35d5be94a4487e04df0719a759.a(usart_f1.c.o)
 .bss.usart2_wb
                0x0000000020000984        0xc /var/folders/28/_tsmhg4172s_wy7vswfkzq9h0000gn/T/arduino_cache_261188/core/core_33a28a35d5be94a4487e04df0719a759.a(usart_f1.c.o)
 .bss.usart3_wb
                0x0000000020000990        0xc /var/folders/28/_tsmhg4172s_wy7vswfkzq9h0000gn/T/arduino_cache_261188/core/core_33a28a35d5be94a4487e04df0719a759.a(usart_f1.c.o)
 .bss.line_dtr_rts
                0x000000002000099c        0x1 /var/folders/28/_tsmhg4172s_wy7vswfkzq9h0000gn/T/arduino_cache_261188/core/core_33a28a35d5be94a4487e04df0719a759.a(usb_cdcacm.c.o)
 .bss.vcomBufferTx
                0x000000002000099d      0x100 /var/folders/28/_tsmhg4172s_wy7vswfkzq9h0000gn/T/arduino_cache_261188/core/core_33a28a35d5be94a4487e04df0719a759.a(usb_cdcacm.c.o)
 *fill*         0x0000000020000a9d        0x3 
 .bss.tx_head   0x0000000020000aa0        0x4 /var/folders/28/_tsmhg4172s_wy7vswfkzq9h0000gn/T/arduino_cache_261188/core/core_33a28a35d5be94a4487e04df0719a759.a(usb_cdcacm.c.o)
 .bss.rx_hook   0x0000000020000aa4        0x4 /var/folders/28/_tsmhg4172s_wy7vswfkzq9h0000gn/T/arduino_cache_261188/core/core_33a28a35d5be94a4487e04df0719a759.a(usb_cdcacm.c.o)
 .bss.vcomBufferRx
                0x0000000020000aa8      0x100 /var/folders/28/_tsmhg4172s_wy7vswfkzq9h0000gn/T/arduino_cache_261188/core/core_33a28a35d5be94a4487e04df0719a759.a(usb_cdcacm.c.o)
 .bss.transmitting
                0x0000000020000ba8        0x1 /var/folders/28/_tsmhg4172s_wy7vswfkzq9h0000gn/T/arduino_cache_261188/core/core_33a28a35d5be94a4487e04df0719a759.a(usb_cdcacm.c.o)
 *fill*         0x0000000020000ba9        0x3 
 .bss.rx_tail   0x0000000020000bac        0x4 /var/folders/28/_tsmhg4172s_wy7vswfkzq9h0000gn/T/arduino_cache_261188/core/core_33a28a35d5be94a4487e04df0719a759.a(usb_cdcacm.c.o)
 .bss.iface_setup_hook
                0x0000000020000bb0        0x4 /var/folders/28/_tsmhg4172s_wy7vswfkzq9h0000gn/T/arduino_cache_261188/core/core_33a28a35d5be94a4487e04df0719a759.a(usb_cdcacm.c.o)
 .bss.rx_head   0x0000000020000bb4        0x4 /var/folders/28/_tsmhg4172s_wy7vswfkzq9h0000gn/T/arduino_cache_261188/core/core_33a28a35d5be94a4487e04df0719a759.a(usb_cdcacm.c.o)
 .bss.tx_tail   0x0000000020000bb8        0x4 /var/folders/28/_tsmhg4172s_wy7vswfkzq9h0000gn/T/arduino_cache_261188/core/core_33a28a35d5be94a4487e04df0719a759.a(usb_cdcacm.c.o)
 .bss.Data_Mul_MaxPacketSize
                0x0000000020000bbc        0x1 /var/folders/28/_tsmhg4172s_wy7vswfkzq9h0000gn/T/arduino_cache_261188/core/core_33a28a35d5be94a4487e04df0719a759.a(usb_core.c.o)
                0x0000000020000bbc                Data_Mul_MaxPacketSize
 .bss._ZN9USBSerial9_hasBegunE
                0x0000000020000bbd        0x1 /var/folders/28/_tsmhg4172s_wy7vswfkzq9h0000gn/T/arduino_cache_261188/core/core_33a28a35d5be94a4487e04df0719a759.a(usb_serial.cpp.o)
                0x0000000020000bbd                USBSerial::_hasBegun
 *fill*         0x0000000020000bbe        0x2 
 .bss.Serial    0x0000000020000bc0       0x10 /var/folders/28/_tsmhg4172s_wy7vswfkzq9h0000gn/T/arduino_cache_261188/core/core_33a28a35d5be94a4487e04df0719a759.a(usb_serial.cpp.o)
                0x0000000020000bc0                Serial
 .bss._ZL11reset_state
                0x0000000020000bd0        0x1 /var/folders/28/_tsmhg4172s_wy7vswfkzq9h0000gn/T/arduino_cache_261188/core/core_33a28a35d5be94a4487e04df0719a759.a(usb_serial.cpp.o)
 *(COMMON)
 *fill*         0x0000000020000bd1        0x3 
 COMMON         0x0000000020000bd4        0x4 /var/folders/28/_tsmhg4172s_wy7vswfkzq9h0000gn/T/arduino_cache_261188/core/core_33a28a35d5be94a4487e04df0719a759.a(systick.c.o)
                0x0000000020000bd4                systick_uptime_millis
 COMMON         0x0000000020000bd8        0x6 /var/folders/28/_tsmhg4172s_wy7vswfkzq9h0000gn/T/arduino_cache_261188/core/core_33a28a35d5be94a4487e04df0719a759.a(usb.c.o)
                0x0000000020000bd8                SaveRState
                0x0000000020000bda                SaveTState
                0x0000000020000bdc                ResumeS
 COMMON         0x0000000020000bde        0x2 /var/folders/28/_tsmhg4172s_wy7vswfkzq9h0000gn/T/arduino_cache_261188/core/core_33a28a35d5be94a4487e04df0719a759.a(usb_core.c.o)
                0x0000000020000bde                StatusInfo
 COMMON         0x0000000020000be0       0x32 /var/folders/28/_tsmhg4172s_wy7vswfkzq9h0000gn/T/arduino_cache_261188/core/core_33a28a35d5be94a4487e04df0719a759.a(usb_init.c.o)
                0x0000000020000be0                SaveState
                0x0000000020000be4                pProperty
                0x0000000020000be8                EPindex
                0x0000000020000bec                Device_Info
                0x0000000020000c08                pUser_Standard_Requests
                0x0000000020000c0c                pInformation
                0x0000000020000c10                wInterrupt_Mask
                0x0000000020000c18                . = ALIGN (0x8)
 *fill*         0x0000000020000c12        0x6 
                0x0000000020000c18                __bss_end__ = .
                0x0000000020000c18                _end = __bss_end__

.stab
 *(.stab)

.stabstr
 *(.stabstr)

.debug
 *(.debug)

.line
 *(.line)

.debug_srcinfo
 *(.debug_srcinfo)

.debug_sfnames
 *(.debug_sfnames)

.debug_aranges  0x0000000000000000      0xf80
 *(.debug_aranges)
 .debug_aranges
                0x0000000000000000       0x28 /var/folders/28/_tsmhg4172s_wy7vswfkzq9h0000gn/T/arduino_build_279421/sketch/DebugWithStlink.ino.cpp.o
 .debug_aranges
                0x0000000000000028       0x20 /var/folders/28/_tsmhg4172s_wy7vswfkzq9h0000gn/T/arduino_build_279421/core/wirish/start.S.o
 .debug_aranges
                0x0000000000000048       0x20 /var/folders/28/_tsmhg4172s_wy7vswfkzq9h0000gn/T/arduino_build_279421/core/wirish/start_c.c.o
 .debug_aranges
                0x0000000000000068       0x88 /var/folders/28/_tsmhg4172s_wy7vswfkzq9h0000gn/T/arduino_build_279421/core/wirish/syscalls.c.o
 .debug_aranges
                0x00000000000000f0       0x28 /var/folders/28/_tsmhg4172s_wy7vswfkzq9h0000gn/T/arduino_build_279421/core/board.cpp.o
 .debug_aranges
                0x0000000000000118       0x40 /var/folders/28/_tsmhg4172s_wy7vswfkzq9h0000gn/T/arduino_build_279421/core/wirish/boards.cpp.o
 .debug_aranges
                0x0000000000000158       0x40 /var/folders/28/_tsmhg4172s_wy7vswfkzq9h0000gn/T/arduino_build_279421/core/wirish/boards_setup.cpp.o
 .debug_aranges
                0x0000000000000198       0x20 /var/folders/28/_tsmhg4172s_wy7vswfkzq9h0000gn/T/arduino_cache_261188/core/core_33a28a35d5be94a4487e04df0719a759.a(exc.S.o)
 .debug_aranges
                0x00000000000001b8       0x20 /var/folders/28/_tsmhg4172s_wy7vswfkzq9h0000gn/T/arduino_cache_261188/core/core_33a28a35d5be94a4487e04df0719a759.a(isrs.S.o)
 .debug_aranges
                0x00000000000001d8       0x38 /var/folders/28/_tsmhg4172s_wy7vswfkzq9h0000gn/T/arduino_cache_261188/core/core_33a28a35d5be94a4487e04df0719a759.a(adc.c.o)
 .debug_aranges
                0x0000000000000210       0x58 /var/folders/28/_tsmhg4172s_wy7vswfkzq9h0000gn/T/arduino_cache_261188/core/core_33a28a35d5be94a4487e04df0719a759.a(adc_f1.c.o)
 .debug_aranges
                0x0000000000000268       0xa8 /var/folders/28/_tsmhg4172s_wy7vswfkzq9h0000gn/T/arduino_cache_261188/core/core_33a28a35d5be94a4487e04df0719a759.a(dma_f1.c.o)
 .debug_aranges
                0x0000000000000310       0x70 /var/folders/28/_tsmhg4172s_wy7vswfkzq9h0000gn/T/arduino_cache_261188/core/core_33a28a35d5be94a4487e04df0719a759.a(exti.c.o)
 .debug_aranges
                0x0000000000000380       0x20 /var/folders/28/_tsmhg4172s_wy7vswfkzq9h0000gn/T/arduino_cache_261188/core/core_33a28a35d5be94a4487e04df0719a759.a(exti_f1.c.o)
 .debug_aranges
                0x00000000000003a0       0x20 /var/folders/28/_tsmhg4172s_wy7vswfkzq9h0000gn/T/arduino_cache_261188/core/core_33a28a35d5be94a4487e04df0719a759.a(flash.c.o)
 .debug_aranges
                0x00000000000003c0       0x40 /var/folders/28/_tsmhg4172s_wy7vswfkzq9h0000gn/T/arduino_cache_261188/core/core_33a28a35d5be94a4487e04df0719a759.a(gpio_f1.c.o)
 .debug_aranges
                0x0000000000000400       0x50 /var/folders/28/_tsmhg4172s_wy7vswfkzq9h0000gn/T/arduino_cache_261188/core/core_33a28a35d5be94a4487e04df0719a759.a(i2c_f1.c.o)
 .debug_aranges
                0x0000000000000450       0x38 /var/folders/28/_tsmhg4172s_wy7vswfkzq9h0000gn/T/arduino_cache_261188/core/core_33a28a35d5be94a4487e04df0719a759.a(nvic.c.o)
 .debug_aranges
                0x0000000000000488       0x48 /var/folders/28/_tsmhg4172s_wy7vswfkzq9h0000gn/T/arduino_cache_261188/core/core_33a28a35d5be94a4487e04df0719a759.a(rcc.c.o)
 .debug_aranges
                0x00000000000004d0       0x48 /var/folders/28/_tsmhg4172s_wy7vswfkzq9h0000gn/T/arduino_cache_261188/core/core_33a28a35d5be94a4487e04df0719a759.a(rcc_f1.c.o)
 .debug_aranges
                0x0000000000000518       0x40 /var/folders/28/_tsmhg4172s_wy7vswfkzq9h0000gn/T/arduino_cache_261188/core/core_33a28a35d5be94a4487e04df0719a759.a(systick.c.o)
 .debug_aranges
                0x0000000000000558       0xa8 /var/folders/28/_tsmhg4172s_wy7vswfkzq9h0000gn/T/arduino_cache_261188/core/core_33a28a35d5be94a4487e04df0719a759.a(timer.c.o)
 .debug_aranges
                0x0000000000000600       0x58 /var/folders/28/_tsmhg4172s_wy7vswfkzq9h0000gn/T/arduino_cache_261188/core/core_33a28a35d5be94a4487e04df0719a759.a(usart_f1.c.o)
 .debug_aranges
                0x0000000000000658       0x20 /var/folders/28/_tsmhg4172s_wy7vswfkzq9h0000gn/T/arduino_cache_261188/core/core_33a28a35d5be94a4487e04df0719a759.a(usart_private.c.o)
 .debug_aranges
                0x0000000000000678       0x38 /var/folders/28/_tsmhg4172s_wy7vswfkzq9h0000gn/T/arduino_cache_261188/core/core_33a28a35d5be94a4487e04df0719a759.a(usb.c.o)
 .debug_aranges
                0x00000000000006b0      0x120 /var/folders/28/_tsmhg4172s_wy7vswfkzq9h0000gn/T/arduino_cache_261188/core/core_33a28a35d5be94a4487e04df0719a759.a(usb_cdcacm.c.o)
 .debug_aranges
                0x00000000000007d0       0x20 /var/folders/28/_tsmhg4172s_wy7vswfkzq9h0000gn/T/arduino_cache_261188/core/core_33a28a35d5be94a4487e04df0719a759.a(usb_reg_map.c.o)
 .debug_aranges
                0x00000000000007f0       0x98 /var/folders/28/_tsmhg4172s_wy7vswfkzq9h0000gn/T/arduino_cache_261188/core/core_33a28a35d5be94a4487e04df0719a759.a(usb_core.c.o)
 .debug_aranges
                0x0000000000000888       0x20 /var/folders/28/_tsmhg4172s_wy7vswfkzq9h0000gn/T/arduino_cache_261188/core/core_33a28a35d5be94a4487e04df0719a759.a(usb_init.c.o)
 .debug_aranges
                0x00000000000008a8       0x28 /var/folders/28/_tsmhg4172s_wy7vswfkzq9h0000gn/T/arduino_cache_261188/core/core_33a28a35d5be94a4487e04df0719a759.a(usb_mem.c.o)
 .debug_aranges
                0x00000000000008d0      0x1f0 /var/folders/28/_tsmhg4172s_wy7vswfkzq9h0000gn/T/arduino_cache_261188/core/core_33a28a35d5be94a4487e04df0719a759.a(usb_regs.c.o)
 .debug_aranges
                0x0000000000000ac0       0x50 /var/folders/28/_tsmhg4172s_wy7vswfkzq9h0000gn/T/arduino_cache_261188/core/core_33a28a35d5be94a4487e04df0719a759.a(util.c.o)
 .debug_aranges
                0x0000000000000b10       0x68 /var/folders/28/_tsmhg4172s_wy7vswfkzq9h0000gn/T/arduino_cache_261188/core/core_33a28a35d5be94a4487e04df0719a759.a(HardwareSerial.cpp.o)
 .debug_aranges
                0x0000000000000b78      0x110 /var/folders/28/_tsmhg4172s_wy7vswfkzq9h0000gn/T/arduino_cache_261188/core/core_33a28a35d5be94a4487e04df0719a759.a(Print.cpp.o)
 .debug_aranges
                0x0000000000000c88       0x20 /var/folders/28/_tsmhg4172s_wy7vswfkzq9h0000gn/T/arduino_cache_261188/core/core_33a28a35d5be94a4487e04df0719a759.a(cxxabi-compat.cpp.o)
 .debug_aranges
                0x0000000000000ca8       0x28 /var/folders/28/_tsmhg4172s_wy7vswfkzq9h0000gn/T/arduino_cache_261188/core/core_33a28a35d5be94a4487e04df0719a759.a(main.cpp.o)
 .debug_aranges
                0x0000000000000cd0       0x20 /var/folders/28/_tsmhg4172s_wy7vswfkzq9h0000gn/T/arduino_cache_261188/core/core_33a28a35d5be94a4487e04df0719a759.a(wirish_digital_f1.cpp.o)
 .debug_aranges
                0x0000000000000cf0       0xc8 /var/folders/28/_tsmhg4172s_wy7vswfkzq9h0000gn/T/arduino_cache_261188/core/core_33a28a35d5be94a4487e04df0719a759.a(usb_serial.cpp.o)
 .debug_aranges
                0x0000000000000db8       0x28 /var/folders/28/_tsmhg4172s_wy7vswfkzq9h0000gn/T/arduino_cache_261188/core/core_33a28a35d5be94a4487e04df0719a759.a(wirish_digital.cpp.o)
 .debug_aranges
                0x0000000000000de0       0x28 /var/folders/28/_tsmhg4172s_wy7vswfkzq9h0000gn/T/arduino_cache_261188/core/core_33a28a35d5be94a4487e04df0719a759.a(wirish_time.cpp.o)
 .debug_aranges
                0x0000000000000e08       0x20 /var/folders/28/_tsmhg4172s_wy7vswfkzq9h0000gn/T/arduino_cache_261188/core/core_33a28a35d5be94a4487e04df0719a759.a(hooks.c.o)
 .debug_aranges
                0x0000000000000e28       0x40 /var/folders/28/_tsmhg4172s_wy7vswfkzq9h0000gn/T/arduino_cache_261188/core/core_33a28a35d5be94a4487e04df0719a759.a(bkp_f1.c.o)
 .debug_aranges
                0x0000000000000e68       0x28 /var/folders/28/_tsmhg4172s_wy7vswfkzq9h0000gn/T/arduino_cache_261188/core/core_33a28a35d5be94a4487e04df0719a759.a(dma.c.o)
 .debug_aranges
                0x0000000000000e90       0x20 /var/folders/28/_tsmhg4172s_wy7vswfkzq9h0000gn/T/arduino_cache_261188/core/core_33a28a35d5be94a4487e04df0719a759.a(gpio.c.o)
 .debug_aranges
                0x0000000000000eb0       0x60 /var/folders/28/_tsmhg4172s_wy7vswfkzq9h0000gn/T/arduino_cache_261188/core/core_33a28a35d5be94a4487e04df0719a759.a(i2c.c.o)
 .debug_aranges
                0x0000000000000f10       0x28 /var/folders/28/_tsmhg4172s_wy7vswfkzq9h0000gn/T/arduino_cache_261188/core/core_33a28a35d5be94a4487e04df0719a759.a(iwdg.c.o)
 .debug_aranges
                0x0000000000000f38       0x48 /var/folders/28/_tsmhg4172s_wy7vswfkzq9h0000gn/T/arduino_cache_261188/core/core_33a28a35d5be94a4487e04df0719a759.a(usart.c.o)

.debug_pubnames
 *(.debug_pubnames)

.debug_info     0x0000000000000000    0x204f2
 *(.debug_info .gnu.linkonce.wi.*)
 .debug_info    0x0000000000000000      0x274 /var/folders/28/_tsmhg4172s_wy7vswfkzq9h0000gn/T/arduino_build_279421/sketch/DebugWithStlink.ino.cpp.o
 .debug_info    0x0000000000000274       0xab /var/folders/28/_tsmhg4172s_wy7vswfkzq9h0000gn/T/arduino_build_279421/core/wirish/start.S.o
 .debug_info    0x000000000000031f      0x176 /var/folders/28/_tsmhg4172s_wy7vswfkzq9h0000gn/T/arduino_build_279421/core/wirish/start_c.c.o
 .debug_info    0x0000000000000495      0x5cd /var/folders/28/_tsmhg4172s_wy7vswfkzq9h0000gn/T/arduino_build_279421/core/wirish/syscalls.c.o
 .debug_info    0x0000000000000a62      0xf2c /var/folders/28/_tsmhg4172s_wy7vswfkzq9h0000gn/T/arduino_build_279421/core/board.cpp.o
 .debug_info    0x000000000000198e     0x142d /var/folders/28/_tsmhg4172s_wy7vswfkzq9h0000gn/T/arduino_build_279421/core/wirish/boards.cpp.o
 .debug_info    0x0000000000002dbb     0x10c3 /var/folders/28/_tsmhg4172s_wy7vswfkzq9h0000gn/T/arduino_build_279421/core/wirish/boards_setup.cpp.o
 .debug_info    0x0000000000003e7e       0x9b /var/folders/28/_tsmhg4172s_wy7vswfkzq9h0000gn/T/arduino_cache_261188/core/core_33a28a35d5be94a4487e04df0719a759.a(exc.S.o)
 .debug_info    0x0000000000003f19       0xb0 /var/folders/28/_tsmhg4172s_wy7vswfkzq9h0000gn/T/arduino_cache_261188/core/core_33a28a35d5be94a4487e04df0719a759.a(isrs.S.o)
 .debug_info    0x0000000000003fc9      0x79a /var/folders/28/_tsmhg4172s_wy7vswfkzq9h0000gn/T/arduino_cache_261188/core/core_33a28a35d5be94a4487e04df0719a759.a(adc.c.o)
 .debug_info    0x0000000000004763      0xe4a /var/folders/28/_tsmhg4172s_wy7vswfkzq9h0000gn/T/arduino_cache_261188/core/core_33a28a35d5be94a4487e04df0719a759.a(adc_f1.c.o)
 .debug_info    0x00000000000055ad     0x1cbb /var/folders/28/_tsmhg4172s_wy7vswfkzq9h0000gn/T/arduino_cache_261188/core/core_33a28a35d5be94a4487e04df0719a759.a(dma_f1.c.o)
 .debug_info    0x0000000000007268      0xf36 /var/folders/28/_tsmhg4172s_wy7vswfkzq9h0000gn/T/arduino_cache_261188/core/core_33a28a35d5be94a4487e04df0719a759.a(exti.c.o)
 .debug_info    0x000000000000819e      0x213 /var/folders/28/_tsmhg4172s_wy7vswfkzq9h0000gn/T/arduino_cache_261188/core/core_33a28a35d5be94a4487e04df0719a759.a(exti_f1.c.o)
 .debug_info    0x00000000000083b1      0x128 /var/folders/28/_tsmhg4172s_wy7vswfkzq9h0000gn/T/arduino_cache_261188/core/core_33a28a35d5be94a4487e04df0719a759.a(flash.c.o)