
There are no discarded input sections

Memory Configuration

Name             Origin             Length             Attributes
SRAM             0x20041f00         0x000000fc         xr
*default*        0x00000000         0xffffffff

Linker script and memory map

                0x20041f00                        . = ORIGIN (SRAM)

.text           0x20041f00       0xf0
                0x20041f00                        _start = .
 *(.entry)
 *(.text)
 .text          0x20041f00       0xf0 pico-sdk/src/rp2040/boot_stage2/CMakeFiles/bs2_default.dir/compile_time_choice.S.o
                0x20041f00                _stage2_boot
                0x20041fbc                read_flash_sreg
                0x20041fcc                literals
LOAD pico-sdk/src/rp2040/boot_stage2/CMakeFiles/bs2_default.dir/compile_time_choice.S.o
START GROUP
LOAD /Users/paulgallagher/.pico-sdk/toolchain/14_2_Rel1/bin/../lib/gcc/arm-none-eabi/14.2.1/thumb/v6-m/nofp/libgcc.a
LOAD /Users/paulgallagher/.pico-sdk/toolchain/14_2_Rel1/bin/../lib/gcc/arm-none-eabi/14.2.1/../../../../arm-none-eabi/lib/thumb/v6-m/nofp/libg.a
LOAD /Users/paulgallagher/.pico-sdk/toolchain/14_2_Rel1/bin/../lib/gcc/arm-none-eabi/14.2.1/../../../../arm-none-eabi/lib/thumb/v6-m/nofp/libc.a
END GROUP
START GROUP
LOAD /Users/paulgallagher/.pico-sdk/toolchain/14_2_Rel1/bin/../lib/gcc/arm-none-eabi/14.2.1/thumb/v6-m/nofp/libgcc.a
LOAD /Users/paulgallagher/.pico-sdk/toolchain/14_2_Rel1/bin/../lib/gcc/arm-none-eabi/14.2.1/../../../../arm-none-eabi/lib/thumb/v6-m/nofp/libc.a
LOAD /Users/paulgallagher/.pico-sdk/toolchain/14_2_Rel1/bin/../lib/gcc/arm-none-eabi/14.2.1/../../../../arm-none-eabi/lib/thumb/v6-m/nofp/libnosys.a
END GROUP
OUTPUT(pico-sdk/src/rp2040/boot_stage2/bs2_default.elf elf32-littlearm)
LOAD linker stubs

.data           0x20041ff0        0x0
 .data          0x20041ff0        0x0 pico-sdk/src/rp2040/boot_stage2/CMakeFiles/bs2_default.dir/compile_time_choice.S.o

.igot.plt       0x20041ff0        0x0
 .igot.plt      0x20041ff0        0x0 pico-sdk/src/rp2040/boot_stage2/CMakeFiles/bs2_default.dir/compile_time_choice.S.o

.glue_7         0x20041ff0        0x0
 .glue_7        0x20041ff0        0x0 linker stubs

.glue_7t        0x20041ff0        0x0
 .glue_7t       0x20041ff0        0x0 linker stubs

.vfp11_veneer   0x20041ff0        0x0
 .vfp11_veneer  0x20041ff0        0x0 linker stubs

.v4_bx          0x20041ff0        0x0
 .v4_bx         0x20041ff0        0x0 linker stubs

.iplt           0x20041ff0        0x0
 .iplt          0x20041ff0        0x0 pico-sdk/src/rp2040/boot_stage2/CMakeFiles/bs2_default.dir/compile_time_choice.S.o

.rel.dyn        0x20041ff0        0x0
 .rel.iplt      0x20041ff0        0x0 pico-sdk/src/rp2040/boot_stage2/CMakeFiles/bs2_default.dir/compile_time_choice.S.o

.bss            0x20041ff0        0x0
 .bss           0x20041ff0        0x0 pico-sdk/src/rp2040/boot_stage2/CMakeFiles/bs2_default.dir/compile_time_choice.S.o

.ARM.attributes
                0x00000000       0x22
 .ARM.attributes
                0x00000000       0x22 pico-sdk/src/rp2040/boot_stage2/CMakeFiles/bs2_default.dir/compile_time_choice.S.o

.debug_line     0x00000000       0xed
 .debug_line    0x00000000       0xed pico-sdk/src/rp2040/boot_stage2/CMakeFiles/bs2_default.dir/compile_time_choice.S.o

.debug_line_str
                0x00000000      0x13f
 .debug_line_str
                0x00000000      0x13f pico-sdk/src/rp2040/boot_stage2/CMakeFiles/bs2_default.dir/compile_time_choice.S.o

.debug_info     0x00000000       0x25
 .debug_info    0x00000000       0x25 pico-sdk/src/rp2040/boot_stage2/CMakeFiles/bs2_default.dir/compile_time_choice.S.o

.debug_abbrev   0x00000000       0x14
 .debug_abbrev  0x00000000       0x14 pico-sdk/src/rp2040/boot_stage2/CMakeFiles/bs2_default.dir/compile_time_choice.S.o

.debug_aranges  0x00000000       0x20
 .debug_aranges
                0x00000000       0x20 pico-sdk/src/rp2040/boot_stage2/CMakeFiles/bs2_default.dir/compile_time_choice.S.o

.debug_str      0x00000000       0xbf
 .debug_str     0x00000000       0xbf pico-sdk/src/rp2040/boot_stage2/CMakeFiles/bs2_default.dir/compile_time_choice.S.o
