Archive member included to satisfy reference by file (symbol)

/Users/paulgallagher/.pico-sdk/toolchain/14_2_Rel1/bin/../lib/gcc/arm-none-eabi/14.2.1/thumb/v6-m/nofp/libgcc.a(_dvmd_tls.o)
                              CMakeFiles/blink.dir/Users/paulgallagher/.pico-sdk/sdk/2.2.0/src/rp2_common/pico_divider/divider_hardware.S.o (__aeabi_idiv0)
/Users/paulgallagher/.pico-sdk/toolchain/14_2_Rel1/bin/../lib/gcc/arm-none-eabi/14.2.1/../../../../arm-none-eabi/lib/thumb/v6-m/nofp/libg.a(libc_a-calloc.o)
                              CMakeFiles/blink.dir/Users/paulgallagher/.pico-sdk/sdk/2.2.0/src/rp2_common/pico_malloc/malloc.c.o (calloc)
/Users/paulgallagher/.pico-sdk/toolchain/14_2_Rel1/bin/../lib/gcc/arm-none-eabi/14.2.1/../../../../arm-none-eabi/lib/thumb/v6-m/nofp/libg.a(libc_a-callocr.o)
                              /Users/paulgallagher/.pico-sdk/toolchain/14_2_Rel1/bin/../lib/gcc/arm-none-eabi/14.2.1/../../../../arm-none-eabi/lib/thumb/v6-m/nofp/libg.a(libc_a-calloc.o) (_calloc_r)
/Users/paulgallagher/.pico-sdk/toolchain/14_2_Rel1/bin/../lib/gcc/arm-none-eabi/14.2.1/../../../../arm-none-eabi/lib/thumb/v6-m/nofp/libg.a(libc_a-malloc.o)
                              CMakeFiles/blink.dir/Users/paulgallagher/.pico-sdk/sdk/2.2.0/src/rp2_common/pico_malloc/malloc.c.o (malloc)
/Users/paulgallagher/.pico-sdk/toolchain/14_2_Rel1/bin/../lib/gcc/arm-none-eabi/14.2.1/../../../../arm-none-eabi/lib/thumb/v6-m/nofp/libg.a(libc_a-mallocr.o)
                              /Users/paulgallagher/.pico-sdk/toolchain/14_2_Rel1/bin/../lib/gcc/arm-none-eabi/14.2.1/../../../../arm-none-eabi/lib/thumb/v6-m/nofp/libg.a(libc_a-callocr.o) (_malloc_r)
/Users/paulgallagher/.pico-sdk/toolchain/14_2_Rel1/bin/../lib/gcc/arm-none-eabi/14.2.1/../../../../arm-none-eabi/lib/thumb/v6-m/nofp/libg.a(libc_a-mlock.o)
                              /Users/paulgallagher/.pico-sdk/toolchain/14_2_Rel1/bin/../lib/gcc/arm-none-eabi/14.2.1/../../../../arm-none-eabi/lib/thumb/v6-m/nofp/libg.a(libc_a-mallocr.o) (__malloc_lock)
/Users/paulgallagher/.pico-sdk/toolchain/14_2_Rel1/bin/../lib/gcc/arm-none-eabi/14.2.1/../../../../arm-none-eabi/lib/thumb/v6-m/nofp/libg.a(libc_a-realloc.o)
                              CMakeFiles/blink.dir/Users/paulgallagher/.pico-sdk/sdk/2.2.0/src/rp2_common/pico_malloc/malloc.c.o (realloc)
/Users/paulgallagher/.pico-sdk/toolchain/14_2_Rel1/bin/../lib/gcc/arm-none-eabi/14.2.1/../../../../arm-none-eabi/lib/thumb/v6-m/nofp/libg.a(libc_a-reallocr.o)
                              /Users/paulgallagher/.pico-sdk/toolchain/14_2_Rel1/bin/../lib/gcc/arm-none-eabi/14.2.1/../../../../arm-none-eabi/lib/thumb/v6-m/nofp/libg.a(libc_a-realloc.o) (_realloc_r)
/Users/paulgallagher/.pico-sdk/toolchain/14_2_Rel1/bin/../lib/gcc/arm-none-eabi/14.2.1/../../../../arm-none-eabi/lib/thumb/v6-m/nofp/libg.a(libc_a-memcmp.o)
                              CMakeFiles/blink.dir/Users/paulgallagher/.pico-sdk/sdk/2.2.0/src/rp2_common/pico_atomic/atomic.c.o (memcmp)
/Users/paulgallagher/.pico-sdk/toolchain/14_2_Rel1/bin/../lib/gcc/arm-none-eabi/14.2.1/../../../../arm-none-eabi/lib/thumb/v6-m/nofp/libg.a(libc_a-memmove.o)
                              /Users/paulgallagher/.pico-sdk/toolchain/14_2_Rel1/bin/../lib/gcc/arm-none-eabi/14.2.1/../../../../arm-none-eabi/lib/thumb/v6-m/nofp/libg.a(libc_a-reallocr.o) (memmove)
/Users/paulgallagher/.pico-sdk/toolchain/14_2_Rel1/bin/../lib/gcc/arm-none-eabi/14.2.1/../../../../arm-none-eabi/lib/thumb/v6-m/nofp/libg.a(libc_a-lcltime_r.o)
                              CMakeFiles/blink.dir/Users/paulgallagher/.pico-sdk/sdk/2.2.0/src/common/pico_util/datetime.c.o (localtime_r)
/Users/paulgallagher/.pico-sdk/toolchain/14_2_Rel1/bin/../lib/gcc/arm-none-eabi/14.2.1/../../../../arm-none-eabi/lib/thumb/v6-m/nofp/libg.a(libc_a-mktime.o)
                              CMakeFiles/blink.dir/Users/paulgallagher/.pico-sdk/sdk/2.2.0/src/common/pico_util/datetime.c.o (mktime)
/Users/paulgallagher/.pico-sdk/toolchain/14_2_Rel1/bin/../lib/gcc/arm-none-eabi/14.2.1/../../../../arm-none-eabi/lib/thumb/v6-m/nofp/libg.a(libc_a-month_lengths.o)
                              /Users/paulgallagher/.pico-sdk/toolchain/14_2_Rel1/bin/../lib/gcc/arm-none-eabi/14.2.1/../../../../arm-none-eabi/lib/thumb/v6-m/nofp/libg.a(libc_a-lcltime_r.o) (__month_lengths)
/Users/paulgallagher/.pico-sdk/toolchain/14_2_Rel1/bin/../lib/gcc/arm-none-eabi/14.2.1/../../../../arm-none-eabi/lib/thumb/v6-m/nofp/libg.a(libc_a-tzcalc_limits.o)
                              /Users/paulgallagher/.pico-sdk/toolchain/14_2_Rel1/bin/../lib/gcc/arm-none-eabi/14.2.1/../../../../arm-none-eabi/lib/thumb/v6-m/nofp/libg.a(libc_a-lcltime_r.o) (__tzcalc_limits)
/Users/paulgallagher/.pico-sdk/toolchain/14_2_Rel1/bin/../lib/gcc/arm-none-eabi/14.2.1/../../../../arm-none-eabi/lib/thumb/v6-m/nofp/libg.a(libc_a-tzlock.o)
[...]
Memory Configuration

Name             Origin             Length             Attributes
FLASH            0x10000000         0x00200000         xr
RAM              0x20000000         0x00040000         xrw
SCRATCH_X        0x20040000         0x00001000         xrw
SCRATCH_Y        0x20041000         0x00001000         xrw
*default*        0x00000000         0xffffffff

Linker script and memory map

LOAD /Users/paulgallagher/.pico-sdk/toolchain/14_2_Rel1/bin/../lib/gcc/arm-none-eabi/14.2.1/thumb/v6-m/nofp/crti.o
LOAD /Users/paulgallagher/.pico-sdk/toolchain/14_2_Rel1/bin/../lib/gcc/arm-none-eabi/14.2.1/thumb/v6-m/nofp/crtbegin.o
LOAD /Users/paulgallagher/.pico-sdk/toolchain/14_2_Rel1/bin/../lib/gcc/arm-none-eabi/14.2.1/../../../../arm-none-eabi/lib/thumb/v6-m/nofp/crt0.o

.flash_begin    0x10000000        0x0
                0x10000000                        __flash_binary_start = .

.boot2          0x10000000      0x100
                0x10000000                        __boot2_start__ = .
 *(.boot2)
 .boot2         0x10000000      0x100 pico-sdk/src/rp2040/boot_stage2/CMakeFiles/bs2_default_library.dir/./bs2_default_padded_checksummed.S.o
                0x10000100                        __boot2_end__ = .
                0x00000001                        ASSERT (((__boot2_end__ - __boot2_start__) == 0x100), ERROR: Pico second stage bootloader must be 256 bytes in size)

.text           0x10000100     0x1760
                0x10000100                        __logical_binary_start = .
 *(.vectors)
 .vectors       0x10000100       0xd4 CMakeFiles/blink.dir/Users/paulgallagher/.pico-sdk/sdk/2.2.0/src/rp2_common/pico_crt0/crt0.S.o
                0x10000100                __VECTOR_TABLE
                0x10000100                __vectors
                0x100001c0                isr_irq13
                0x100001c0                isr_irq27
                0x100001c0                isr_irq31
                0x100001c0                isr_irq5
                0x100001c0                isr_irq11
                0x100001c0                isr_irq23
                0x100001c0                isr_irq18
                0x100001c0                isr_irq9
                0x100001c0                __unhandled_user_irq
                0x100001c0                isr_irq25
                0x100001c0                isr_irq4
                0x100001c0                isr_irq16
                0x100001c0                isr_irq29
                0x100001c0                isr_irq26
                0x100001c0                isr_irq3
                0x100001c0                isr_irq12
                0x100001c0                isr_irq30
                0x100001c0                isr_irq28
                0x100001c0                isr_irq19
                0x100001c0                isr_irq0
                0x100001c0                isr_irq6
                0x100001c0                isr_irq22
                0x100001c0                isr_irq17
                0x100001c0                isr_irq14
                0x100001c0                __vectors_end
                0x100001c0                __default_isrs_start
                0x100001c0                isr_irq2
                0x100001c0                isr_irq10
                0x100001c0                isr_irq8
                0x100001c0                isr_irq24
                0x100001c0                isr_irq1
                0x100001c0                isr_irq7
                0x100001c0                isr_irq21
                0x100001c0                isr_irq20
                0x100001c0                isr_irq15
                0x100001c6                unhandled_user_irq_num_in_r0
                0x100001c8                isr_invalid
                0x100001ca                isr_nmi
                0x100001cc                isr_hardfault
                0x100001ce                isr_svcall
                0x100001d0                isr_pendsv
                0x100001d2                isr_systick
                0x100001d4                __default_isrs_end
 *(.binary_info_header)
 .binary_info_header
                0x100001d4       0x14 CMakeFiles/blink.dir/Users/paulgallagher/.pico-sdk/sdk/2.2.0/src/rp2_common/pico_crt0/crt0.S.o
                0x100001e8                        __binary_info_header_end = .
 *(.embedded_block)
                0x100001e8                        __embedded_block_end = .
 *(.reset)
 .reset         0x100001e8       0x9c CMakeFiles/blink.dir/Users/paulgallagher/.pico-sdk/sdk/2.2.0/src/rp2_common/pico_crt0/crt0.S.o
                0x100001e8                _entry_point
 *(.init)
 .init          0x10000284        0x4 /Users/paulgallagher/.pico-sdk/toolchain/14_2_Rel1/bin/../lib/gcc/arm-none-eabi/14.2.1/thumb/v6-m/nofp/crti.o
                0x10000284                _init
 *(EXCLUDE_FILE(*libm.a: *libc.a:*lib_a-mem*.o *libgcc.a:) .text*)
 .text.register_tm_clones
                0x10000288       0x28 /Users/paulgallagher/.pico-sdk/toolchain/14_2_Rel1/bin/../lib/gcc/arm-none-eabi/14.2.1/thumb/v6-m/nofp/crtbegin.o
 .text.frame_dummy
                0x100002b0       0x24 /Users/paulgallagher/.pico-sdk/toolchain/14_2_Rel1/bin/../lib/gcc/arm-none-eabi/14.2.1/thumb/v6-m/nofp/crtbegin.o
 .text.led_init
                0x100002d4       0x5c CMakeFiles/blink.dir/blink.c.o
                0x100002d4                led_init
 .text.startup.main
                0x10000330       0x68 CMakeFiles/blink.dir/blink.c.o
                0x10000330                main
 .text.gpio_init
                0x10000398       0x40 CMakeFiles/blink.dir/Users/paulgallagher/.pico-sdk/sdk/2.2.0/src/rp2_common/hardware_gpio/gpio.c.o
                0x10000398                gpio_init
 .text.panic    0x100003d8       0x30 CMakeFiles/blink.dir/Users/paulgallagher/.pico-sdk/sdk/2.2.0/src/rp2_common/pico_platform_panic/panic.c.o
                0x100003d8                panic
 .text.hw_claim_or_assert
                0x10000408       0x44 CMakeFiles/blink.dir/Users/paulgallagher/.pico-sdk/sdk/2.2.0/src/common/hardware_claim/claim.c.o
                0x10000408                hw_claim_or_assert
 .text.next_striped_spin_lock_num
                0x1000044c       0x18 CMakeFiles/blink.dir/Users/paulgallagher/.pico-sdk/sdk/2.2.0/src/rp2_common/hardware_sync/sync.c.o
                0x1000044c                next_striped_spin_lock_num
 .text.spin_locks_reset
                0x10000464       0x1c CMakeFiles/blink.dir/Users/paulgallagher/.pico-sdk/sdk/2.2.0/src/rp2_common/hardware_sync_spin_lock/sync_spin_lock.c.o
                0x10000464                spin_locks_reset
 .text.runtime_init_per_core_irq_priorities
                0x10000480       0x24 CMakeFiles/blink.dir/Users/paulgallagher/.pico-sdk/sdk/2.2.0/src/rp2_common/hardware_irq/irq.c.o
                0x10000480                runtime_init_per_core_irq_priorities
 .text.irq_set_enabled
                0x100004a4       0x24 CMakeFiles/blink.dir/Users/paulgallagher/.pico-sdk/sdk/2.2.0/src/rp2_common/hardware_irq/irq.c.o
                0x100004a4                irq_set_enabled
 .text.irq_set_exclusive_handler
                0x100004c8       0x54 CMakeFiles/blink.dir/Users/paulgallagher/.pico-sdk/sdk/2.2.0/src/rp2_common/hardware_irq/irq.c.o
                0x100004c8                irq_set_exclusive_handler
 .text.lock_init
                0x1000051c       0x10 CMakeFiles/blink.dir/Users/paulgallagher/.pico-sdk/sdk/2.2.0/src/common/pico_sync/lock_core.c.o
                0x1000051c                lock_init
 .text.runtime_init_mutex
                0x1000052c       0x50 CMakeFiles/blink.dir/Users/paulgallagher/.pico-sdk/sdk/2.2.0/src/common/pico_sync/mutex.c.o
                0x1000052c                runtime_init_mutex
 .text.sleep_until_callback
                0x1000057c       0x30 CMakeFiles/blink.dir/Users/paulgallagher/.pico-sdk/sdk/2.2.0/src/common/pico_time/time.c.o
 .text.alarm_pool_irq_handler
                0x100005ac      0x300 CMakeFiles/blink.dir/Users/paulgallagher/.pico-sdk/sdk/2.2.0/src/common/pico_time/time.c.o
 .text.runtime_init_default_alarm_pool
                0x100008ac       0xdc CMakeFiles/blink.dir/Users/paulgallagher/.pico-sdk/sdk/2.2.0/src/common/pico_time/time.c.o
                0x100008ac                runtime_init_default_alarm_pool
 .text.alarm_pool_add_alarm_at_force_in_context
                0x10000988       0xb0 CMakeFiles/blink.dir/Users/paulgallagher/.pico-sdk/sdk/2.2.0/src/common/pico_time/time.c.o
                0x10000988                alarm_pool_add_alarm_at_force_in_context
 .text.alarm_pool_cancel_alarm
                0x10000a38       0x74 CMakeFiles/blink.dir/Users/paulgallagher/.pico-sdk/sdk/2.2.0/src/common/pico_time/time.c.o
                0x10000a38                alarm_pool_cancel_alarm
 .text.sleep_ms
                0x10000aac       0xfc CMakeFiles/blink.dir/Users/paulgallagher/.pico-sdk/sdk/2.2.0/src/common/pico_time/time.c.o
                0x10000aac                sleep_ms
 .text.best_effort_wfe_or_timeout
                0x10000ba8      0x10c CMakeFiles/blink.dir/Users/paulgallagher/.pico-sdk/sdk/2.2.0/src/common/pico_time/time.c.o
                0x10000ba8                best_effort_wfe_or_timeout
 .text.timer_hardware_alarm_claim
                0x10000cb4       0x14 CMakeFiles/blink.dir/Users/paulgallagher/.pico-sdk/sdk/2.2.0/src/rp2_common/hardware_timer/timer.c.o
                0x10000cb4                timer_hardware_alarm_claim
 .text.timer_time_us_64
                0x10000cc8       0x10 CMakeFiles/blink.dir/Users/paulgallagher/.pico-sdk/sdk/2.2.0/src/rp2_common/hardware_timer/timer.c.o
                0x10000cc8                timer_time_us_64
 .text.time_us_64
                0x10000cd8       0x14 CMakeFiles/blink.dir/Users/paulgallagher/.pico-sdk/sdk/2.2.0/src/rp2_common/hardware_timer/timer.c.o
                0x10000cd8                time_us_64
 .text.busy_wait_until
                0x10000cec       0x20 CMakeFiles/blink.dir/Users/paulgallagher/.pico-sdk/sdk/2.2.0/src/rp2_common/hardware_timer/timer.c.o
                0x10000cec                busy_wait_until
 .text.clock_configure_int_divider
                0x10000d0c       0xf4 CMakeFiles/blink.dir/Users/paulgallagher/.pico-sdk/sdk/2.2.0/src/rp2_common/hardware_clocks/clocks.c.o
                0x10000d0c                clock_configure_int_divider
 .text.clock_configure_undivided
                0x10000e00       0xe8 CMakeFiles/blink.dir/Users/paulgallagher/.pico-sdk/sdk/2.2.0/src/rp2_common/hardware_clocks/clocks.c.o
                0x10000e00                clock_configure_undivided
 .text.clock_get_hz
                0x10000ee8        0xc CMakeFiles/blink.dir/Users/paulgallagher/.pico-sdk/sdk/2.2.0/src/rp2_common/hardware_clocks/clocks.c.o
                0x10000ee8                clock_get_hz
 .text.pll_init
                0x10000ef4       0xa4 CMakeFiles/blink.dir/Users/paulgallagher/.pico-sdk/sdk/2.2.0/src/rp2_common/hardware_pll/pll.c.o
                0x10000ef4                pll_init
 .text.tick_start
                0x10000f98       0x10 CMakeFiles/blink.dir/Users/paulgallagher/.pico-sdk/sdk/2.2.0/src/rp2_common/hardware_ticks/ticks.c.o
                0x10000f98                tick_start
 .text.rom_func_lookup
                0x10000fa8       0x10 CMakeFiles/blink.dir/Users/paulgallagher/.pico-sdk/sdk/2.2.0/src/rp2_common/pico_bootrom/bootrom.c.o
                0x10000fa8                rom_func_lookup
 .text.rom_data_lookup
                0x10000fb8       0x10 CMakeFiles/blink.dir/Users/paulgallagher/.pico-sdk/sdk/2.2.0/src/rp2_common/pico_bootrom/bootrom.c.o
                0x10000fb8                rom_data_lookup
 .text.rom_funcs_lookup
                0x10000fc8       0x44 CMakeFiles/blink.dir/Users/paulgallagher/.pico-sdk/sdk/2.2.0/src/rp2_common/pico_bootrom/bootrom.c.o
                0x10000fc8                rom_funcs_lookup
 .text.xosc_init
                0x1000100c       0x28 CMakeFiles/blink.dir/Users/paulgallagher/.pico-sdk/sdk/2.2.0/src/rp2_common/hardware_xosc/xosc.c.o
                0x1000100c                xosc_init
 .text.first_per_core_initializer
                0x10001034        0x4 CMakeFiles/blink.dir/Users/paulgallagher/.pico-sdk/sdk/2.2.0/src/rp2_common/pico_runtime/runtime.c.o
 .text.hard_assertion_failure
                0x10001038        0xc CMakeFiles/blink.dir/Users/paulgallagher/.pico-sdk/sdk/2.2.0/src/rp2_common/pico_runtime/runtime.c.o
                0x10001038                hard_assertion_failure
 .text.runtime_run_initializers
                0x10001044       0x28 CMakeFiles/blink.dir/Users/paulgallagher/.pico-sdk/sdk/2.2.0/src/rp2_common/pico_runtime/runtime.c.o
                0x10001044                runtime_run_initializers
 .text.runtime_init_early_resets
                0x1000106c       0x2c CMakeFiles/blink.dir/Users/paulgallagher/.pico-sdk/sdk/2.2.0/src/rp2_common/pico_runtime_init/runtime_init.c.o
                0x1000106c                runtime_init_early_resets
 .text.runtime_init_usb_power_down
                0x10001098       0x1c CMakeFiles/blink.dir/Users/paulgallagher/.pico-sdk/sdk/2.2.0/src/rp2_common/pico_runtime_init/runtime_init.c.o
                0x10001098                runtime_init_usb_power_down
 .text.runtime_init_post_clock_resets
                0x100010b4       0x20 CMakeFiles/blink.dir/Users/paulgallagher/.pico-sdk/sdk/2.2.0/src/rp2_common/pico_runtime_init/runtime_init.c.o
                0x100010b4                runtime_init_post_clock_resets
 .text.runtime_init_rp2040_gpio_ie_disable
                0x100010d4       0x14 CMakeFiles/blink.dir/Users/paulgallagher/.pico-sdk/sdk/2.2.0/src/rp2_common/pico_runtime_init/runtime_init.c.o
                0x100010d4                runtime_init_rp2040_gpio_ie_disable
 .text.runtime_init_spin_locks_reset
                0x100010e8        0x8 CMakeFiles/blink.dir/Users/paulgallagher/.pico-sdk/sdk/2.2.0/src/rp2_common/pico_runtime_init/runtime_init.c.o
                0x100010e8                runtime_init_spin_locks_reset
 .text.runtime_init_install_ram_vector_table
                0x100010f0       0xb4 CMakeFiles/blink.dir/Users/paulgallagher/.pico-sdk/sdk/2.2.0/src/rp2_common/pico_runtime_init/runtime_init.c.o
                0x100010f0                runtime_init_install_ram_vector_table
 .text.runtime_init_clocks
                0x100011a4       0xd8 CMakeFiles/blink.dir/Users/paulgallagher/.pico-sdk/sdk/2.2.0/src/rp2_common/pico_runtime_init/runtime_init_clocks.c.o
                0x100011a4                runtime_init_clocks
 .text          0x1000127c       0x10 CMakeFiles/blink.dir/Users/paulgallagher/.pico-sdk/sdk/2.2.0/src/rp2_common/pico_bit_ops/bit_ops_aeabi.S.o
 .text.__wrap___aeabi_uidiv
                0x1000128c       0x4c CMakeFiles/blink.dir/Users/paulgallagher/.pico-sdk/sdk/2.2.0/src/rp2_common/pico_divider/divider_hardware.S.o
                0x1000128c                __wrap___aeabi_uidiv
                0x1000128c                __wrap___aeabi_uidivmod
                0x1000128c                div_u32u32
                0x1000128c                divmod_u32u32
                0x10001294                divmod_u32u32_unsafe
                0x100012bc                divmod_u32u32_savestate
 .text.__aeabi_double_init
                0x100012d8       0xa4 CMakeFiles/blink.dir/Users/paulgallagher/.pico-sdk/sdk/2.2.0/src/rp2_common/pico_double/double_init_rom_rp2040.c.o
                0x100012d8                __aeabi_double_init
 .text.double_table_shim_on_use_helper
                0x1000137c       0x2c CMakeFiles/blink.dir/Users/paulgallagher/.pico-sdk/sdk/2.2.0/src/rp2_common/pico_double/double_v1_rom_shim_rp2040.S.o
                0x1000137c                double_table_shim_on_use_helper
 .text.__aeabi_lmul
                0x100013a8       0x32 CMakeFiles/blink.dir/Users/paulgallagher/.pico-sdk/sdk/2.2.0/src/rp2_common/pico_int64_ops/pico_int64_ops_aeabi.S.o
                0x100013a8                __wrap___aeabi_lmul
 *fill*         0x100013da        0x2 
 .text.__aeabi_float_init
                0x100013dc       0x64 CMakeFiles/blink.dir/Users/paulgallagher/.pico-sdk/sdk/2.2.0/src/rp2_common/pico_float/float_init_rom_rp2040.c.o
                0x100013dc                __aeabi_float_init
 .text.float_table_shim_on_use_helper
                0x10001440       0x2c CMakeFiles/blink.dir/Users/paulgallagher/.pico-sdk/sdk/2.2.0/src/rp2_common/pico_float/float_v1_rom_shim_rp2040.S.o
                0x10001440                float_table_shim_on_use_helper
 .text          0x1000146c       0x10 CMakeFiles/blink.dir/Users/paulgallagher/.pico-sdk/sdk/2.2.0/src/rp2_common/pico_mem_ops/mem_ops_aeabi.S.o
                0x1000146c                __aeabi_mem_init
 .text.memcpy   0x1000147c        0xc CMakeFiles/blink.dir/Users/paulgallagher/.pico-sdk/sdk/2.2.0/src/rp2_common/pico_mem_ops/mem_ops_aeabi.S.o
                0x1000147c                __wrap___aeabi_memcpy
                0x1000147c                __wrap_memcpy
 .text._out_char
                0x10001488       0x10 CMakeFiles/blink.dir/Users/paulgallagher/.pico-sdk/sdk/2.2.0/src/rp2_common/pico_printf/printf.c.o
 .text.weak_raw_vprintf
                0x10001498       0x30 CMakeFiles/blink.dir/Users/paulgallagher/.pico-sdk/sdk/2.2.0/src/rp2_common/pico_printf/printf.c.o
                0x10001498                weak_raw_vprintf
 .text._exit    0x100014c8        0x4 CMakeFiles/blink.dir/Users/paulgallagher/.pico-sdk/sdk/2.2.0/src/rp2_common/pico_clib_interface/newlib_interface.c.o
                0x100014c8                _exit
 .text.exit     0x100014cc        0x8 CMakeFiles/blink.dir/Users/paulgallagher/.pico-sdk/sdk/2.2.0/src/rp2_common/pico_clib_interface/newlib_interface.c.o
                0x100014cc                exit
 .text.runtime_init
                0x100014d4       0x2c CMakeFiles/blink.dir/Users/paulgallagher/.pico-sdk/sdk/2.2.0/src/rp2_common/pico_clib_interface/newlib_interface.c.o
                0x100014d4                runtime_init
 .text.stdio_out_chars_no_crlf
                0x10001500       0x10 CMakeFiles/blink.dir/Users/paulgallagher/.pico-sdk/sdk/2.2.0/src/rp2_common/pico_stdio/stdio.c.o
 .text.stdio_out_chars_crlf
                0x10001510       0xb0 CMakeFiles/blink.dir/Users/paulgallagher/.pico-sdk/sdk/2.2.0/src/rp2_common/pico_stdio/stdio.c.o
 .text.stdio_put_string
                0x100015c0       0xfc CMakeFiles/blink.dir/Users/paulgallagher/.pico-sdk/sdk/2.2.0/src/rp2_common/pico_stdio/stdio.c.o
                0x100015c0                stdio_put_string
 .text.__wrap_putchar
                0x100016bc       0x94 CMakeFiles/blink.dir/Users/paulgallagher/.pico-sdk/sdk/2.2.0/src/rp2_common/pico_stdio/stdio.c.o
                0x100016bc                stdio_putchar
                0x100016bc                __wrap_putchar
 .text.__wrap_puts
                0x10001750       0x3c CMakeFiles/blink.dir/Users/paulgallagher/.pico-sdk/sdk/2.2.0/src/rp2_common/pico_stdio/stdio.c.o
                0x10001750                __wrap_puts
                0x10001750                stdio_puts
 .text.strlen   0x1000178c       0x5c /Users/paulgallagher/.pico-sdk/toolchain/14_2_Rel1/bin/../lib/gcc/arm-none-eabi/14.2.1/../../../../arm-none-eabi/lib/thumb/v6-m/nofp/libg.a(libc_a-strlen-stub.o)
                0x1000178c                strlen
 *(.fini)
 .fini          0x100017e8        0x4 /Users/paulgallagher/.pico-sdk/toolchain/14_2_Rel1/bin/../lib/gcc/arm-none-eabi/14.2.1/thumb/v6-m/nofp/crti.o
                0x100017e8                _fini
 *fill*         0x100017ec        0x4 
 .fini.__stub   0x100017f0       0x30 linker stubs
 *crtbegin.o(.ctors)
 *crtbegin?.o(.ctors)
 *(EXCLUDE_FILE(*crtend.o *crtend?.o) .ctors)
 *(SORT_BY_NAME(.ctors.*))
 *(.ctors)
 *crtbegin.o(.dtors)
 *crtbegin?.o(.dtors)
 *(EXCLUDE_FILE(*crtend.o *crtend?.o) .dtors)
 *(SORT_BY_NAME(.dtors.*))
 *(.dtors)
                0x10001820                        . = ALIGN (0x4)
                0x10001820                        PROVIDE (__preinit_array_start = .)
 *(SORT_BY_NAME(.preinit_array.*))
 .preinit_array.00100
                0x10001820        0x4 CMakeFiles/blink.dir/Users/paulgallagher/.pico-sdk/sdk/2.2.0/src/rp2_common/pico_runtime_init/runtime_init.c.o
                0x10001820                __pre_init_runtime_init_early_resets
 .preinit_array.00101
                0x10001824        0x4 CMakeFiles/blink.dir/Users/paulgallagher/.pico-sdk/sdk/2.2.0/src/rp2_common/pico_runtime_init/runtime_init.c.o
                0x10001824                __pre_init_runtime_init_usb_power_down
 .preinit_array.00275
                0x10001828        0x4 CMakeFiles/blink.dir/Users/paulgallagher/.pico-sdk/sdk/2.2.0/src/rp2_common/pico_bit_ops/bit_ops_aeabi.S.o
 .preinit_array.00300
                0x1000182c        0x4 CMakeFiles/blink.dir/Users/paulgallagher/.pico-sdk/sdk/2.2.0/src/rp2_common/pico_mem_ops/mem_ops_aeabi.S.o
 .preinit_array.00350
                0x10001830        0x4 CMakeFiles/blink.dir/Users/paulgallagher/.pico-sdk/sdk/2.2.0/src/rp2_common/pico_double/double_aeabi_rp2040.S.o
 .preinit_array.00350
                0x10001834        0x4 CMakeFiles/blink.dir/Users/paulgallagher/.pico-sdk/sdk/2.2.0/src/rp2_common/pico_float/float_aeabi_rp2040.S.o
 .preinit_array.00500
                0x10001838        0x4 CMakeFiles/blink.dir/Users/paulgallagher/.pico-sdk/sdk/2.2.0/src/rp2_common/pico_runtime_init/runtime_init.c.o
                0x10001838                __pre_init_runtime_init_clocks
 .preinit_array.00600
                0x1000183c        0x4 CMakeFiles/blink.dir/Users/paulgallagher/.pico-sdk/sdk/2.2.0/src/rp2_common/pico_runtime_init/runtime_init.c.o
                0x1000183c                __pre_init_runtime_init_post_clock_resets
 .preinit_array.00700
                0x10001840        0x4 CMakeFiles/blink.dir/Users/paulgallagher/.pico-sdk/sdk/2.2.0/src/rp2_common/pico_runtime_init/runtime_init.c.o
                0x10001840                __pre_init_runtime_init_rp2040_gpio_ie_disable
 .preinit_array.01000
                0x10001844        0x4 CMakeFiles/blink.dir/Users/paulgallagher/.pico-sdk/sdk/2.2.0/src/rp2_common/pico_runtime_init/runtime_init.c.o
                0x10001844                __pre_init_runtime_init_spin_locks_reset
 .preinit_array.01100
                0x10001848        0x4 CMakeFiles/blink.dir/Users/paulgallagher/.pico-sdk/sdk/2.2.0/src/common/pico_sync/mutex.c.o
                0x10001848                __pre_init_runtime_init_mutex
 .preinit_array.10080
                0x1000184c        0x4 CMakeFiles/blink.dir/Users/paulgallagher/.pico-sdk/sdk/2.2.0/src/rp2_common/pico_runtime_init/runtime_init.c.o
                0x1000184c                __pre_init_runtime_init_install_ram_vector_table
 .preinit_array.11000
                0x10001850        0x4 CMakeFiles/blink.dir/Users/paulgallagher/.pico-sdk/sdk/2.2.0/src/common/pico_time/time.c.o
                0x10001850                __pre_init_runtime_init_default_alarm_pool
 .preinit_array.YYYYY
                0x10001854        0x4 CMakeFiles/blink.dir/Users/paulgallagher/.pico-sdk/sdk/2.2.0/src/rp2_common/pico_runtime/runtime.c.o
                0x10001854                __pre_init_first_per_core_initializer
 .preinit_array.ZZZZZ.01200
                0x10001858        0x4 CMakeFiles/blink.dir/Users/paulgallagher/.pico-sdk/sdk/2.2.0/src/rp2_common/hardware_irq/irq.c.o
                0x10001858                __pre_init_runtime_init_per_core_irq_priorities
 *(.preinit_array)
                0x1000185c                        PROVIDE (__preinit_array_end = .)
                0x1000185c                        . = ALIGN (0x4)
                0x1000185c                        PROVIDE (__init_array_start = .)
 *(SORT_BY_NAME(.init_array.*))
 *(.init_array)
 .init_array    0x1000185c        0x4 /Users/paulgallagher/.pico-sdk/toolchain/14_2_Rel1/bin/../lib/gcc/arm-none-eabi/14.2.1/thumb/v6-m/nofp/crtbegin.o
                0x10001860                        PROVIDE (__init_array_end = .)
                0x10001860                        . = ALIGN (0x4)
                [!provide]                        PROVIDE (__fini_array_start = .)
 *(SORT_BY_NAME(.fini_array.*))
 *(.fini_array)
                [!provide]                        PROVIDE (__fini_array_end = .)
 *(.eh_frame*)
 .eh_frame      0x10001860        0x0 /Users/paulgallagher/.pico-sdk/toolchain/14_2_Rel1/bin/../lib/gcc/arm-none-eabi/14.2.1/thumb/v6-m/nofp/crtbegin.o
                0x10001860                        . = ALIGN (0x4)

.glue_7         0x10001860        0x0
 .glue_7        0x10001860        0x0 linker stubs

.glue_7t        0x10001860        0x0
 .glue_7t       0x10001860        0x0 linker stubs

.vfp11_veneer   0x10001860        0x0
 .vfp11_veneer  0x10001860        0x0 linker stubs

.v4_bx          0x10001860        0x0
 .v4_bx         0x10001860        0x0 linker stubs

.iplt           0x10001860        0x0
 .iplt          0x10001860        0x0 /Users/paulgallagher/.pico-sdk/toolchain/14_2_Rel1/bin/../lib/gcc/arm-none-eabi/14.2.1/thumb/v6-m/nofp/crtbegin.o

.rodata         0x10001860       0xd8
 *(EXCLUDE_FILE(*libm.a: *libc.a:*lib_a-mem*.o *libgcc.a:) .rodata*)
 .rodata.panic.str1.4
                0x10001860       0x80 CMakeFiles/blink.dir/Users/paulgallagher/.pico-sdk/sdk/2.2.0/src/rp2_common/pico_platform_panic/panic.c.o
                                 0x12 (size before relaxing)
 .rodata.timer_hardware_alarm_claim.str1.4
                0x100018e0       0x22 CMakeFiles/blink.dir/Users/paulgallagher/.pico-sdk/sdk/2.2.0/src/rp2_common/hardware_timer/timer.c.o
 .rodata.hard_assertion_failure.str1.4
                0x100018e0        0xc CMakeFiles/blink.dir/Users/paulgallagher/.pico-sdk/sdk/2.2.0/src/rp2_common/pico_runtime/runtime.c.o
 .rodata.str1.4
                0x100018e0       0x3c CMakeFiles/blink.dir/Users/paulgallagher/.pico-sdk/sdk/2.2.0/src/rp2_common/pico_standard_binary_info/standard_binary_info.c.o
 .rodata.__bi_84
                0x100018e0        0xc CMakeFiles/blink.dir/Users/paulgallagher/.pico-sdk/sdk/2.2.0/src/rp2_common/pico_standard_binary_info/standard_binary_info.c.o
 .rodata.__bi_78
                0x100018ec        0xc CMakeFiles/blink.dir/Users/paulgallagher/.pico-sdk/sdk/2.2.0/src/rp2_common/pico_standard_binary_info/standard_binary_info.c.o
 .rodata.__bi_54
                0x100018f8        0xc CMakeFiles/blink.dir/Users/paulgallagher/.pico-sdk/sdk/2.2.0/src/rp2_common/pico_standard_binary_info/standard_binary_info.c.o
 .rodata.__bi_48
                0x10001904        0xc CMakeFiles/blink.dir/Users/paulgallagher/.pico-sdk/sdk/2.2.0/src/rp2_common/pico_standard_binary_info/standard_binary_info.c.o
 .rodata.__bi_42
                0x10001910        0xc CMakeFiles/blink.dir/Users/paulgallagher/.pico-sdk/sdk/2.2.0/src/rp2_common/pico_standard_binary_info/standard_binary_info.c.o
 .rodata.__bi_34
                0x1000191c        0xc CMakeFiles/blink.dir/Users/paulgallagher/.pico-sdk/sdk/2.2.0/src/rp2_common/pico_standard_binary_info/standard_binary_info.c.o
 .rodata.__bi_26
                0x10001928        0xc CMakeFiles/blink.dir/Users/paulgallagher/.pico-sdk/sdk/2.2.0/src/rp2_common/pico_standard_binary_info/standard_binary_info.c.o
 .rodata.crlf_str.0
                0x10001934        0x2 CMakeFiles/blink.dir/Users/paulgallagher/.pico-sdk/sdk/2.2.0/src/rp2_common/pico_stdio/stdio.c.o
                0x10001938                        . = ALIGN (0x4)
 *fill*         0x10001936        0x2 
 *(SORT_BY_ALIGNMENT(SORT_BY_NAME(.flashdata*)))
                0x10001938                        . = ALIGN (0x4)

.ARM.extab
 *(.ARM.extab* .gnu.linkonce.armextab.*)
                0x10001938                        __exidx_start = .

.ARM.exidx
 *(.ARM.exidx* .gnu.linkonce.armexidx.*)
                0x10001938                        __exidx_end = .
                0x10001938                        . = ALIGN (0x4)
                0x10001938                        __binary_info_start = .

.binary_info    0x10001938       0x1c
 *(.binary_info.keep.*)
 .binary_info.keep.__bi_ptr84
                0x10001938        0x4 CMakeFiles/blink.dir/Users/paulgallagher/.pico-sdk/sdk/2.2.0/src/rp2_common/pico_standard_binary_info/standard_binary_info.c.o
 .binary_info.keep.__bi_ptr78
                0x1000193c        0x4 CMakeFiles/blink.dir/Users/paulgallagher/.pico-sdk/sdk/2.2.0/src/rp2_common/pico_standard_binary_info/standard_binary_info.c.o
 .binary_info.keep.__bi_ptr54
                0x10001940        0x4 CMakeFiles/blink.dir/Users/paulgallagher/.pico-sdk/sdk/2.2.0/src/rp2_common/pico_standard_binary_info/standard_binary_info.c.o
 .binary_info.keep.__bi_ptr48
                0x10001944        0x4 CMakeFiles/blink.dir/Users/paulgallagher/.pico-sdk/sdk/2.2.0/src/rp2_common/pico_standard_binary_info/standard_binary_info.c.o
 .binary_info.keep.__bi_ptr42
                0x10001948        0x4 CMakeFiles/blink.dir/Users/paulgallagher/.pico-sdk/sdk/2.2.0/src/rp2_common/pico_standard_binary_info/standard_binary_info.c.o
 .binary_info.keep.__bi_ptr34
                0x1000194c        0x4 CMakeFiles/blink.dir/Users/paulgallagher/.pico-sdk/sdk/2.2.0/src/rp2_common/pico_standard_binary_info/standard_binary_info.c.o
 .binary_info.keep.__bi_ptr26
                0x10001950        0x4 CMakeFiles/blink.dir/Users/paulgallagher/.pico-sdk/sdk/2.2.0/src/rp2_common/pico_standard_binary_info/standard_binary_info.c.o
 *(.binary_info.*)
                0x10001954                        __binary_info_end = .
                0x10001954                        . = ALIGN (0x4)

.ram_vector_table
                0x20000000       0xc0
 *(.ram_vector_table)
 .ram_vector_table
                0x20000000       0xc0 CMakeFiles/blink.dir/Users/paulgallagher/.pico-sdk/sdk/2.2.0/src/rp2_common/pico_runtime_init/runtime_init.c.o
                0x20000000                ram_vector_table

.uninitialized_data
                0x200000c0        0x0
                0x200000c0                        . = ALIGN (0x4)
 *(.uninitialized_data*)

.data           0x200000c0      0x128 load address 0x10001954
                0x200000c0                        __data_start__ = .
 *(vtable)
 *(.time_critical*)
 .time_critical.mutex_try_enter_block_until
                0x200000c0       0x98 CMakeFiles/blink.dir/Users/paulgallagher/.pico-sdk/sdk/2.2.0/src/common/pico_sync/mutex.c.o
                0x200000c0                mutex_try_enter_block_until
 .time_critical.mutex_exit
                0x20000158       0x28 CMakeFiles/blink.dir/Users/paulgallagher/.pico-sdk/sdk/2.2.0/src/common/pico_sync/mutex.c.o
                0x20000158                mutex_exit
 *(.text*)
 .text          0x20000180        0x4 /Users/paulgallagher/.pico-sdk/toolchain/14_2_Rel1/bin/../lib/gcc/arm-none-eabi/14.2.1/thumb/v6-m/nofp/libgcc.a(_dvmd_tls.o)
                0x20000180                __aeabi_ldiv0
                0x20000180                __aeabi_idiv0
 *fill*         0x20000184        0x4 
 .text.__stub   0x20000188       0x10 linker stubs
                0x20000198                        . = ALIGN (0x4)
 *(.rodata*)
                0x20000198                        . = ALIGN (0x4)
 *(.data*)
 .data.striped_spin_lock_num
                0x20000198        0x1 CMakeFiles/blink.dir/Users/paulgallagher/.pico-sdk/sdk/2.2.0/src/rp2_common/hardware_sync/sync.c.o
 *fill*         0x20000199        0x3 
 .data.default_alarm_pool
                0x2000019c       0x18 CMakeFiles/blink.dir/Users/paulgallagher/.pico-sdk/sdk/2.2.0/src/common/pico_time/time.c.o
 *fill*         0x200001b4        0xc 
 .data.aeabi_bits_funcs
                0x200001c0       0x10 CMakeFiles/blink.dir/Users/paulgallagher/.pico-sdk/sdk/2.2.0/src/rp2_common/pico_bit_ops/bit_ops_aeabi.S.o
                0x200001c0                aeabi_bits_funcs
                0x200001d0                aeabi_bits_funcs_end
 .data.aeabi_mem_funcs
                0x200001d0       0x10 CMakeFiles/blink.dir/Users/paulgallagher/.pico-sdk/sdk/2.2.0/src/rp2_common/pico_mem_ops/mem_ops_aeabi.S.o
                0x200001d0                aeabi_mem_funcs
                0x200001e0                aeabi_mem_funcs_end
                0x200001e0                        . = ALIGN (0x4)
 *(.after_data.*)
                0x200001e0                        . = ALIGN (0x4)
                0x200001e0                        PROVIDE (__mutex_array_start = .)
 *(SORT_BY_NAME(.mutex_array.*))
 *(.mutex_array)
 .mutex_array   0x200001e0        0x8 CMakeFiles/blink.dir/Users/paulgallagher/.pico-sdk/sdk/2.2.0/src/rp2_common/pico_stdio/stdio.c.o
                0x200001e8                        PROVIDE (__mutex_array_end = .)
                0x200001e8                        . = ALIGN (0x4)
 *(.jcr)
                0x200001e8                        . = ALIGN (0x4)

.tm_clone_table
                0x200001e8        0x0 load address 0x10001a7c
 .tm_clone_table
                0x200001e8        0x0 /Users/paulgallagher/.pico-sdk/toolchain/14_2_Rel1/bin/../lib/gcc/arm-none-eabi/14.2.1/thumb/v6-m/nofp/crtbegin.o
 .tm_clone_table
                0x200001e8        0x0 /Users/paulgallagher/.pico-sdk/toolchain/14_2_Rel1/bin/../lib/gcc/arm-none-eabi/14.2.1/thumb/v6-m/nofp/crtend.o

.igot.plt       0x200001e8        0x0 load address 0x10001a7c
 .igot.plt      0x200001e8        0x0 /Users/paulgallagher/.pico-sdk/toolchain/14_2_Rel1/bin/../lib/gcc/arm-none-eabi/14.2.1/thumb/v6-m/nofp/crtbegin.o

.tdata          0x200001e8        0x0 load address 0x10001a7c
                0x200001e8                        . = ALIGN (0x4)
 *(.tdata .tdata.* .gnu.linkonce.td.*)
                0x200001e8                        __tdata_end = .
                0x200001e8                        PROVIDE (__data_end__ = .)
                0x10001954                        __etext = LOADADDR (.data)

.tbss           0x200001e8        0x0 load address 0x10001a7c
                0x200001e8                        . = ALIGN (0x4)
                0x200001e8                        __bss_start__ = .
                0x200001e8                        __tls_base = .
 *(.tbss .tbss.* .gnu.linkonce.tb.*)
 *(.tcommon)
                0x200001e8                        __tls_end = .

.bss            0x200001e8      0x3e8 load address 0x10001a7c
                0x200001e8                        . = ALIGN (0x4)
                0x200001e8                        __tbss_end = .
 *(SORT_BY_ALIGNMENT(SORT_BY_NAME(.bss*)))
 .bss.default_alarm_pool_entries
                0x200001e8      0x180 CMakeFiles/blink.dir/Users/paulgallagher/.pico-sdk/sdk/2.2.0/src/common/pico_time/time.c.o
 .bss.sd_table  0x20000368      0x100 CMakeFiles/blink.dir/Users/paulgallagher/.pico-sdk/sdk/2.2.0/src/rp2_common/pico_double/double_init_rom_rp2040.c.o
                0x20000368                sd_table
 .bss.sf_table  0x20000468      0x100 CMakeFiles/blink.dir/Users/paulgallagher/.pico-sdk/sdk/2.2.0/src/rp2_common/pico_float/float_init_rom_rp2040.c.o
                0x20000468                sf_table
 .bss.claimed   0x20000568        0x1 CMakeFiles/blink.dir/Users/paulgallagher/.pico-sdk/sdk/2.2.0/src/rp2_common/hardware_timer/timer.c.o
 *fill*         0x20000569        0x3 
 .bss.configured_freq
                0x2000056c       0x28 CMakeFiles/blink.dir/Users/paulgallagher/.pico-sdk/sdk/2.2.0/src/rp2_common/hardware_clocks/clocks.c.o
 .bss.drivers   0x20000594        0x4 CMakeFiles/blink.dir/Users/paulgallagher/.pico-sdk/sdk/2.2.0/src/rp2_common/pico_stdio/stdio.c.o
 .bss.filter    0x20000598        0x4 CMakeFiles/blink.dir/Users/paulgallagher/.pico-sdk/sdk/2.2.0/src/rp2_common/pico_stdio/stdio.c.o
 .bss.lazy_vsnprintf
                0x2000059c        0x4 CMakeFiles/blink.dir/Users/paulgallagher/.pico-sdk/sdk/2.2.0/src/rp2_common/pico_printf/printf.c.o
 .bss.object.0  0x200005a0       0x18 /Users/paulgallagher/.pico-sdk/toolchain/14_2_Rel1/bin/../lib/gcc/arm-none-eabi/14.2.1/thumb/v6-m/nofp/crtbegin.o
 .bss.pools     0x200005b8       0x10 CMakeFiles/blink.dir/Users/paulgallagher/.pico-sdk/sdk/2.2.0/src/common/pico_time/time.c.o
 .bss.sf_clz_func
                0x200005c8        0x4 CMakeFiles/blink.dir/Users/paulgallagher/.pico-sdk/sdk/2.2.0/src/rp2_common/pico_double/double_init_rom_rp2040.c.o
                0x200005c8                sf_clz_func
 .bss.sleep_notifier
                0x200005cc        0x4 CMakeFiles/blink.dir/Users/paulgallagher/.pico-sdk/sdk/2.2.0/src/common/pico_time/time.c.o
 *(COMMON)
                0x200005d0                        . = ALIGN (0x4)
                0x200005d0                        __bss_end__ = .

.heap           0x200005d0      0x800 load address 0x10001a7c
                0x200005d0                        __end__ = .
                0x200005d0                        end = __end__
 *(.heap*)
 .heap          0x200005d0      0x800 CMakeFiles/blink.dir/Users/paulgallagher/.pico-sdk/sdk/2.2.0/src/rp2_common/pico_crt0/crt0.S.o
                0x20040000                        __HeapLimit = (ORIGIN (RAM) + LENGTH (RAM))

.scratch_x      0x20040000        0x0 load address 0x10001a7c
                0x20040000                        __scratch_x_start__ = .
 *(.scratch_x.*)
                0x20040000                        . = ALIGN (0x4)
                0x20040000                        __scratch_x_end__ = .
                0x10001a7c                        __scratch_x_source__ = LOADADDR (.scratch_x)

.scratch_y      0x20041000        0x0 load address 0x10001a7c
                0x20041000                        __scratch_y_start__ = .
 *(.scratch_y.*)
                0x20041000                        . = ALIGN (0x4)
                0x20041000                        __scratch_y_end__ = .
                0x10001a7c                        __scratch_y_source__ = LOADADDR (.scratch_y)

.stack1_dummy
 *(.stack1*)

.stack_dummy    0x20041000      0x800
 *(.stack*)
 .stack         0x20041000      0x800 CMakeFiles/blink.dir/Users/paulgallagher/.pico-sdk/sdk/2.2.0/src/rp2_common/pico_crt0/crt0.S.o

.rel.dyn        0x20041800        0x0
 .rel.iplt      0x20041800        0x0 /Users/paulgallagher/.pico-sdk/toolchain/14_2_Rel1/bin/../lib/gcc/arm-none-eabi/14.2.1/thumb/v6-m/nofp/crtbegin.o

.flash_end      0x10001a7c        0x0
 *(.embedded_end_block*)
                0x10001a7c                        PROVIDE (__flash_binary_end = .)
                0x20040000                        __StackLimit = (ORIGIN (RAM) + LENGTH (RAM))
                0x20041000                        __StackOneTop = (ORIGIN (SCRATCH_X) + LENGTH (SCRATCH_X))
                0x20042000                        __StackTop = (ORIGIN (SCRATCH_Y) + LENGTH (SCRATCH_Y))
                0x20041000                        __StackOneBottom = (__StackOneTop - SIZEOF (.stack1_dummy))
                0x20041800                        __StackBottom = (__StackTop - SIZEOF (.stack_dummy))
                0x20042000                        PROVIDE (__stack = __StackTop)
                [!provide]                        PROVIDE (__heap_start = __end__)
                [!provide]                        PROVIDE (__heap_end = __HeapLimit)
                [!provide]                        PROVIDE (__tls_align = MAX (ALIGNOF (.tdata), ALIGNOF (.tbss)))
                [!provide]                        PROVIDE (__tls_size_align = (((__tls_size + __tls_align) - 0x1) & ~ ((__tls_align - 0x1))))
                [!provide]                        PROVIDE (__arm32_tls_tcb_offset = MAX (0x8, __tls_align))
                [!provide]                        PROVIDE (_end = __end__)
                [!provide]                        PROVIDE (__llvm_libc_heap_limit = __HeapLimit)
                0x00000001                        ASSERT ((__StackLimit >= __HeapLimit), region RAM overflowed)
                0x00000001                        ASSERT (((__binary_info_header_end - __logical_binary_start) <= 0x100), Binary info must be in first 256 bytes of the binary)
LOAD CMakeFiles/blink.dir/blink.c.o
LOAD CMakeFiles/blink.dir/Users/paulgallagher/.pico-sdk/sdk/2.2.0/src/rp2_common/pico_stdlib/stdlib.c.o
LOAD CMakeFiles/blink.dir/Users/paulgallagher/.pico-sdk/sdk/2.2.0/src/rp2_common/hardware_gpio/gpio.c.o
LOAD CMakeFiles/blink.dir/Users/paulgallagher/.pico-sdk/sdk/2.2.0/src/rp2040/pico_platform/platform.c.o
LOAD CMakeFiles/blink.dir/Users/paulgallagher/.pico-sdk/sdk/2.2.0/src/rp2_common/pico_platform_common/common.c.o
LOAD CMakeFiles/blink.dir/Users/paulgallagher/.pico-sdk/sdk/2.2.0/src/rp2_common/pico_platform_panic/panic.c.o
LOAD CMakeFiles/blink.dir/Users/paulgallagher/.pico-sdk/sdk/2.2.0/src/common/hardware_claim/claim.c.o
LOAD CMakeFiles/blink.dir/Users/paulgallagher/.pico-sdk/sdk/2.2.0/src/rp2_common/hardware_sync/sync.c.o
LOAD CMakeFiles/blink.dir/Users/paulgallagher/.pico-sdk/sdk/2.2.0/src/rp2_common/hardware_sync_spin_lock/sync_spin_lock.c.o
LOAD CMakeFiles/blink.dir/Users/paulgallagher/.pico-sdk/sdk/2.2.0/src/rp2_common/hardware_irq/irq.c.o
LOAD CMakeFiles/blink.dir/Users/paulgallagher/.pico-sdk/sdk/2.2.0/src/rp2_common/hardware_irq/irq_handler_chain.S.o
LOAD CMakeFiles/blink.dir/Users/paulgallagher/.pico-sdk/sdk/2.2.0/src/common/pico_sync/sem.c.o
LOAD CMakeFiles/blink.dir/Users/paulgallagher/.pico-sdk/sdk/2.2.0/src/common/pico_sync/lock_core.c.o
LOAD CMakeFiles/blink.dir/Users/paulgallagher/.pico-sdk/sdk/2.2.0/src/common/pico_sync/mutex.c.o
LOAD CMakeFiles/blink.dir/Users/paulgallagher/.pico-sdk/sdk/2.2.0/src/common/pico_sync/critical_section.c.o
LOAD CMakeFiles/blink.dir/Users/paulgallagher/.pico-sdk/sdk/2.2.0/src/common/pico_time/time.c.o
LOAD CMakeFiles/blink.dir/Users/paulgallagher/.pico-sdk/sdk/2.2.0/src/common/pico_time/timeout_helper.c.o
LOAD CMakeFiles/blink.dir/Users/paulgallagher/.pico-sdk/sdk/2.2.0/src/rp2_common/hardware_timer/timer.c.o
LOAD CMakeFiles/blink.dir/Users/paulgallagher/.pico-sdk/sdk/2.2.0/src/common/pico_util/datetime.c.o
LOAD CMakeFiles/blink.dir/Users/paulgallagher/.pico-sdk/sdk/2.2.0/src/common/pico_util/pheap.c.o
LOAD CMakeFiles/blink.dir/Users/paulgallagher/.pico-sdk/sdk/2.2.0/src/common/pico_util/queue.c.o
LOAD CMakeFiles/blink.dir/Users/paulgallagher/.pico-sdk/sdk/2.2.0/src/rp2_common/hardware_uart/uart.c.o
LOAD CMakeFiles/blink.dir/Users/paulgallagher/.pico-sdk/sdk/2.2.0/src/rp2_common/hardware_clocks/clocks.c.o
LOAD CMakeFiles/blink.dir/Users/paulgallagher/.pico-sdk/sdk/2.2.0/src/rp2_common/hardware_pll/pll.c.o
LOAD CMakeFiles/blink.dir/Users/paulgallagher/.pico-sdk/sdk/2.2.0/src/rp2_common/hardware_vreg/vreg.c.o
LOAD CMakeFiles/blink.dir/Users/paulgallagher/.pico-sdk/sdk/2.2.0/src/rp2_common/hardware_watchdog/watchdog.c.o
LOAD CMakeFiles/blink.dir/Users/paulgallagher/.pico-sdk/sdk/2.2.0/src/rp2_common/hardware_ticks/ticks.c.o
LOAD CMakeFiles/blink.dir/Users/paulgallagher/.pico-sdk/sdk/2.2.0/src/rp2_common/pico_bootrom/bootrom.c.o
LOAD CMakeFiles/blink.dir/Users/paulgallagher/.pico-sdk/sdk/2.2.0/src/rp2_common/pico_bootrom/bootrom_lock.c.o
LOAD CMakeFiles/blink.dir/Users/paulgallagher/.pico-sdk/sdk/2.2.0/src/rp2_common/hardware_boot_lock/boot_lock.c.o
LOAD CMakeFiles/blink.dir/Users/paulgallagher/.pico-sdk/sdk/2.2.0/src/rp2_common/pico_flash/flash.c.o
LOAD CMakeFiles/blink.dir/Users/paulgallagher/.pico-sdk/sdk/2.2.0/src/rp2_common/hardware_xosc/xosc.c.o
LOAD CMakeFiles/blink.dir/Users/paulgallagher/.pico-sdk/sdk/2.2.0/src/rp2_common/hardware_divider/divider.S.o
LOAD CMakeFiles/blink.dir/Users/paulgallagher/.pico-sdk/sdk/2.2.0/src/rp2_common/pico_runtime/runtime.c.o
LOAD CMakeFiles/blink.dir/Users/paulgallagher/.pico-sdk/sdk/2.2.0/src/rp2_common/pico_runtime_init/runtime_init.c.o
LOAD CMakeFiles/blink.dir/Users/paulgallagher/.pico-sdk/sdk/2.2.0/src/rp2_common/pico_runtime_init/runtime_init_clocks.c.o
LOAD CMakeFiles/blink.dir/Users/paulgallagher/.pico-sdk/sdk/2.2.0/src/rp2_common/pico_runtime_init/runtime_init_stack_guard.c.o
LOAD CMakeFiles/blink.dir/Users/paulgallagher/.pico-sdk/sdk/2.2.0/src/rp2_common/pico_bit_ops/bit_ops_aeabi.S.o
LOAD CMakeFiles/blink.dir/Users/paulgallagher/.pico-sdk/sdk/2.2.0/src/rp2_common/pico_divider/divider_hardware.S.o
LOAD CMakeFiles/blink.dir/Users/paulgallagher/.pico-sdk/sdk/2.2.0/src/rp2_common/pico_double/double_aeabi_rp2040.S.o
LOAD CMakeFiles/blink.dir/Users/paulgallagher/.pico-sdk/sdk/2.2.0/src/rp2_common/pico_double/double_init_rom_rp2040.c.o
LOAD CMakeFiles/blink.dir/Users/paulgallagher/.pico-sdk/sdk/2.2.0/src/rp2_common/pico_double/double_math.c.o
LOAD CMakeFiles/blink.dir/Users/paulgallagher/.pico-sdk/sdk/2.2.0/src/rp2_common/pico_double/double_v1_rom_shim_rp2040.S.o
LOAD CMakeFiles/blink.dir/Users/paulgallagher/.pico-sdk/sdk/2.2.0/src/rp2_common/pico_int64_ops/pico_int64_ops_aeabi.S.o
LOAD CMakeFiles/blink.dir/Users/paulgallagher/.pico-sdk/sdk/2.2.0/src/rp2_common/pico_float/float_aeabi_rp2040.S.o
LOAD CMakeFiles/blink.dir/Users/paulgallagher/.pico-sdk/sdk/2.2.0/src/rp2_common/pico_float/float_init_rom_rp2040.c.o
LOAD CMakeFiles/blink.dir/Users/paulgallagher/.pico-sdk/sdk/2.2.0/src/rp2_common/pico_float/float_math.c.o
LOAD CMakeFiles/blink.dir/Users/paulgallagher/.pico-sdk/sdk/2.2.0/src/rp2_common/pico_float/float_v1_rom_shim_rp2040.S.o
LOAD CMakeFiles/blink.dir/Users/paulgallagher/.pico-sdk/sdk/2.2.0/src/rp2_common/pico_malloc/malloc.c.o
LOAD CMakeFiles/blink.dir/Users/paulgallagher/.pico-sdk/sdk/2.2.0/src/rp2_common/pico_mem_ops/mem_ops_aeabi.S.o
LOAD CMakeFiles/blink.dir/Users/paulgallagher/.pico-sdk/sdk/2.2.0/src/rp2_common/pico_atomic/atomic.c.o
LOAD CMakeFiles/blink.dir/Users/paulgallagher/.pico-sdk/sdk/2.2.0/src/rp2_common/pico_cxx_options/new_delete.cpp.o
LOAD CMakeFiles/blink.dir/Users/paulgallagher/.pico-sdk/sdk/2.2.0/src/rp2_common/pico_standard_binary_info/standard_binary_info.c.o
LOAD CMakeFiles/blink.dir/Users/paulgallagher/.pico-sdk/sdk/2.2.0/src/rp2_common/pico_printf/printf.c.o
LOAD CMakeFiles/blink.dir/Users/paulgallagher/.pico-sdk/sdk/2.2.0/src/rp2_common/pico_crt0/crt0.S.o
LOAD CMakeFiles/blink.dir/Users/paulgallagher/.pico-sdk/sdk/2.2.0/src/rp2_common/pico_clib_interface/newlib_interface.c.o
LOAD CMakeFiles/blink.dir/Users/paulgallagher/.pico-sdk/sdk/2.2.0/src/rp2_common/pico_stdio/stdio.c.o
LOAD CMakeFiles/blink.dir/Users/paulgallagher/.pico-sdk/sdk/2.2.0/src/rp2_common/pico_stdio_uart/stdio_uart.c.o
LOAD pico-sdk/src/rp2040/boot_stage2/CMakeFiles/bs2_default_library.dir/./bs2_default_padded_checksummed.S.o
LOAD /Users/paulgallagher/.pico-sdk/toolchain/14_2_Rel1/bin/../lib/gcc/arm-none-eabi/14.2.1/../../../../arm-none-eabi/lib/thumb/v6-m/nofp/libstdc++.a
LOAD /Users/paulgallagher/.pico-sdk/toolchain/14_2_Rel1/bin/../lib/gcc/arm-none-eabi/14.2.1/../../../../arm-none-eabi/lib/thumb/v6-m/nofp/libm.a
START GROUP
LOAD /Users/paulgallagher/.pico-sdk/toolchain/14_2_Rel1/bin/../lib/gcc/arm-none-eabi/14.2.1/thumb/v6-m/nofp/libgcc.a
LOAD /Users/paulgallagher/.pico-sdk/toolchain/14_2_Rel1/bin/../lib/gcc/arm-none-eabi/14.2.1/../../../../arm-none-eabi/lib/thumb/v6-m/nofp/libg.a
LOAD /Users/paulgallagher/.pico-sdk/toolchain/14_2_Rel1/bin/../lib/gcc/arm-none-eabi/14.2.1/../../../../arm-none-eabi/lib/thumb/v6-m/nofp/libc.a
END GROUP
START GROUP
LOAD /Users/paulgallagher/.pico-sdk/toolchain/14_2_Rel1/bin/../lib/gcc/arm-none-eabi/14.2.1/thumb/v6-m/nofp/libgcc.a
LOAD /Users/paulgallagher/.pico-sdk/toolchain/14_2_Rel1/bin/../lib/gcc/arm-none-eabi/14.2.1/../../../../arm-none-eabi/lib/thumb/v6-m/nofp/libc.a
LOAD /Users/paulgallagher/.pico-sdk/toolchain/14_2_Rel1/bin/../lib/gcc/arm-none-eabi/14.2.1/../../../../arm-none-eabi/lib/thumb/v6-m/nofp/libnosys.a
END GROUP
LOAD /Users/paulgallagher/.pico-sdk/toolchain/14_2_Rel1/bin/../lib/gcc/arm-none-eabi/14.2.1/thumb/v6-m/nofp/crtend.o
LOAD /Users/paulgallagher/.pico-sdk/toolchain/14_2_Rel1/bin/../lib/gcc/arm-none-eabi/14.2.1/thumb/v6-m/nofp/crtn.o
OUTPUT(blink.elf elf32-littlearm)
LOAD linker stubs

.ARM.attributes
                0x00000000       0x28
 .ARM.attributes
                0x00000000       0x1e /Users/paulgallagher/.pico-sdk/toolchain/14_2_Rel1/bin/../lib/gcc/arm-none-eabi/14.2.1/thumb/v6-m/nofp/crti.o
 .ARM.attributes
                0x0000001e       0x2c /Users/paulgallagher/.pico-sdk/toolchain/14_2_Rel1/bin/../lib/gcc/arm-none-eabi/14.2.1/thumb/v6-m/nofp/crtbegin.o
 .ARM.attributes
                0x0000004a       0x2c CMakeFiles/blink.dir/blink.c.o
 .ARM.attributes
                0x00000076       0x2c CMakeFiles/blink.dir/Users/paulgallagher/.pico-sdk/sdk/2.2.0/src/rp2_common/hardware_gpio/gpio.c.o
 .ARM.attributes
                0x000000a2       0x2c CMakeFiles/blink.dir/Users/paulgallagher/.pico-sdk/sdk/2.2.0/src/rp2_common/pico_platform_panic/panic.c.o
 .ARM.attributes
                0x000000ce       0x2c CMakeFiles/blink.dir/Users/paulgallagher/.pico-sdk/sdk/2.2.0/src/common/hardware_claim/claim.c.o
 .ARM.attributes
                0x000000fa       0x2c CMakeFiles/blink.dir/Users/paulgallagher/.pico-sdk/sdk/2.2.0/src/rp2_common/hardware_sync/sync.c.o
 .ARM.attributes
                0x00000126       0x2c CMakeFiles/blink.dir/Users/paulgallagher/.pico-sdk/sdk/2.2.0/src/rp2_common/hardware_sync_spin_lock/sync_spin_lock.c.o
 .ARM.attributes
                0x00000152       0x2c CMakeFiles/blink.dir/Users/paulgallagher/.pico-sdk/sdk/2.2.0/src/rp2_common/hardware_irq/irq.c.o
 .ARM.attributes
                0x0000017e       0x2c CMakeFiles/blink.dir/Users/paulgallagher/.pico-sdk/sdk/2.2.0/src/common/pico_sync/lock_core.c.o
 .ARM.attributes
                0x000001aa       0x2c CMakeFiles/blink.dir/Users/paulgallagher/.pico-sdk/sdk/2.2.0/src/common/pico_sync/mutex.c.o
 .ARM.attributes
                0x000001d6       0x2c CMakeFiles/blink.dir/Users/paulgallagher/.pico-sdk/sdk/2.2.0/src/common/pico_time/time.c.o
 .ARM.attributes
                0x00000202       0x2c CMakeFiles/blink.dir/Users/paulgallagher/.pico-sdk/sdk/2.2.0/src/rp2_common/hardware_timer/timer.c.o
 .ARM.attributes
                0x0000022e       0x2c CMakeFiles/blink.dir/Users/paulgallagher/.pico-sdk/sdk/2.2.0/src/rp2_common/hardware_clocks/clocks.c.o
 .ARM.attributes
                0x0000025a       0x2c CMakeFiles/blink.dir/Users/paulgallagher/.pico-sdk/sdk/2.2.0/src/rp2_common/hardware_pll/pll.c.o
 .ARM.attributes
                0x00000286       0x2c CMakeFiles/blink.dir/Users/paulgallagher/.pico-sdk/sdk/2.2.0/src/rp2_common/hardware_ticks/ticks.c.o
 .ARM.attributes
                0x000002b2       0x2c CMakeFiles/blink.dir/Users/paulgallagher/.pico-sdk/sdk/2.2.0/src/rp2_common/pico_bootrom/bootrom.c.o
 .ARM.attributes
                0x000002de       0x2c CMakeFiles/blink.dir/Users/paulgallagher/.pico-sdk/sdk/2.2.0/src/rp2_common/hardware_xosc/xosc.c.o
 .ARM.attributes
                0x0000030a       0x2c CMakeFiles/blink.dir/Users/paulgallagher/.pico-sdk/sdk/2.2.0/src/rp2_common/pico_runtime/runtime.c.o
 .ARM.attributes
                0x00000336       0x2c CMakeFiles/blink.dir/Users/paulgallagher/.pico-sdk/sdk/2.2.0/src/rp2_common/pico_runtime_init/runtime_init.c.o
 .ARM.attributes
                0x00000362       0x2c CMakeFiles/blink.dir/Users/paulgallagher/.pico-sdk/sdk/2.2.0/src/rp2_common/pico_runtime_init/runtime_init_clocks.c.o
 .ARM.attributes
                0x0000038e       0x22 CMakeFiles/blink.dir/Users/paulgallagher/.pico-sdk/sdk/2.2.0/src/rp2_common/pico_bit_ops/bit_ops_aeabi.S.o
 .ARM.attributes
                0x000003b0       0x22 CMakeFiles/blink.dir/Users/paulgallagher/.pico-sdk/sdk/2.2.0/src/rp2_common/pico_divider/divider_hardware.S.o
 .ARM.attributes
                0x000003d2       0x22 CMakeFiles/blink.dir/Users/paulgallagher/.pico-sdk/sdk/2.2.0/src/rp2_common/pico_double/double_aeabi_rp2040.S.o
 .ARM.attributes
                0x000003f4       0x2c CMakeFiles/blink.dir/Users/paulgallagher/.pico-sdk/sdk/2.2.0/src/rp2_common/pico_double/double_init_rom_rp2040.c.o
 .ARM.attributes
                0x00000420       0x22 CMakeFiles/blink.dir/Users/paulgallagher/.pico-sdk/sdk/2.2.0/src/rp2_common/pico_double/double_v1_rom_shim_rp2040.S.o
 .ARM.attributes
                0x00000442       0x22 CMakeFiles/blink.dir/Users/paulgallagher/.pico-sdk/sdk/2.2.0/src/rp2_common/pico_int64_ops/pico_int64_ops_aeabi.S.o
 .ARM.attributes
                0x00000464       0x22 CMakeFiles/blink.dir/Users/paulgallagher/.pico-sdk/sdk/2.2.0/src/rp2_common/pico_float/float_aeabi_rp2040.S.o
 .ARM.attributes
                0x00000486       0x2c CMakeFiles/blink.dir/Users/paulgallagher/.pico-sdk/sdk/2.2.0/src/rp2_common/pico_float/float_init_rom_rp2040.c.o
 .ARM.attributes
                0x000004b2       0x22 CMakeFiles/blink.dir/Users/paulgallagher/.pico-sdk/sdk/2.2.0/src/rp2_common/pico_float/float_v1_rom_shim_rp2040.S.o
 .ARM.attributes
                0x000004d4       0x22 CMakeFiles/blink.dir/Users/paulgallagher/.pico-sdk/sdk/2.2.0/src/rp2_common/pico_mem_ops/mem_ops_aeabi.S.o
 .ARM.attributes
                0x000004f6       0x2c CMakeFiles/blink.dir/Users/paulgallagher/.pico-sdk/sdk/2.2.0/src/rp2_common/pico_standard_binary_info/standard_binary_info.c.o
 .ARM.attributes
                0x00000522       0x2c CMakeFiles/blink.dir/Users/paulgallagher/.pico-sdk/sdk/2.2.0/src/rp2_common/pico_printf/printf.c.o
 .ARM.attributes
                0x0000054e       0x22 CMakeFiles/blink.dir/Users/paulgallagher/.pico-sdk/sdk/2.2.0/src/rp2_common/pico_crt0/crt0.S.o
 .ARM.attributes
                0x00000570       0x2c CMakeFiles/blink.dir/Users/paulgallagher/.pico-sdk/sdk/2.2.0/src/rp2_common/pico_clib_interface/newlib_interface.c.o
 .ARM.attributes
                0x0000059c       0x2c CMakeFiles/blink.dir/Users/paulgallagher/.pico-sdk/sdk/2.2.0/src/rp2_common/pico_stdio/stdio.c.o
 .ARM.attributes
                0x000005c8       0x22 pico-sdk/src/rp2040/boot_stage2/CMakeFiles/bs2_default_library.dir/./bs2_default_padded_checksummed.S.o
 .ARM.attributes
                0x000005ea       0x1e /Users/paulgallagher/.pico-sdk/toolchain/14_2_Rel1/bin/../lib/gcc/arm-none-eabi/14.2.1/thumb/v6-m/nofp/libgcc.a(_dvmd_tls.o)
 .ARM.attributes
                0x00000608       0x2c /Users/paulgallagher/.pico-sdk/toolchain/14_2_Rel1/bin/../lib/gcc/arm-none-eabi/14.2.1/../../../../arm-none-eabi/lib/thumb/v6-m/nofp/libg.a(libc_a-strlen-stub.o)
 .ARM.attributes
                0x00000634       0x2c /Users/paulgallagher/.pico-sdk/toolchain/14_2_Rel1/bin/../lib/gcc/arm-none-eabi/14.2.1/thumb/v6-m/nofp/crtend.o

.comment        0x00000000       0x45
 .comment       0x00000000       0x45 CMakeFiles/blink.dir/blink.c.o
                                 0x46 (size before relaxing)
 .comment       0x00000045       0x46 CMakeFiles/blink.dir/Users/paulgallagher/.pico-sdk/sdk/2.2.0/src/rp2_common/hardware_gpio/gpio.c.o
 .comment       0x00000045       0x46 CMakeFiles/blink.dir/Users/paulgallagher/.pico-sdk/sdk/2.2.0/src/rp2_common/pico_platform_panic/panic.c.o
 .comment       0x00000045       0x46 CMakeFiles/blink.dir/Users/paulgallagher/.pico-sdk/sdk/2.2.0/src/common/hardware_claim/claim.c.o
 .comment       0x00000045       0x46 CMakeFiles/blink.dir/Users/paulgallagher/.pico-sdk/sdk/2.2.0/src/rp2_common/hardware_sync/sync.c.o
 .comment       0x00000045       0x46 CMakeFiles/blink.dir/Users/paulgallagher/.pico-sdk/sdk/2.2.0/src/rp2_common/hardware_sync_spin_lock/sync_spin_lock.c.o
 .comment       0x00000045       0x46 CMakeFiles/blink.dir/Users/paulgallagher/.pico-sdk/sdk/2.2.0/src/rp2_common/hardware_irq/irq.c.o
 .comment       0x00000045       0x46 CMakeFiles/blink.dir/Users/paulgallagher/.pico-sdk/sdk/2.2.0/src/common/pico_sync/lock_core.c.o
 .comment       0x00000045       0x46 CMakeFiles/blink.dir/Users/paulgallagher/.pico-sdk/sdk/2.2.0/src/common/pico_sync/mutex.c.o
 .comment       0x00000045       0x46 CMakeFiles/blink.dir/Users/paulgallagher/.pico-sdk/sdk/2.2.0/src/common/pico_time/time.c.o
 .comment       0x00000045       0x46 CMakeFiles/blink.dir/Users/paulgallagher/.pico-sdk/sdk/2.2.0/src/rp2_common/hardware_timer/timer.c.o
 .comment       0x00000045       0x46 CMakeFiles/blink.dir/Users/paulgallagher/.pico-sdk/sdk/2.2.0/src/rp2_common/hardware_clocks/clocks.c.o
 .comment       0x00000045       0x46 CMakeFiles/blink.dir/Users/paulgallagher/.pico-sdk/sdk/2.2.0/src/rp2_common/hardware_pll/pll.c.o
 .comment       0x00000045       0x46 CMakeFiles/blink.dir/Users/paulgallagher/.pico-sdk/sdk/2.2.0/src/rp2_common/hardware_ticks/ticks.c.o
 .comment       0x00000045       0x46 CMakeFiles/blink.dir/Users/paulgallagher/.pico-sdk/sdk/2.2.0/src/rp2_common/pico_bootrom/bootrom.c.o
 .comment       0x00000045       0x46 CMakeFiles/blink.dir/Users/paulgallagher/.pico-sdk/sdk/2.2.0/src/rp2_common/hardware_xosc/xosc.c.o
 .comment       0x00000045       0x46 CMakeFiles/blink.dir/Users/paulgallagher/.pico-sdk/sdk/2.2.0/src/rp2_common/pico_runtime/runtime.c.o
 .comment       0x00000045       0x46 CMakeFiles/blink.dir/Users/paulgallagher/.pico-sdk/sdk/2.2.0/src/rp2_common/pico_runtime_init/runtime_init.c.o
 .comment       0x00000045       0x46 CMakeFiles/blink.dir/Users/paulgallagher/.pico-sdk/sdk/2.2.0/src/rp2_common/pico_runtime_init/runtime_init_clocks.c.o
 .comment       0x00000045       0x46 CMakeFiles/blink.dir/Users/paulgallagher/.pico-sdk/sdk/2.2.0/src/rp2_common/pico_double/double_init_rom_rp2040.c.o
 .comment       0x00000045       0x46 CMakeFiles/blink.dir/Users/paulgallagher/.pico-sdk/sdk/2.2.0/src/rp2_common/pico_float/float_init_rom_rp2040.c.o
 .comment       0x00000045       0x46 CMakeFiles/blink.dir/Users/paulgallagher/.pico-sdk/sdk/2.2.0/src/rp2_common/pico_standard_binary_info/standard_binary_info.c.o
 .comment       0x00000045       0x46 CMakeFiles/blink.dir/Users/paulgallagher/.pico-sdk/sdk/2.2.0/src/rp2_common/pico_printf/printf.c.o
 .comment       0x00000045       0x46 CMakeFiles/blink.dir/Users/paulgallagher/.pico-sdk/sdk/2.2.0/src/rp2_common/pico_clib_interface/newlib_interface.c.o
 .comment       0x00000045       0x46 CMakeFiles/blink.dir/Users/paulgallagher/.pico-sdk/sdk/2.2.0/src/rp2_common/pico_stdio/stdio.c.o

.debug_info     0x00000000    0x1b184
 .debug_info    0x00000000     0x13f0 CMakeFiles/blink.dir/blink.c.o
 .debug_info    0x000013f0     0x2421 CMakeFiles/blink.dir/Users/paulgallagher/.pico-sdk/sdk/2.2.0/src/rp2_common/hardware_gpio/gpio.c.o
 .debug_info    0x00003811      0x1bf CMakeFiles/blink.dir/Users/paulgallagher/.pico-sdk/sdk/2.2.0/src/rp2_common/pico_platform_panic/panic.c.o
 .debug_info    0x000039d0      0x9a1 CMakeFiles/blink.dir/Users/paulgallagher/.pico-sdk/sdk/2.2.0/src/common/hardware_claim/claim.c.o
 .debug_info    0x00004371      0x45c CMakeFiles/blink.dir/Users/paulgallagher/.pico-sdk/sdk/2.2.0/src/rp2_common/hardware_sync/sync.c.o
 .debug_info    0x000047cd      0x245 CMakeFiles/blink.dir/Users/paulgallagher/.pico-sdk/sdk/2.2.0/src/rp2_common/hardware_sync_spin_lock/sync_spin_lock.c.o
 .debug_info    0x00004a12     0x2233 CMakeFiles/blink.dir/Users/paulgallagher/.pico-sdk/sdk/2.2.0/src/rp2_common/hardware_irq/irq.c.o
 .debug_info    0x00006c45      0x15f CMakeFiles/blink.dir/Users/paulgallagher/.pico-sdk/sdk/2.2.0/src/common/pico_sync/lock_core.c.o
 .debug_info    0x00006da4     0x2815 CMakeFiles/blink.dir/Users/paulgallagher/.pico-sdk/sdk/2.2.0/src/common/pico_sync/mutex.c.o
 .debug_info    0x000095b9     0x5065 CMakeFiles/blink.dir/Users/paulgallagher/.pico-sdk/sdk/2.2.0/src/common/pico_time/time.c.o
 .debug_info    0x0000e61e     0x2b37 CMakeFiles/blink.dir/Users/paulgallagher/.pico-sdk/sdk/2.2.0/src/rp2_common/hardware_timer/timer.c.o
 .debug_info    0x00011155     0x2a05 CMakeFiles/blink.dir/Users/paulgallagher/.pico-sdk/sdk/2.2.0/src/rp2_common/hardware_clocks/clocks.c.o
 .debug_info    0x00013b5a      0x4e5 CMakeFiles/blink.dir/Users/paulgallagher/.pico-sdk/sdk/2.2.0/src/rp2_common/hardware_pll/pll.c.o
 .debug_info    0x0001403f      0x248 CMakeFiles/blink.dir/Users/paulgallagher/.pico-sdk/sdk/2.2.0/src/rp2_common/hardware_ticks/ticks.c.o
 .debug_info    0x00014287      0x678 CMakeFiles/blink.dir/Users/paulgallagher/.pico-sdk/sdk/2.2.0/src/rp2_common/pico_bootrom/bootrom.c.o
 .debug_info    0x000148ff      0x1d0 CMakeFiles/blink.dir/Users/paulgallagher/.pico-sdk/sdk/2.2.0/src/rp2_common/hardware_xosc/xosc.c.o
 .debug_info    0x00014acf      0x21a CMakeFiles/blink.dir/Users/paulgallagher/.pico-sdk/sdk/2.2.0/src/rp2_common/pico_runtime/runtime.c.o
 .debug_info    0x00014ce9      0x7ea CMakeFiles/blink.dir/Users/paulgallagher/.pico-sdk/sdk/2.2.0/src/rp2_common/pico_runtime_init/runtime_init.c.o
 .debug_info    0x000154d3      0x781 CMakeFiles/blink.dir/Users/paulgallagher/.pico-sdk/sdk/2.2.0/src/rp2_common/pico_runtime_init/runtime_init_clocks.c.o
 .debug_info    0x00015c54       0x23 CMakeFiles/blink.dir/Users/paulgallagher/.pico-sdk/sdk/2.2.0/src/rp2_common/pico_bit_ops/bit_ops_aeabi.S.o
 .debug_info    0x00015c77       0x23 CMakeFiles/blink.dir/Users/paulgallagher/.pico-sdk/sdk/2.2.0/src/rp2_common/pico_divider/divider_hardware.S.o
 .debug_info    0x00015c9a       0x23 CMakeFiles/blink.dir/Users/paulgallagher/.pico-sdk/sdk/2.2.0/src/rp2_common/pico_double/double_aeabi_rp2040.S.o
 .debug_info    0x00015cbd      0x27e CMakeFiles/blink.dir/Users/paulgallagher/.pico-sdk/sdk/2.2.0/src/rp2_common/pico_double/double_init_rom_rp2040.c.o
 .debug_info    0x00015f3b       0x23 CMakeFiles/blink.dir/Users/paulgallagher/.pico-sdk/sdk/2.2.0/src/rp2_common/pico_double/double_v1_rom_shim_rp2040.S.o
 .debug_info    0x00015f5e       0x24 CMakeFiles/blink.dir/Users/paulgallagher/.pico-sdk/sdk/2.2.0/src/rp2_common/pico_int64_ops/pico_int64_ops_aeabi.S.o
 .debug_info    0x00015f82       0x23 CMakeFiles/blink.dir/Users/paulgallagher/.pico-sdk/sdk/2.2.0/src/rp2_common/pico_float/float_aeabi_rp2040.S.o
 .debug_info    0x00015fa5      0x27e CMakeFiles/blink.dir/Users/paulgallagher/.pico-sdk/sdk/2.2.0/src/rp2_common/pico_float/float_init_rom_rp2040.c.o
 .debug_info    0x00016223       0x23 CMakeFiles/blink.dir/Users/paulgallagher/.pico-sdk/sdk/2.2.0/src/rp2_common/pico_float/float_v1_rom_shim_rp2040.S.o
 .debug_info    0x00016246       0x23 CMakeFiles/blink.dir/Users/paulgallagher/.pico-sdk/sdk/2.2.0/src/rp2_common/pico_mem_ops/mem_ops_aeabi.S.o
 .debug_info    0x00016269      0x2b8 CMakeFiles/blink.dir/Users/paulgallagher/.pico-sdk/sdk/2.2.0/src/rp2_common/pico_standard_binary_info/standard_binary_info.c.o
 .debug_info    0x00016521     0x22f2 CMakeFiles/blink.dir/Users/paulgallagher/.pico-sdk/sdk/2.2.0/src/rp2_common/pico_printf/printf.c.o
 .debug_info    0x00018813       0x23 CMakeFiles/blink.dir/Users/paulgallagher/.pico-sdk/sdk/2.2.0/src/rp2_common/pico_crt0/crt0.S.o
 .debug_info    0x00018836      0xbbe CMakeFiles/blink.dir/Users/paulgallagher/.pico-sdk/sdk/2.2.0/src/rp2_common/pico_clib_interface/newlib_interface.c.o
 .debug_info    0x000193f4     0x1d90 CMakeFiles/blink.dir/Users/paulgallagher/.pico-sdk/sdk/2.2.0/src/rp2_common/pico_stdio/stdio.c.o

.debug_abbrev   0x00000000     0x4ae7
 .debug_abbrev  0x00000000      0x2da CMakeFiles/blink.dir/blink.c.o
 .debug_abbrev  0x000002da      0x4f9 CMakeFiles/blink.dir/Users/paulgallagher/.pico-sdk/sdk/2.2.0/src/rp2_common/hardware_gpio/gpio.c.o
 .debug_abbrev  0x000007d3      0x12b CMakeFiles/blink.dir/Users/paulgallagher/.pico-sdk/sdk/2.2.0/src/rp2_common/pico_platform_panic/panic.c.o
 .debug_abbrev  0x000008fe      0x328 CMakeFiles/blink.dir/Users/paulgallagher/.pico-sdk/sdk/2.2.0/src/common/hardware_claim/claim.c.o
 .debug_abbrev  0x00000c26      0x20f CMakeFiles/blink.dir/Users/paulgallagher/.pico-sdk/sdk/2.2.0/src/rp2_common/hardware_sync/sync.c.o
 .debug_abbrev  0x00000e35      0x1bb CMakeFiles/blink.dir/Users/paulgallagher/.pico-sdk/sdk/2.2.0/src/rp2_common/hardware_sync_spin_lock/sync_spin_lock.c.o
 .debug_abbrev  0x00000ff0      0x614 CMakeFiles/blink.dir/Users/paulgallagher/.pico-sdk/sdk/2.2.0/src/rp2_common/hardware_irq/irq.c.o
 .debug_abbrev  0x00001604       0xee CMakeFiles/blink.dir/Users/paulgallagher/.pico-sdk/sdk/2.2.0/src/common/pico_sync/lock_core.c.o
 .debug_abbrev  0x000016f2      0x48c CMakeFiles/blink.dir/Users/paulgallagher/.pico-sdk/sdk/2.2.0/src/common/pico_sync/mutex.c.o
 .debug_abbrev  0x00001b7e      0x659 CMakeFiles/blink.dir/Users/paulgallagher/.pico-sdk/sdk/2.2.0/src/common/pico_time/time.c.o
 .debug_abbrev  0x000021d7      0x4f2 CMakeFiles/blink.dir/Users/paulgallagher/.pico-sdk/sdk/2.2.0/src/rp2_common/hardware_timer/timer.c.o
 .debug_abbrev  0x000026c9      0x512 CMakeFiles/blink.dir/Users/paulgallagher/.pico-sdk/sdk/2.2.0/src/rp2_common/hardware_clocks/clocks.c.o
 .debug_abbrev  0x00002bdb      0x1d2 CMakeFiles/blink.dir/Users/paulgallagher/.pico-sdk/sdk/2.2.0/src/rp2_common/hardware_pll/pll.c.o
 .debug_abbrev  0x00002dad      0x145 CMakeFiles/blink.dir/Users/paulgallagher/.pico-sdk/sdk/2.2.0/src/rp2_common/hardware_ticks/ticks.c.o
 .debug_abbrev  0x00002ef2      0x1bc CMakeFiles/blink.dir/Users/paulgallagher/.pico-sdk/sdk/2.2.0/src/rp2_common/pico_bootrom/bootrom.c.o
 .debug_abbrev  0x000030ae      0x11d CMakeFiles/blink.dir/Users/paulgallagher/.pico-sdk/sdk/2.2.0/src/rp2_common/hardware_xosc/xosc.c.o
 .debug_abbrev  0x000031cb      0x182 CMakeFiles/blink.dir/Users/paulgallagher/.pico-sdk/sdk/2.2.0/src/rp2_common/pico_runtime/runtime.c.o
 .debug_abbrev  0x0000334d      0x26b CMakeFiles/blink.dir/Users/paulgallagher/.pico-sdk/sdk/2.2.0/src/rp2_common/pico_runtime_init/runtime_init.c.o
 .debug_abbrev  0x000035b8      0x2af CMakeFiles/blink.dir/Users/paulgallagher/.pico-sdk/sdk/2.2.0/src/rp2_common/pico_runtime_init/runtime_init_clocks.c.o
 .debug_abbrev  0x00003867       0x12 CMakeFiles/blink.dir/Users/paulgallagher/.pico-sdk/sdk/2.2.0/src/rp2_common/pico_bit_ops/bit_ops_aeabi.S.o
 .debug_abbrev  0x00003879       0x12 CMakeFiles/blink.dir/Users/paulgallagher/.pico-sdk/sdk/2.2.0/src/rp2_common/pico_divider/divider_hardware.S.o
 .debug_abbrev  0x0000388b       0x12 CMakeFiles/blink.dir/Users/paulgallagher/.pico-sdk/sdk/2.2.0/src/rp2_common/pico_double/double_aeabi_rp2040.S.o
 .debug_abbrev  0x0000389d      0x17a CMakeFiles/blink.dir/Users/paulgallagher/.pico-sdk/sdk/2.2.0/src/rp2_common/pico_double/double_init_rom_rp2040.c.o
 .debug_abbrev  0x00003a17       0x12 CMakeFiles/blink.dir/Users/paulgallagher/.pico-sdk/sdk/2.2.0/src/rp2_common/pico_double/double_v1_rom_shim_rp2040.S.o
 .debug_abbrev  0x00003a29       0x14 CMakeFiles/blink.dir/Users/paulgallagher/.pico-sdk/sdk/2.2.0/src/rp2_common/pico_int64_ops/pico_int64_ops_aeabi.S.o
 .debug_abbrev  0x00003a3d       0x12 CMakeFiles/blink.dir/Users/paulgallagher/.pico-sdk/sdk/2.2.0/src/rp2_common/pico_float/float_aeabi_rp2040.S.o
 .debug_abbrev  0x00003a4f      0x173 CMakeFiles/blink.dir/Users/paulgallagher/.pico-sdk/sdk/2.2.0/src/rp2_common/pico_float/float_init_rom_rp2040.c.o
 .debug_abbrev  0x00003bc2       0x12 CMakeFiles/blink.dir/Users/paulgallagher/.pico-sdk/sdk/2.2.0/src/rp2_common/pico_float/float_v1_rom_shim_rp2040.S.o
 .debug_abbrev  0x00003bd4       0x12 CMakeFiles/blink.dir/Users/paulgallagher/.pico-sdk/sdk/2.2.0/src/rp2_common/pico_mem_ops/mem_ops_aeabi.S.o
 .debug_abbrev  0x00003be6       0xb8 CMakeFiles/blink.dir/Users/paulgallagher/.pico-sdk/sdk/2.2.0/src/rp2_common/pico_standard_binary_info/standard_binary_info.c.o
 .debug_abbrev  0x00003c9e      0x50c CMakeFiles/blink.dir/Users/paulgallagher/.pico-sdk/sdk/2.2.0/src/rp2_common/pico_printf/printf.c.o
 .debug_abbrev  0x000041aa       0x12 CMakeFiles/blink.dir/Users/paulgallagher/.pico-sdk/sdk/2.2.0/src/rp2_common/pico_crt0/crt0.S.o
 .debug_abbrev  0x000041bc      0x352 CMakeFiles/blink.dir/Users/paulgallagher/.pico-sdk/sdk/2.2.0/src/rp2_common/pico_clib_interface/newlib_interface.c.o
 .debug_abbrev  0x0000450e      0x5d9 CMakeFiles/blink.dir/Users/paulgallagher/.pico-sdk/sdk/2.2.0/src/rp2_common/pico_stdio/stdio.c.o

.debug_loclists
                0x00000000    0x1022f
 .debug_loclists
                0x00000000      0x72d CMakeFiles/blink.dir/blink.c.o
 .debug_loclists
                0x0000072d     0x1a7f CMakeFiles/blink.dir/Users/paulgallagher/.pico-sdk/sdk/2.2.0/src/rp2_common/hardware_gpio/gpio.c.o
 .debug_loclists
                0x000021ac      0x349 CMakeFiles/blink.dir/Users/paulgallagher/.pico-sdk/sdk/2.2.0/src/common/hardware_claim/claim.c.o
 .debug_loclists
                0x000024f5      0x108 CMakeFiles/blink.dir/Users/paulgallagher/.pico-sdk/sdk/2.2.0/src/rp2_common/hardware_sync/sync.c.o
 .debug_loclists
                0x000025fd       0x7d CMakeFiles/blink.dir/Users/paulgallagher/.pico-sdk/sdk/2.2.0/src/rp2_common/hardware_sync_spin_lock/sync_spin_lock.c.o
 .debug_loclists
                0x0000267a     0x11ed CMakeFiles/blink.dir/Users/paulgallagher/.pico-sdk/sdk/2.2.0/src/rp2_common/hardware_irq/irq.c.o
 .debug_loclists
                0x00003867       0x41 CMakeFiles/blink.dir/Users/paulgallagher/.pico-sdk/sdk/2.2.0/src/common/pico_sync/lock_core.c.o
 .debug_loclists
                0x000038a8      0xaec CMakeFiles/blink.dir/Users/paulgallagher/.pico-sdk/sdk/2.2.0/src/common/pico_sync/mutex.c.o
 .debug_loclists
                0x00004394     0x27af CMakeFiles/blink.dir/Users/paulgallagher/.pico-sdk/sdk/2.2.0/src/common/pico_time/time.c.o
 .debug_loclists
                0x00006b43     0x19f1 CMakeFiles/blink.dir/Users/paulgallagher/.pico-sdk/sdk/2.2.0/src/rp2_common/hardware_timer/timer.c.o
 .debug_loclists
                0x00008534     0x2b7c CMakeFiles/blink.dir/Users/paulgallagher/.pico-sdk/sdk/2.2.0/src/rp2_common/hardware_clocks/clocks.c.o
 .debug_loclists
                0x0000b0b0      0x1e0 CMakeFiles/blink.dir/Users/paulgallagher/.pico-sdk/sdk/2.2.0/src/rp2_common/hardware_pll/pll.c.o
 .debug_loclists
                0x0000b290       0x47 CMakeFiles/blink.dir/Users/paulgallagher/.pico-sdk/sdk/2.2.0/src/rp2_common/hardware_ticks/ticks.c.o
 .debug_loclists
                0x0000b2d7      0x351 CMakeFiles/blink.dir/Users/paulgallagher/.pico-sdk/sdk/2.2.0/src/rp2_common/pico_bootrom/bootrom.c.o
 .debug_loclists
                0x0000b628       0x48 CMakeFiles/blink.dir/Users/paulgallagher/.pico-sdk/sdk/2.2.0/src/rp2_common/hardware_xosc/xosc.c.o
 .debug_loclists
                0x0000b670       0x7e CMakeFiles/blink.dir/Users/paulgallagher/.pico-sdk/sdk/2.2.0/src/rp2_common/pico_runtime/runtime.c.o
 .debug_loclists
                0x0000b6ee      0x139 CMakeFiles/blink.dir/Users/paulgallagher/.pico-sdk/sdk/2.2.0/src/rp2_common/pico_runtime_init/runtime_init.c.o
 .debug_loclists
                0x0000b827       0x74 CMakeFiles/blink.dir/Users/paulgallagher/.pico-sdk/sdk/2.2.0/src/rp2_common/pico_runtime_init/runtime_init_clocks.c.o
 .debug_loclists
                0x0000b89b       0x3d CMakeFiles/blink.dir/Users/paulgallagher/.pico-sdk/sdk/2.2.0/src/rp2_common/pico_double/double_init_rom_rp2040.c.o
 .debug_loclists
                0x0000b8d8       0x59 CMakeFiles/blink.dir/Users/paulgallagher/.pico-sdk/sdk/2.2.0/src/rp2_common/pico_float/float_init_rom_rp2040.c.o
 .debug_loclists
                0x0000b931     0x355f CMakeFiles/blink.dir/Users/paulgallagher/.pico-sdk/sdk/2.2.0/src/rp2_common/pico_printf/printf.c.o
 .debug_loclists
                0x0000ee90      0x44e CMakeFiles/blink.dir/Users/paulgallagher/.pico-sdk/sdk/2.2.0/src/rp2_common/pico_clib_interface/newlib_interface.c.o
 .debug_loclists
                0x0000f2de      0xf51 CMakeFiles/blink.dir/Users/paulgallagher/.pico-sdk/sdk/2.2.0/src/rp2_common/pico_stdio/stdio.c.o

.debug_aranges  0x00000000      0xe78
 .debug_aranges
                0x00000000       0x30 CMakeFiles/blink.dir/blink.c.o
 .debug_aranges
                0x00000030      0x118 CMakeFiles/blink.dir/Users/paulgallagher/.pico-sdk/sdk/2.2.0/src/rp2_common/hardware_gpio/gpio.c.o
 .debug_aranges
                0x00000148       0x28 CMakeFiles/blink.dir/Users/paulgallagher/.pico-sdk/sdk/2.2.0/src/rp2_common/pico_platform_panic/panic.c.o
 .debug_aranges
                0x00000170       0x48 CMakeFiles/blink.dir/Users/paulgallagher/.pico-sdk/sdk/2.2.0/src/common/hardware_claim/claim.c.o
 .debug_aranges
                0x000001b8       0x48 CMakeFiles/blink.dir/Users/paulgallagher/.pico-sdk/sdk/2.2.0/src/rp2_common/hardware_sync/sync.c.o
 .debug_aranges
                0x00000200       0x28 CMakeFiles/blink.dir/Users/paulgallagher/.pico-sdk/sdk/2.2.0/src/rp2_common/hardware_sync_spin_lock/sync_spin_lock.c.o
 .debug_aranges
                0x00000228       0xb8 CMakeFiles/blink.dir/Users/paulgallagher/.pico-sdk/sdk/2.2.0/src/rp2_common/hardware_irq/irq.c.o
 .debug_aranges
                0x000002e0       0x20 CMakeFiles/blink.dir/Users/paulgallagher/.pico-sdk/sdk/2.2.0/src/common/pico_sync/lock_core.c.o
 .debug_aranges
                0x00000300       0x98 CMakeFiles/blink.dir/Users/paulgallagher/.pico-sdk/sdk/2.2.0/src/common/pico_sync/mutex.c.o
 .debug_aranges
                0x00000398       0xe0 CMakeFiles/blink.dir/Users/paulgallagher/.pico-sdk/sdk/2.2.0/src/common/pico_time/time.c.o
 .debug_aranges
                0x00000478       0xf0 CMakeFiles/blink.dir/Users/paulgallagher/.pico-sdk/sdk/2.2.0/src/rp2_common/hardware_timer/timer.c.o
 .debug_aranges
                0x00000568       0x90 CMakeFiles/blink.dir/Users/paulgallagher/.pico-sdk/sdk/2.2.0/src/rp2_common/hardware_clocks/clocks.c.o
 .debug_aranges
                0x000005f8       0x28 CMakeFiles/blink.dir/Users/paulgallagher/.pico-sdk/sdk/2.2.0/src/rp2_common/hardware_pll/pll.c.o
 .debug_aranges
                0x00000620       0x30 CMakeFiles/blink.dir/Users/paulgallagher/.pico-sdk/sdk/2.2.0/src/rp2_common/hardware_ticks/ticks.c.o
 .debug_aranges
                0x00000650       0x40 CMakeFiles/blink.dir/Users/paulgallagher/.pico-sdk/sdk/2.2.0/src/rp2_common/pico_bootrom/bootrom.c.o
 .debug_aranges
                0x00000690       0x30 CMakeFiles/blink.dir/Users/paulgallagher/.pico-sdk/sdk/2.2.0/src/rp2_common/hardware_xosc/xosc.c.o
 .debug_aranges
                0x000006c0       0x38 CMakeFiles/blink.dir/Users/paulgallagher/.pico-sdk/sdk/2.2.0/src/rp2_common/pico_runtime/runtime.c.o
 .debug_aranges
                0x000006f8       0x48 CMakeFiles/blink.dir/Users/paulgallagher/.pico-sdk/sdk/2.2.0/src/rp2_common/pico_runtime_init/runtime_init.c.o
 .debug_aranges
                0x00000740       0x20 CMakeFiles/blink.dir/Users/paulgallagher/.pico-sdk/sdk/2.2.0/src/rp2_common/pico_runtime_init/runtime_init_clocks.c.o
 .debug_aranges
                0x00000760       0x60 CMakeFiles/blink.dir/Users/paulgallagher/.pico-sdk/sdk/2.2.0/src/rp2_common/pico_bit_ops/bit_ops_aeabi.S.o
 .debug_aranges
                0x000007c0       0x40 CMakeFiles/blink.dir/Users/paulgallagher/.pico-sdk/sdk/2.2.0/src/rp2_common/pico_divider/divider_hardware.S.o
 .debug_aranges
                0x00000800      0x150 CMakeFiles/blink.dir/Users/paulgallagher/.pico-sdk/sdk/2.2.0/src/rp2_common/pico_double/double_aeabi_rp2040.S.o
 .debug_aranges
                0x00000950       0x20 CMakeFiles/blink.dir/Users/paulgallagher/.pico-sdk/sdk/2.2.0/src/rp2_common/pico_double/double_init_rom_rp2040.c.o
 .debug_aranges
                0x00000970       0xc8 CMakeFiles/blink.dir/Users/paulgallagher/.pico-sdk/sdk/2.2.0/src/rp2_common/pico_double/double_v1_rom_shim_rp2040.S.o
 .debug_aranges
                0x00000a38       0x20 CMakeFiles/blink.dir/Users/paulgallagher/.pico-sdk/sdk/2.2.0/src/rp2_common/pico_int64_ops/pico_int64_ops_aeabi.S.o
 .debug_aranges
                0x00000a58      0x138 CMakeFiles/blink.dir/Users/paulgallagher/.pico-sdk/sdk/2.2.0/src/rp2_common/pico_float/float_aeabi_rp2040.S.o
 .debug_aranges
                0x00000b90       0x20 CMakeFiles/blink.dir/Users/paulgallagher/.pico-sdk/sdk/2.2.0/src/rp2_common/pico_float/float_init_rom_rp2040.c.o
 .debug_aranges
                0x00000bb0       0x50 CMakeFiles/blink.dir/Users/paulgallagher/.pico-sdk/sdk/2.2.0/src/rp2_common/pico_float/float_v1_rom_shim_rp2040.S.o
 .debug_aranges
                0x00000c00       0x38 CMakeFiles/blink.dir/Users/paulgallagher/.pico-sdk/sdk/2.2.0/src/rp2_common/pico_mem_ops/mem_ops_aeabi.S.o
 .debug_aranges
                0x00000c38       0x18 CMakeFiles/blink.dir/Users/paulgallagher/.pico-sdk/sdk/2.2.0/src/rp2_common/pico_standard_binary_info/standard_binary_info.c.o
 .debug_aranges
                0x00000c50       0x90 CMakeFiles/blink.dir/Users/paulgallagher/.pico-sdk/sdk/2.2.0/src/rp2_common/pico_printf/printf.c.o
 .debug_aranges
                0x00000ce0       0x28 CMakeFiles/blink.dir/Users/paulgallagher/.pico-sdk/sdk/2.2.0/src/rp2_common/pico_crt0/crt0.S.o
 .debug_aranges
                0x00000d08       0xa8 CMakeFiles/blink.dir/Users/paulgallagher/.pico-sdk/sdk/2.2.0/src/rp2_common/pico_clib_interface/newlib_interface.c.o
 .debug_aranges
                0x00000db0       0xc8 CMakeFiles/blink.dir/Users/paulgallagher/.pico-sdk/sdk/2.2.0/src/rp2_common/pico_stdio/stdio.c.o

.debug_rnglists
                0x00000000     0x2b09
 .debug_rnglists
                0x00000000       0xf4 CMakeFiles/blink.dir/blink.c.o
 .debug_rnglists
                0x000000f4      0x5ca CMakeFiles/blink.dir/Users/paulgallagher/.pico-sdk/sdk/2.2.0/src/rp2_common/hardware_gpio/gpio.c.o
 .debug_rnglists
                0x000006be       0x19 CMakeFiles/blink.dir/Users/paulgallagher/.pico-sdk/sdk/2.2.0/src/rp2_common/pico_platform_panic/panic.c.o
 .debug_rnglists
                0x000006d7       0xb6 CMakeFiles/blink.dir/Users/paulgallagher/.pico-sdk/sdk/2.2.0/src/common/hardware_claim/claim.c.o
 .debug_rnglists
                0x0000078d       0x58 CMakeFiles/blink.dir/Users/paulgallagher/.pico-sdk/sdk/2.2.0/src/rp2_common/hardware_sync/sync.c.o
 .debug_rnglists
                0x000007e5       0x3d CMakeFiles/blink.dir/Users/paulgallagher/.pico-sdk/sdk/2.2.0/src/rp2_common/hardware_sync_spin_lock/sync_spin_lock.c.o
 .debug_rnglists
                0x00000822      0x37d CMakeFiles/blink.dir/Users/paulgallagher/.pico-sdk/sdk/2.2.0/src/rp2_common/hardware_irq/irq.c.o
 .debug_rnglists
                0x00000b9f       0x1f CMakeFiles/blink.dir/Users/paulgallagher/.pico-sdk/sdk/2.2.0/src/common/pico_sync/lock_core.c.o
 .debug_rnglists
                0x00000bbe      0x325 CMakeFiles/blink.dir/Users/paulgallagher/.pico-sdk/sdk/2.2.0/src/common/pico_sync/mutex.c.o
 .debug_rnglists
                0x00000ee3      0x7dc CMakeFiles/blink.dir/Users/paulgallagher/.pico-sdk/sdk/2.2.0/src/common/pico_time/time.c.o
 .debug_rnglists
                0x000016bf      0x2c6 CMakeFiles/blink.dir/Users/paulgallagher/.pico-sdk/sdk/2.2.0/src/rp2_common/hardware_timer/timer.c.o
 .debug_rnglists
                0x00001985      0x5be CMakeFiles/blink.dir/Users/paulgallagher/.pico-sdk/sdk/2.2.0/src/rp2_common/hardware_clocks/clocks.c.o
 .debug_rnglists
                0x00001f43       0x5c CMakeFiles/blink.dir/Users/paulgallagher/.pico-sdk/sdk/2.2.0/src/rp2_common/hardware_pll/pll.c.o
 .debug_rnglists
                0x00001f9f       0x2b CMakeFiles/blink.dir/Users/paulgallagher/.pico-sdk/sdk/2.2.0/src/rp2_common/hardware_ticks/ticks.c.o
 .debug_rnglists
                0x00001fca      0x112 CMakeFiles/blink.dir/Users/paulgallagher/.pico-sdk/sdk/2.2.0/src/rp2_common/pico_bootrom/bootrom.c.o
 .debug_rnglists
                0x000020dc       0x1f CMakeFiles/blink.dir/Users/paulgallagher/.pico-sdk/sdk/2.2.0/src/rp2_common/hardware_xosc/xosc.c.o
 .debug_rnglists
                0x000020fb       0x3d CMakeFiles/blink.dir/Users/paulgallagher/.pico-sdk/sdk/2.2.0/src/rp2_common/pico_runtime/runtime.c.o
 .debug_rnglists
                0x00002138       0x4a CMakeFiles/blink.dir/Users/paulgallagher/.pico-sdk/sdk/2.2.0/src/rp2_common/pico_runtime_init/runtime_init.c.o
 .debug_rnglists
                0x00002182       0x20 CMakeFiles/blink.dir/Users/paulgallagher/.pico-sdk/sdk/2.2.0/src/rp2_common/pico_runtime_init/runtime_init_clocks.c.o
 .debug_rnglists
                0x000021a2       0x43 CMakeFiles/blink.dir/Users/paulgallagher/.pico-sdk/sdk/2.2.0/src/rp2_common/pico_bit_ops/bit_ops_aeabi.S.o
 .debug_rnglists
                0x000021e5       0x2c CMakeFiles/blink.dir/Users/paulgallagher/.pico-sdk/sdk/2.2.0/src/rp2_common/pico_divider/divider_hardware.S.o
 .debug_rnglists
                0x00002211       0xf9 CMakeFiles/blink.dir/Users/paulgallagher/.pico-sdk/sdk/2.2.0/src/rp2_common/pico_double/double_aeabi_rp2040.S.o
 .debug_rnglists
                0x0000230a       0x14 CMakeFiles/blink.dir/Users/paulgallagher/.pico-sdk/sdk/2.2.0/src/rp2_common/pico_double/double_init_rom_rp2040.c.o
 .debug_rnglists
                0x0000231e       0x99 CMakeFiles/blink.dir/Users/paulgallagher/.pico-sdk/sdk/2.2.0/src/rp2_common/pico_double/double_v1_rom_shim_rp2040.S.o
 .debug_rnglists
                0x000023b7       0xe5 CMakeFiles/blink.dir/Users/paulgallagher/.pico-sdk/sdk/2.2.0/src/rp2_common/pico_float/float_aeabi_rp2040.S.o
 .debug_rnglists
                0x0000249c       0x13 CMakeFiles/blink.dir/Users/paulgallagher/.pico-sdk/sdk/2.2.0/src/rp2_common/pico_float/float_init_rom_rp2040.c.o
 .debug_rnglists
                0x000024af       0x38 CMakeFiles/blink.dir/Users/paulgallagher/.pico-sdk/sdk/2.2.0/src/rp2_common/pico_float/float_v1_rom_shim_rp2040.S.o
 .debug_rnglists
                0x000024e7       0x25 CMakeFiles/blink.dir/Users/paulgallagher/.pico-sdk/sdk/2.2.0/src/rp2_common/pico_mem_ops/mem_ops_aeabi.S.o
 .debug_rnglists
                0x0000250c      0x2a2 CMakeFiles/blink.dir/Users/paulgallagher/.pico-sdk/sdk/2.2.0/src/rp2_common/pico_printf/printf.c.o
 .debug_rnglists
                0x000027ae       0x1b CMakeFiles/blink.dir/Users/paulgallagher/.pico-sdk/sdk/2.2.0/src/rp2_common/pico_crt0/crt0.S.o
 .debug_rnglists
                0x000027c9       0x85 CMakeFiles/blink.dir/Users/paulgallagher/.pico-sdk/sdk/2.2.0/src/rp2_common/pico_clib_interface/newlib_interface.c.o
 .debug_rnglists
                0x0000284e      0x2bb CMakeFiles/blink.dir/Users/paulgallagher/.pico-sdk/sdk/2.2.0/src/rp2_common/pico_stdio/stdio.c.o

.debug_line     0x00000000    0x164a9
 .debug_line    0x00000000      0x974 CMakeFiles/blink.dir/blink.c.o
 .debug_line    0x00000974     0x1cb4 CMakeFiles/blink.dir/Users/paulgallagher/.pico-sdk/sdk/2.2.0/src/rp2_common/hardware_gpio/gpio.c.o
 .debug_line    0x00002628      0x2ae CMakeFiles/blink.dir/Users/paulgallagher/.pico-sdk/sdk/2.2.0/src/rp2_common/pico_platform_panic/panic.c.o
 .debug_line    0x000028d6      0x942 CMakeFiles/blink.dir/Users/paulgallagher/.pico-sdk/sdk/2.2.0/src/common/hardware_claim/claim.c.o
 .debug_line    0x00003218      0x508 CMakeFiles/blink.dir/Users/paulgallagher/.pico-sdk/sdk/2.2.0/src/rp2_common/hardware_sync/sync.c.o
 .debug_line    0x00003720      0x3e4 CMakeFiles/blink.dir/Users/paulgallagher/.pico-sdk/sdk/2.2.0/src/rp2_common/hardware_sync_spin_lock/sync_spin_lock.c.o
 .debug_line    0x00003b04     0x182d CMakeFiles/blink.dir/Users/paulgallagher/.pico-sdk/sdk/2.2.0/src/rp2_common/hardware_irq/irq.c.o
 .debug_line    0x00005331      0x30f CMakeFiles/blink.dir/Users/paulgallagher/.pico-sdk/sdk/2.2.0/src/common/pico_sync/lock_core.c.o
 .debug_line    0x00005640     0x1bfa CMakeFiles/blink.dir/Users/paulgallagher/.pico-sdk/sdk/2.2.0/src/common/pico_sync/mutex.c.o
 .debug_line    0x0000723a     0x3616 CMakeFiles/blink.dir/Users/paulgallagher/.pico-sdk/sdk/2.2.0/src/common/pico_time/time.c.o
 .debug_line    0x0000a850     0x1dd5 CMakeFiles/blink.dir/Users/paulgallagher/.pico-sdk/sdk/2.2.0/src/rp2_common/hardware_timer/timer.c.o
 .debug_line    0x0000c625     0x21b8 CMakeFiles/blink.dir/Users/paulgallagher/.pico-sdk/sdk/2.2.0/src/rp2_common/hardware_clocks/clocks.c.o
 .debug_line    0x0000e7dd      0x54a CMakeFiles/blink.dir/Users/paulgallagher/.pico-sdk/sdk/2.2.0/src/rp2_common/hardware_pll/pll.c.o
 .debug_line    0x0000ed27      0x36e CMakeFiles/blink.dir/Users/paulgallagher/.pico-sdk/sdk/2.2.0/src/rp2_common/hardware_ticks/ticks.c.o
 .debug_line    0x0000f095      0x478 CMakeFiles/blink.dir/Users/paulgallagher/.pico-sdk/sdk/2.2.0/src/rp2_common/pico_bootrom/bootrom.c.o
 .debug_line    0x0000f50d      0x389 CMakeFiles/blink.dir/Users/paulgallagher/.pico-sdk/sdk/2.2.0/src/rp2_common/hardware_xosc/xosc.c.o
 .debug_line    0x0000f896      0x33d CMakeFiles/blink.dir/Users/paulgallagher/.pico-sdk/sdk/2.2.0/src/rp2_common/pico_runtime/runtime.c.o
 .debug_line    0x0000fbd3      0x732 CMakeFiles/blink.dir/Users/paulgallagher/.pico-sdk/sdk/2.2.0/src/rp2_common/pico_runtime_init/runtime_init.c.o
 .debug_line    0x00010305      0x5c3 CMakeFiles/blink.dir/Users/paulgallagher/.pico-sdk/sdk/2.2.0/src/rp2_common/pico_runtime_init/runtime_init_clocks.c.o
 .debug_line    0x000108c8      0x108 CMakeFiles/blink.dir/Users/paulgallagher/.pico-sdk/sdk/2.2.0/src/rp2_common/pico_bit_ops/bit_ops_aeabi.S.o
 .debug_line    0x000109d0      0x2a9 CMakeFiles/blink.dir/Users/paulgallagher/.pico-sdk/sdk/2.2.0/src/rp2_common/pico_divider/divider_hardware.S.o
 .debug_line    0x00010c79      0x452 CMakeFiles/blink.dir/Users/paulgallagher/.pico-sdk/sdk/2.2.0/src/rp2_common/pico_double/double_aeabi_rp2040.S.o
 .debug_line    0x000110cb      0x4c6 CMakeFiles/blink.dir/Users/paulgallagher/.pico-sdk/sdk/2.2.0/src/rp2_common/pico_double/double_init_rom_rp2040.c.o
 .debug_line    0x00011591      0x66d CMakeFiles/blink.dir/Users/paulgallagher/.pico-sdk/sdk/2.2.0/src/rp2_common/pico_double/double_v1_rom_shim_rp2040.S.o
 .debug_line    0x00011bfe       0x61 CMakeFiles/blink.dir/Users/paulgallagher/.pico-sdk/sdk/2.2.0/src/rp2_common/pico_int64_ops/pico_int64_ops_aeabi.S.o
 .debug_line    0x00011c5f      0x3d2 CMakeFiles/blink.dir/Users/paulgallagher/.pico-sdk/sdk/2.2.0/src/rp2_common/pico_float/float_aeabi_rp2040.S.o
 .debug_line    0x00012031      0x3db CMakeFiles/blink.dir/Users/paulgallagher/.pico-sdk/sdk/2.2.0/src/rp2_common/pico_float/float_init_rom_rp2040.c.o
 .debug_line    0x0001240c      0x195 CMakeFiles/blink.dir/Users/paulgallagher/.pico-sdk/sdk/2.2.0/src/rp2_common/pico_float/float_v1_rom_shim_rp2040.S.o
 .debug_line    0x000125a1       0x94 CMakeFiles/blink.dir/Users/paulgallagher/.pico-sdk/sdk/2.2.0/src/rp2_common/pico_mem_ops/mem_ops_aeabi.S.o
 .debug_line    0x00012635      0x213 CMakeFiles/blink.dir/Users/paulgallagher/.pico-sdk/sdk/2.2.0/src/rp2_common/pico_standard_binary_info/standard_binary_info.c.o
 .debug_line    0x00012848     0x1d42 CMakeFiles/blink.dir/Users/paulgallagher/.pico-sdk/sdk/2.2.0/src/rp2_common/pico_printf/printf.c.o
 .debug_line    0x0001458a       0xa2 CMakeFiles/blink.dir/Users/paulgallagher/.pico-sdk/sdk/2.2.0/src/rp2_common/pico_crt0/crt0.S.o
 .debug_line    0x0001462c      0x93a CMakeFiles/blink.dir/Users/paulgallagher/.pico-sdk/sdk/2.2.0/src/rp2_common/pico_clib_interface/newlib_interface.c.o
 .debug_line    0x00014f66     0x1543 CMakeFiles/blink.dir/Users/paulgallagher/.pico-sdk/sdk/2.2.0/src/rp2_common/pico_stdio/stdio.c.o

.debug_str      0x00000000     0x4540
 .debug_str     0x00000000     0x4540 CMakeFiles/blink.dir/blink.c.o
                                0x6dd (size before relaxing)
 .debug_str     0x00004540      0xd02 CMakeFiles/blink.dir/Users/paulgallagher/.pico-sdk/sdk/2.2.0/src/rp2_common/hardware_gpio/gpio.c.o
 .debug_str     0x00004540      0x23a CMakeFiles/blink.dir/Users/paulgallagher/.pico-sdk/sdk/2.2.0/src/rp2_common/pico_platform_panic/panic.c.o
 .debug_str     0x00004540      0x3bd CMakeFiles/blink.dir/Users/paulgallagher/.pico-sdk/sdk/2.2.0/src/common/hardware_claim/claim.c.o
 .debug_str     0x00004540      0x366 CMakeFiles/blink.dir/Users/paulgallagher/.pico-sdk/sdk/2.2.0/src/rp2_common/hardware_sync/sync.c.o
 .debug_str     0x00004540      0x279 CMakeFiles/blink.dir/Users/paulgallagher/.pico-sdk/sdk/2.2.0/src/rp2_common/hardware_sync_spin_lock/sync_spin_lock.c.o
 .debug_str     0x00004540      0xaf5 CMakeFiles/blink.dir/Users/paulgallagher/.pico-sdk/sdk/2.2.0/src/rp2_common/hardware_irq/irq.c.o
 .debug_str     0x00004540      0x245 CMakeFiles/blink.dir/Users/paulgallagher/.pico-sdk/sdk/2.2.0/src/common/pico_sync/lock_core.c.o
 .debug_str     0x00004540      0x820 CMakeFiles/blink.dir/Users/paulgallagher/.pico-sdk/sdk/2.2.0/src/common/pico_sync/mutex.c.o
 .debug_str     0x00004540     0x121c CMakeFiles/blink.dir/Users/paulgallagher/.pico-sdk/sdk/2.2.0/src/common/pico_time/time.c.o
 .debug_str     0x00004540      0xa68 CMakeFiles/blink.dir/Users/paulgallagher/.pico-sdk/sdk/2.2.0/src/rp2_common/hardware_timer/timer.c.o
 .debug_str     0x00004540      0xa4b CMakeFiles/blink.dir/Users/paulgallagher/.pico-sdk/sdk/2.2.0/src/rp2_common/hardware_clocks/clocks.c.o
 .debug_str     0x00004540      0x498 CMakeFiles/blink.dir/Users/paulgallagher/.pico-sdk/sdk/2.2.0/src/rp2_common/hardware_pll/pll.c.o
 .debug_str     0x00004540      0x2c7 CMakeFiles/blink.dir/Users/paulgallagher/.pico-sdk/sdk/2.2.0/src/rp2_common/hardware_ticks/ticks.c.o
 .debug_str     0x00004540      0x38c CMakeFiles/blink.dir/Users/paulgallagher/.pico-sdk/sdk/2.2.0/src/rp2_common/pico_bootrom/bootrom.c.o
 .debug_str     0x00004540      0x27c CMakeFiles/blink.dir/Users/paulgallagher/.pico-sdk/sdk/2.2.0/src/rp2_common/hardware_xosc/xosc.c.o
 .debug_str     0x00004540      0x2cc CMakeFiles/blink.dir/Users/paulgallagher/.pico-sdk/sdk/2.2.0/src/rp2_common/pico_runtime/runtime.c.o
 .debug_str     0x00004540      0x7ff CMakeFiles/blink.dir/Users/paulgallagher/.pico-sdk/sdk/2.2.0/src/rp2_common/pico_runtime_init/runtime_init.c.o
 .debug_str     0x00004540      0x4d4 CMakeFiles/blink.dir/Users/paulgallagher/.pico-sdk/sdk/2.2.0/src/rp2_common/pico_runtime_init/runtime_init_clocks.c.o
 .debug_str     0x00004540       0xc4 CMakeFiles/blink.dir/Users/paulgallagher/.pico-sdk/sdk/2.2.0/src/rp2_common/pico_bit_ops/bit_ops_aeabi.S.o
 .debug_str     0x00004540       0xc7 CMakeFiles/blink.dir/Users/paulgallagher/.pico-sdk/sdk/2.2.0/src/rp2_common/pico_divider/divider_hardware.S.o
 .debug_str     0x00004540       0xc9 CMakeFiles/blink.dir/Users/paulgallagher/.pico-sdk/sdk/2.2.0/src/rp2_common/pico_double/double_aeabi_rp2040.S.o
 .debug_str     0x00004540      0x2f5 CMakeFiles/blink.dir/Users/paulgallagher/.pico-sdk/sdk/2.2.0/src/rp2_common/pico_double/double_init_rom_rp2040.c.o
 .debug_str     0x00004540       0xcf CMakeFiles/blink.dir/Users/paulgallagher/.pico-sdk/sdk/2.2.0/src/rp2_common/pico_double/double_v1_rom_shim_rp2040.S.o
 .debug_str     0x00004540       0xcd CMakeFiles/blink.dir/Users/paulgallagher/.pico-sdk/sdk/2.2.0/src/rp2_common/pico_int64_ops/pico_int64_ops_aeabi.S.o
 .debug_str     0x00004540       0xc7 CMakeFiles/blink.dir/Users/paulgallagher/.pico-sdk/sdk/2.2.0/src/rp2_common/pico_float/float_aeabi_rp2040.S.o
 .debug_str     0x00004540      0x2da CMakeFiles/blink.dir/Users/paulgallagher/.pico-sdk/sdk/2.2.0/src/rp2_common/pico_float/float_init_rom_rp2040.c.o
 .debug_str     0x00004540       0xcd CMakeFiles/blink.dir/Users/paulgallagher/.pico-sdk/sdk/2.2.0/src/rp2_common/pico_float/float_v1_rom_shim_rp2040.S.o
 .debug_str     0x00004540       0xc4 CMakeFiles/blink.dir/Users/paulgallagher/.pico-sdk/sdk/2.2.0/src/rp2_common/pico_mem_ops/mem_ops_aeabi.S.o
 .debug_str     0x00004540      0x43b CMakeFiles/blink.dir/Users/paulgallagher/.pico-sdk/sdk/2.2.0/src/rp2_common/pico_standard_binary_info/standard_binary_info.c.o
 .debug_str     0x00004540      0x51e CMakeFiles/blink.dir/Users/paulgallagher/.pico-sdk/sdk/2.2.0/src/rp2_common/pico_printf/printf.c.o
 .debug_str     0x00004540       0xb8 CMakeFiles/blink.dir/Users/paulgallagher/.pico-sdk/sdk/2.2.0/src/rp2_common/pico_crt0/crt0.S.o
 .debug_str     0x00004540      0x7b5 CMakeFiles/blink.dir/Users/paulgallagher/.pico-sdk/sdk/2.2.0/src/rp2_common/pico_clib_interface/newlib_interface.c.o
 .debug_str     0x00004540      0xdf3 CMakeFiles/blink.dir/Users/paulgallagher/.pico-sdk/sdk/2.2.0/src/rp2_common/pico_stdio/stdio.c.o

.debug_frame    0x00000000     0x19d4
 .debug_frame   0x00000000       0x64 CMakeFiles/blink.dir/blink.c.o
 .debug_frame   0x00000064      0x320 CMakeFiles/blink.dir/Users/paulgallagher/.pico-sdk/sdk/2.2.0/src/rp2_common/hardware_gpio/gpio.c.o
 .debug_frame   0x00000384       0x44 CMakeFiles/blink.dir/Users/paulgallagher/.pico-sdk/sdk/2.2.0/src/rp2_common/pico_platform_panic/panic.c.o
 .debug_frame   0x000003c8       0xa0 CMakeFiles/blink.dir/Users/paulgallagher/.pico-sdk/sdk/2.2.0/src/common/hardware_claim/claim.c.o
 .debug_frame   0x00000468       0xa8 CMakeFiles/blink.dir/Users/paulgallagher/.pico-sdk/sdk/2.2.0/src/rp2_common/hardware_sync/sync.c.o
 .debug_frame   0x00000510       0x30 CMakeFiles/blink.dir/Users/paulgallagher/.pico-sdk/sdk/2.2.0/src/rp2_common/hardware_sync_spin_lock/sync_spin_lock.c.o
 .debug_frame   0x00000540      0x1cc CMakeFiles/blink.dir/Users/paulgallagher/.pico-sdk/sdk/2.2.0/src/rp2_common/hardware_irq/irq.c.o
 .debug_frame   0x0000070c       0x20 CMakeFiles/blink.dir/Users/paulgallagher/.pico-sdk/sdk/2.2.0/src/common/pico_sync/lock_core.c.o
 .debug_frame   0x0000072c      0x1e8 CMakeFiles/blink.dir/Users/paulgallagher/.pico-sdk/sdk/2.2.0/src/common/pico_sync/mutex.c.o
 .debug_frame   0x00000914      0x2ec CMakeFiles/blink.dir/Users/paulgallagher/.pico-sdk/sdk/2.2.0/src/common/pico_time/time.c.o
 .debug_frame   0x00000c00      0x2c4 CMakeFiles/blink.dir/Users/paulgallagher/.pico-sdk/sdk/2.2.0/src/rp2_common/hardware_timer/timer.c.o
 .debug_frame   0x00000ec4      0x1f4 CMakeFiles/blink.dir/Users/paulgallagher/.pico-sdk/sdk/2.2.0/src/rp2_common/hardware_clocks/clocks.c.o
 .debug_frame   0x000010b8       0x40 CMakeFiles/blink.dir/Users/paulgallagher/.pico-sdk/sdk/2.2.0/src/rp2_common/hardware_pll/pll.c.o
 .debug_frame   0x000010f8       0x40 CMakeFiles/blink.dir/Users/paulgallagher/.pico-sdk/sdk/2.2.0/src/rp2_common/hardware_ticks/ticks.c.o
 .debug_frame   0x00001138       0xa0 CMakeFiles/blink.dir/Users/paulgallagher/.pico-sdk/sdk/2.2.0/src/rp2_common/pico_bootrom/bootrom.c.o
 .debug_frame   0x000011d8       0x40 CMakeFiles/blink.dir/Users/paulgallagher/.pico-sdk/sdk/2.2.0/src/rp2_common/hardware_xosc/xosc.c.o
 .debug_frame   0x00001218       0x70 CMakeFiles/blink.dir/Users/paulgallagher/.pico-sdk/sdk/2.2.0/src/rp2_common/pico_runtime/runtime.c.o
 .debug_frame   0x00001288       0x88 CMakeFiles/blink.dir/Users/paulgallagher/.pico-sdk/sdk/2.2.0/src/rp2_common/pico_runtime_init/runtime_init.c.o
 .debug_frame   0x00001310       0x2c CMakeFiles/blink.dir/Users/paulgallagher/.pico-sdk/sdk/2.2.0/src/rp2_common/pico_runtime_init/runtime_init_clocks.c.o
 .debug_frame   0x0000133c       0x2c CMakeFiles/blink.dir/Users/paulgallagher/.pico-sdk/sdk/2.2.0/src/rp2_common/pico_double/double_init_rom_rp2040.c.o
 .debug_frame   0x00001368       0x28 CMakeFiles/blink.dir/Users/paulgallagher/.pico-sdk/sdk/2.2.0/src/rp2_common/pico_float/float_init_rom_rp2040.c.o
 .debug_frame   0x00001390      0x1f0 CMakeFiles/blink.dir/Users/paulgallagher/.pico-sdk/sdk/2.2.0/src/rp2_common/pico_printf/printf.c.o
 .debug_frame   0x00001580      0x184 CMakeFiles/blink.dir/Users/paulgallagher/.pico-sdk/sdk/2.2.0/src/rp2_common/pico_clib_interface/newlib_interface.c.o
 .debug_frame   0x00001704      0x2a8 CMakeFiles/blink.dir/Users/paulgallagher/.pico-sdk/sdk/2.2.0/src/rp2_common/pico_stdio/stdio.c.o
 .debug_frame   0x000019ac       0x28 /Users/paulgallagher/.pico-sdk/toolchain/14_2_Rel1/bin/../lib/gcc/arm-none-eabi/14.2.1/../../../../arm-none-eabi/lib/thumb/v6-m/nofp/libg.a(libc_a-strlen-stub.o)

.debug_line_str
                0x00000000      0x3c5
 .debug_line_str