Archive member included to satisfy reference by file (symbol)

/Users/paulgallagher/MyGithub/LittleArduinoProjects/FPGA/Fomu/assets/fomu-toolchain-macos-v1.3/bin/../lib/gcc/riscv64-unknown-elf/8.2.0/rv32i/ilp32/libgcc.a(muldi3.o)
                              .obj/time.o (__mulsi3)
/Users/paulgallagher/MyGithub/LittleArduinoProjects/FPGA/Fomu/assets/fomu-toolchain-macos-v1.3/bin/../lib/gcc/riscv64-unknown-elf/8.2.0/../../../../riscv64-unknown-elf/lib/rv32i/ilp32/libc.a(lib_a-memcpy.o)
                              .obj/usb-dev.o (memcpy)

Discarded input sections

 .text          0x0000000000000000        0x0 .obj/main.o
 .data          0x0000000000000000        0x0 .obj/main.o
 .bss           0x0000000000000000        0x0 .obj/main.o
 .text          0x0000000000000000        0x0 .obj/rgb.o
 .data          0x0000000000000000        0x0 .obj/rgb.o
 .bss           0x0000000000000000        0x0 .obj/rgb.o
 .text.rgb_on_time
                0x0000000000000000       0x18 .obj/rgb.o
 .text.rgb_off_time
                0x0000000000000000       0x18 .obj/rgb.o
 .text.rgb_in_time
                0x0000000000000000       0x20 .obj/rgb.o
 .text.rgb_out_time
                0x0000000000000000       0x20 .obj/rgb.o
 .text          0x0000000000000000        0x0 .obj/time.o
 .data          0x0000000000000000        0x0 .obj/time.o
 .bss           0x0000000000000000        0x0 .obj/time.o
 .text.timer0_reload_read
                0x0000000000000000       0x30 .obj/time.o
 .text.time_init
                0x0000000000000000       0x48 .obj/time.o
 .text.elapsed  0x0000000000000000       0x9c .obj/time.o
 .text          0x0000000000000000        0x0 .obj/usb-dev.o
 .data          0x0000000000000000        0x0 .obj/usb-dev.o
 .bss           0x0000000000000000        0x0 .obj/usb-dev.o
 .text          0x0000000000000000        0x0 .obj/usb-epfifo.o
 .data          0x0000000000000000        0x0 .obj/usb-epfifo.o
 .bss           0x0000000000000000        0x0 .obj/usb-epfifo.o
 .text.usb_idle
                0x0000000000000000       0x28 .obj/usb-epfifo.o
 .text.usb_wait_for_send_done
                0x0000000000000000       0x58 .obj/usb-epfifo.o
 .text.usb_ack_out
                0x0000000000000000        0xc .obj/usb-epfifo.o
 .text.usb_recv
                0x0000000000000000       0x2c .obj/usb-epfifo.o
 .data          0x0000000000000000        0x0 .obj/crt0-vexriscv.o
 .bss           0x0000000000000000        0x0 .obj/crt0-vexriscv.o
 .data          0x0000000000000000        0x0 /Users/paulgallagher/MyGithub/LittleArduinoProjects/FPGA/Fomu/assets/fomu-toolchain-macos-v1.3/bin/../lib/gcc/riscv64-unknown-elf/8.2.0/rv32i/ilp32/libgcc.a(muldi3.o)
 .bss           0x0000000000000000        0x0 /Users/paulgallagher/MyGithub/LittleArduinoProjects/FPGA/Fomu/assets/fomu-toolchain-macos-v1.3/bin/../lib/gcc/riscv64-unknown-elf/8.2.0/rv32i/ilp32/libgcc.a(muldi3.o)
 .data          0x0000000000000000        0x0 /Users/paulgallagher/MyGithub/LittleArduinoProjects/FPGA/Fomu/assets/fomu-toolchain-macos-v1.3/bin/../lib/gcc/riscv64-unknown-elf/8.2.0/../../../../riscv64-unknown-elf/lib/rv32i/ilp32/libc.a(lib_a-memcpy.o)
 .bss           0x0000000000000000        0x0 /Users/paulgallagher/MyGithub/LittleArduinoProjects/FPGA/Fomu/assets/fomu-toolchain-macos-v1.3/bin/../lib/gcc/riscv64-unknown-elf/8.2.0/../../../../riscv64-unknown-elf/lib/rv32i/ilp32/libc.a(lib_a-memcpy.o)

Memory Configuration

Name             Origin             Length             Attributes
sram             0x0000000010000000 0x0000000000020000
rom              0x0000000020040000 0x0000000000100000
*default*        0x0000000000000000 0xffffffffffffffff

Linker script and memory map

LOAD .obj/main.o
LOAD .obj/rgb.o
LOAD .obj/time.o
LOAD .obj/usb-dev.o
LOAD .obj/usb-epfifo.o
LOAD .obj/crt0-vexriscv.o
                0x0000000000000000                __DYNAMIC = 0x0

.text           0x0000000020040000      0x854
                0x0000000020040000                _ftext = .
 *(.text.start)
 .text.start    0x0000000020040000        0x4 .obj/crt0-vexriscv.o
                0x0000000020040000                _start
 *(.text .stub .text.* .gnu.linkonce.t.*)
 .text.isr      0x0000000020040004       0x1c .obj/main.o
                0x0000000020040004                isr
 .text.startup.main
                0x0000000020040020      0x140 .obj/main.o
                0x0000000020040020                main
 .text.rgb_write
                0x0000000020040160       0x10 .obj/rgb.o
                0x0000000020040160                rgb_write
 .text.rgb_init
                0x0000000020040170       0x68 .obj/rgb.o
                0x0000000020040170                rgb_init
 .text.rgb_set  0x00000000200401d8       0x2c .obj/rgb.o
                0x00000000200401d8                rgb_set
 .text.timer0_value_read
                0x0000000020040204       0x30 .obj/time.o
 .text.msleep   0x0000000020040234       0x84 .obj/time.o
                0x0000000020040234                msleep
 .text.process_tx
                0x00000000200402b8       0xe8 .obj/usb-epfifo.o
 .text.usb_disconnect
                0x00000000200403a0       0x44 .obj/usb-epfifo.o
                0x00000000200403a0                usb_disconnect
 .text.usb_connect
                0x00000000200403e4       0x48 .obj/usb-epfifo.o
                0x00000000200403e4                usb_connect
 .text.usb_init
                0x000000002004042c       0x28 .obj/usb-epfifo.o
                0x000000002004042c                usb_init
 .text.usb_send
                0x0000000020040454       0x98 .obj/usb-epfifo.o
                0x0000000020040454                usb_send
 .text.usb_isr  0x00000000200404ec      0x130 .obj/usb-epfifo.o
                0x00000000200404ec                usb_isr
 .text.usb_ack_in
                0x000000002004061c        0xc .obj/usb-epfifo.o
                0x000000002004061c                usb_ack_in
 .text.usb_err  0x0000000020040628       0x14 .obj/usb-epfifo.o
                0x0000000020040628                usb_err
 .text.usb_set_address
                0x000000002004063c       0x18 .obj/usb-epfifo.o
                0x000000002004063c                usb_set_address
 .text          0x0000000020040654      0x104 .obj/crt0-vexriscv.o
                0x0000000020040654                trap_entry
 .text          0x0000000020040758       0x24 /Users/paulgallagher/MyGithub/LittleArduinoProjects/FPGA/Fomu/assets/fomu-toolchain-macos-v1.3/bin/../lib/gcc/riscv64-unknown-elf/8.2.0/rv32i/ilp32/libgcc.a(muldi3.o)
                0x0000000020040758                __mulsi3
 .text          0x000000002004077c       0xd8 /Users/paulgallagher/MyGithub/LittleArduinoProjects/FPGA/Fomu/assets/fomu-toolchain-macos-v1.3/bin/../lib/gcc/riscv64-unknown-elf/8.2.0/../../../../riscv64-unknown-elf/lib/rv32i/ilp32/libc.a(lib_a-memcpy.o)
                0x000000002004077c                memcpy
                0x0000000020040854                _etext = .

.rodata         0x0000000020040854       0xa8
                0x0000000020040854                . = ALIGN (0x4)
                0x0000000020040854                _frodata = .
 *(.rodata .rodata.* .gnu.linkonce.r.*)
 .rodata.usb_bos_descriptor
                0x0000000020040854       0x1d .obj/usb-dev.o
 *fill*         0x0000000020040871        0x3 
 .rodata.usb_config_descriptor
                0x0000000020040874       0x12 .obj/usb-dev.o
 *fill*         0x0000000020040886        0x2 
 .rodata.usb_device_descriptor
                0x0000000020040888       0x12 .obj/usb-dev.o
 *fill*         0x000000002004089a        0x2 
 .rodata.usb_ms_compat_id_descriptor
                0x000000002004089c       0x28 .obj/usb-dev.o
 .rodata.usb_string1_descriptor
                0x00000000200408c4        0xc .obj/usb-dev.o
 .rodata.usb_string2_descriptor
                0x00000000200408d0       0x16 .obj/usb-dev.o
 *fill*         0x00000000200408e6        0x2 
 .rodata.usb_string_microsoft
                0x00000000200408e8       0x12 .obj/usb-dev.o
 *(.rodata1)
 *(.srodata)
                0x00000000200408fc                . = ALIGN (0x4)
 *fill*         0x00000000200408fa        0x2 
                0x00000000200408fc                _erodata = .

.rela.dyn       0x00000000200408fc        0x0
 .rela.text     0x00000000200408fc        0x0 .obj/main.o

.data           0x0000000010000000      0x238 load address 0x00000000200408fc
                0x0000000010000000                . = ALIGN (0x4)
                0x0000000010000000                _fdata = .
 *(.data .data.* .gnu.linkonce.d.*)
 *(.data1)
 *(.ramtext .ramtext.*)
 .ramtext       0x0000000010000000      0x22c .obj/usb-dev.o
                0x0000000010000000                usb_setup
                0x0000000010000230                _gp = ALIGN (0x10)
 *(.sdata .sdata.* .gnu.linkonce.s.* .sdata2 .sdata2.*)
 .sdata.current_state
                0x000000001000022c        0x4 .obj/main.o
                0x000000001000022c                current_state
 .sdata.desired_state
                0x0000000010000230        0x4 .obj/main.o
                0x0000000010000230                desired_state
 .sdata2.usb_string0_descriptor
                0x0000000010000234        0x4 .obj/usb-dev.o
                0x0000000010000240                _edata = ALIGN (0x10)

.bss            0x0000000010000238       0xec load address 0x0000000020040b34
                0x0000000010000238                . = ALIGN (0x4)
                0x0000000010000238                _fbss = .
 *(.dynsbss)
 *(.sbss .sbss.* .gnu.linkonce.sb.*)
 .sbss.reply_buffer
                0x0000000010000238        0x8 .obj/usb-dev.o
 .sbss.usb_configuration
                0x0000000010000240        0x1 .obj/usb-dev.o
 *fill*         0x0000000010000241        0x3 
 .sbss.current_data
                0x0000000010000244        0x4 .obj/usb-epfifo.o
 .sbss.current_length
                0x0000000010000248        0x4 .obj/usb-epfifo.o
 .sbss.data_offset
                0x000000001000024c        0x4 .obj/usb-epfifo.o
 .sbss.data_to_send
                0x0000000010000250        0x4 .obj/usb-epfifo.o
 .sbss.have_new_address
                0x0000000010000254        0x4 .obj/usb-epfifo.o
 .sbss.new_address
                0x0000000010000258        0x1 .obj/usb-epfifo.o
 *fill*         0x0000000010000259        0x3 
 .sbss.next_packet_is_empty
                0x000000001000025c        0x4 .obj/usb-epfifo.o
 .sbss.usb_ep0out_rd_ptr
                0x0000000010000260        0x1 .obj/usb-epfifo.o
 .sbss.usb_ep0out_wr_ptr
                0x0000000010000261        0x1 .obj/usb-epfifo.o
 *(.scommon)
 *(.dynbss)
 *(.bss .bss.* .gnu.linkonce.b.*)
 *fill*         0x0000000010000262        0x2 
 .bss.data_buffer
                0x0000000010000264       0x40 .obj/usb-dev.o
 .bss.obuf.2605
                0x00000000100002a4       0x80 .obj/usb-epfifo.o
 *(COMMON)
                0x0000000010000324                . = ALIGN (0x4)
                0x0000000010000324                _ebss = .
                0x0000000010000324                _end = .
                0x000000001001fffc                PROVIDE (_fstack = ((ORIGIN (sram) + LENGTH (sram)) - 0x4))
LOAD /Users/paulgallagher/MyGithub/LittleArduinoProjects/FPGA/Fomu/assets/fomu-toolchain-macos-v1.3/bin/../lib/gcc/riscv64-unknown-elf/8.2.0/rv32i/ilp32/libgcc.a
START GROUP
LOAD /Users/paulgallagher/MyGithub/LittleArduinoProjects/FPGA/Fomu/assets/fomu-toolchain-macos-v1.3/bin/../lib/gcc/riscv64-unknown-elf/8.2.0/../../../../riscv64-unknown-elf/lib/rv32i/ilp32/libc.a
LOAD /Users/paulgallagher/MyGithub/LittleArduinoProjects/FPGA/Fomu/assets/fomu-toolchain-macos-v1.3/bin/../lib/gcc/riscv64-unknown-elf/8.2.0/../../../../riscv64-unknown-elf/lib/rv32i/ilp32/libgloss.a
END GROUP
LOAD /Users/paulgallagher/MyGithub/LittleArduinoProjects/FPGA/Fomu/assets/fomu-toolchain-macos-v1.3/bin/../lib/gcc/riscv64-unknown-elf/8.2.0/rv32i/ilp32/libgcc.a
OUTPUT(riscv-notifier.elf elf32-littleriscv)

.debug_info     0x0000000000000000     0x41d3
 .debug_info    0x0000000000000000      0x5a1 .obj/main.o
 .debug_info    0x00000000000005a1      0xb87 .obj/rgb.o
 .debug_info    0x0000000000001128      0x7b1 .obj/time.o
 .debug_info    0x00000000000018d9      0xc3b .obj/usb-dev.o
 .debug_info    0x0000000000002514     0x1c77 .obj/usb-epfifo.o
 .debug_info    0x000000000000418b       0x22 .obj/crt0-vexriscv.o
 .debug_info    0x00000000000041ad       0x26 /Users/paulgallagher/MyGithub/LittleArduinoProjects/FPGA/Fomu/assets/fomu-toolchain-macos-v1.3/bin/../lib/gcc/riscv64-unknown-elf/8.2.0/rv32i/ilp32/libgcc.a(muldi3.o)

.debug_abbrev   0x0000000000000000      0xb95
 .debug_abbrev  0x0000000000000000      0x1f8 .obj/main.o
 .debug_abbrev  0x00000000000001f8      0x13d .obj/rgb.o
 .debug_abbrev  0x0000000000000335      0x1bd .obj/time.o
 .debug_abbrev  0x00000000000004f2      0x274 .obj/usb-dev.o
 .debug_abbrev  0x0000000000000766      0x409 .obj/usb-epfifo.o
 .debug_abbrev  0x0000000000000b6f       0x12 .obj/crt0-vexriscv.o
 .debug_abbrev  0x0000000000000b81       0x14 /Users/paulgallagher/MyGithub/LittleArduinoProjects/FPGA/Fomu/assets/fomu-toolchain-macos-v1.3/bin/../lib/gcc/riscv64-unknown-elf/8.2.0/rv32i/ilp32/libgcc.a(muldi3.o)

.debug_loc      0x0000000000000000     0x1a9a
 .debug_loc     0x0000000000000000      0x16a .obj/main.o
 .debug_loc     0x000000000000016a      0x892 .obj/rgb.o
 .debug_loc     0x00000000000009fc      0x5bd .obj/time.o
 .debug_loc     0x0000000000000fb9      0x24e .obj/usb-dev.o
 .debug_loc     0x0000000000001207      0x893 .obj/usb-epfifo.o

.debug_aranges  0x0000000000000000      0x1a0
 .debug_aranges
                0x0000000000000000       0x28 .obj/main.o
 .debug_aranges
                0x0000000000000028       0x50 .obj/rgb.o
 .debug_aranges
                0x0000000000000078       0x40 .obj/time.o
 .debug_aranges
                0x00000000000000b8       0x20 .obj/usb-dev.o
 .debug_aranges
                0x00000000000000d8       0x80 .obj/usb-epfifo.o
 .debug_aranges
                0x0000000000000158       0x28 .obj/crt0-vexriscv.o
 .debug_aranges
                0x0000000000000180       0x20 /Users/paulgallagher/MyGithub/LittleArduinoProjects/FPGA/Fomu/assets/fomu-toolchain-macos-v1.3/bin/../lib/gcc/riscv64-unknown-elf/8.2.0/rv32i/ilp32/libgcc.a(muldi3.o)

.debug_ranges   0x0000000000000000      0x710
 .debug_ranges  0x0000000000000000       0x78 .obj/main.o
 .debug_ranges  0x0000000000000078      0x1d8 .obj/rgb.o
 .debug_ranges  0x0000000000000250      0x1e8 .obj/time.o
 .debug_ranges  0x0000000000000438       0x10 .obj/usb-dev.o
 .debug_ranges  0x0000000000000448      0x2a8 .obj/usb-epfifo.o
 .debug_ranges  0x00000000000006f0       0x20 .obj/crt0-vexriscv.o

.debug_line     0x0000000000000000     0x2b3b
 .debug_line    0x0000000000000000      0x3b1 .obj/main.o
 .debug_line    0x00000000000003b1      0x75b .obj/rgb.o
 .debug_line    0x0000000000000b0c      0x83b .obj/time.o
 .debug_line    0x0000000000001347      0x42c .obj/usb-dev.o
 .debug_line    0x0000000000001773     0x118e .obj/usb-epfifo.o
 .debug_line    0x0000000000002901      0x1a4 .obj/crt0-vexriscv.o
 .debug_line    0x0000000000002aa5       0x96 /Users/paulgallagher/MyGithub/LittleArduinoProjects/FPGA/Fomu/assets/fomu-toolchain-macos-v1.3/bin/../lib/gcc/riscv64-unknown-elf/8.2.0/rv32i/ilp32/libgcc.a(muldi3.o)

.debug_str      0x0000000000000000      0xe55
 .debug_str     0x0000000000000000      0x2a0 .obj/main.o
                                        0x2e9 (size before relaxing)
 .debug_str     0x00000000000002a0       0x85 .obj/rgb.o
                                        0x28b (size before relaxing)
 .debug_str     0x0000000000000325       0xb0 .obj/time.o
                                        0x251 (size before relaxing)
 .debug_str     0x00000000000003d5      0x559 .obj/usb-dev.o
                                        0x74d (size before relaxing)
 .debug_str     0x000000000000092e      0x438 .obj/usb-epfifo.o
                                        0xa98 (size before relaxing)
 .debug_str     0x0000000000000d66       0x22 .obj/crt0-vexriscv.o
                                         0x7d (size before relaxing)
 .debug_str     0x0000000000000d88       0xcd /Users/paulgallagher/MyGithub/LittleArduinoProjects/FPGA/Fomu/assets/fomu-toolchain-macos-v1.3/bin/../lib/gcc/riscv64-unknown-elf/8.2.0/rv32i/ilp32/libgcc.a(muldi3.o)
                                         0xd9 (size before relaxing)

.comment        0x0000000000000000       0x28
 .comment       0x0000000000000000       0x28 .obj/main.o
                                         0x29 (size before relaxing)
 .comment       0x0000000000000028       0x29 .obj/rgb.o
 .comment       0x0000000000000028       0x29 .obj/time.o
 .comment       0x0000000000000028       0x29 .obj/usb-dev.o
 .comment       0x0000000000000028       0x29 .obj/usb-epfifo.o
 .comment       0x0000000000000028       0x29 /Users/paulgallagher/MyGithub/LittleArduinoProjects/FPGA/Fomu/assets/fomu-toolchain-macos-v1.3/bin/../lib/gcc/riscv64-unknown-elf/8.2.0/../../../../riscv64-unknown-elf/lib/rv32i/ilp32/libc.a(lib_a-memcpy.o)

.riscv.attributes
                0x0000000000000000       0x1a
 .riscv.attributes
                0x0000000000000000       0x1a .obj/main.o
 .riscv.attributes
                0x000000000000001a       0x1a .obj/rgb.o
 .riscv.attributes
                0x0000000000000034       0x1a .obj/time.o
 .riscv.attributes
                0x000000000000004e       0x1a .obj/usb-dev.o
 .riscv.attributes
                0x0000000000000068       0x1a .obj/usb-epfifo.o
 .riscv.attributes
                0x0000000000000082       0x1a .obj/crt0-vexriscv.o
 .riscv.attributes
                0x000000000000009c       0x1a /Users/paulgallagher/MyGithub/LittleArduinoProjects/FPGA/Fomu/assets/fomu-toolchain-macos-v1.3/bin/../lib/gcc/riscv64-unknown-elf/8.2.0/rv32i/ilp32/libgcc.a(muldi3.o)
 .riscv.attributes
                0x00000000000000b6       0x1a /Users/paulgallagher/MyGithub/LittleArduinoProjects/FPGA/Fomu/assets/fomu-toolchain-macos-v1.3/bin/../lib/gcc/riscv64-unknown-elf/8.2.0/../../../../riscv64-unknown-elf/lib/rv32i/ilp32/libc.a(lib_a-memcpy.o)

.debug_frame    0x0000000000000000      0x2e0
 .debug_frame   0x0000000000000000       0x40 .obj/main.o
 .debug_frame   0x0000000000000040       0x80 .obj/rgb.o
 .debug_frame   0x00000000000000c0       0x98 .obj/time.o
 .debug_frame   0x0000000000000158       0x50 .obj/usb-dev.o
 .debug_frame   0x00000000000001a8      0x138 .obj/usb-epfifo.o
