../Drivers/STM32U3xx_HAL_Driver/Src/stm32u3xx_hal_flash_ex.c:180:19:HAL_FLASHEx_Erase	32	static
../Drivers/STM32U3xx_HAL_Driver/Src/stm32u3xx_hal_flash_ex.c:254:19:HAL_FLASHEx_Erase_IT	24	static
../Drivers/STM32U3xx_HAL_Driver/Src/stm32u3xx_hal_flash_ex.c:322:19:HAL_FLASHEx_OBProgram	40	static
../Drivers/STM32U3xx_HAL_Driver/Src/stm32u3xx_hal_flash_ex.c:417:6:HAL_FLASHEx_OBGetConfig	16	static
../Drivers/STM32U3xx_HAL_Driver/Src/stm32u3xx_hal_flash_ex.c:476:19:HAL_FLASHEx_ConfigBBAttributes	24	static,ignoring_inline_asm
../Drivers/STM32U3xx_HAL_Driver/Src/stm32u3xx_hal_flash_ex.c:549:6:HAL_FLASHEx_GetConfigBBAttributes	24	static
../Drivers/STM32U3xx_HAL_Driver/Src/stm32u3xx_hal_flash_ex.c:740:6:HAL_FLASHEx_GetRDPKeyCRC	16	static
../Drivers/STM32U3xx_HAL_Driver/Src/stm32u3xx_hal_flash_ex.c:789:6:HAL_FLASHEx_ConfigPrivMode	16	static
../Drivers/STM32U3xx_HAL_Driver/Src/stm32u3xx_hal_flash_ex.c:809:10:HAL_FLASHEx_GetPrivMode	4	static
../Drivers/STM32U3xx_HAL_Driver/Src/stm32u3xx_hal_flash_ex.c:872:19:HAL_FLASHEx_EnablePowerDown	24	static
../Drivers/STM32U3xx_HAL_Driver/Src/stm32u3xx_hal_flash_ex.c:961:19:HAL_FLASHEx_ConfigLowPowerRead	24	static
../Drivers/STM32U3xx_HAL_Driver/Src/stm32u3xx_hal_flash_ex.c:988:10:HAL_FLASHEx_GetLowPowerRead	4	static
../Drivers/STM32U3xx_HAL_Driver/Src/stm32u3xx_hal_flash_ex.c:1002:6:HAL_FLASHEx_GetOperation	24	static
../Drivers/STM32U3xx_HAL_Driver/Src/stm32u3xx_hal_flash_ex.c:1042:6:HAL_FLASHEx_EnableEccCorrectionInterrupt	4	static
../Drivers/STM32U3xx_HAL_Driver/Src/stm32u3xx_hal_flash_ex.c:1052:6:HAL_FLASHEx_DisableEccCorrectionInterrupt	4	static
../Drivers/STM32U3xx_HAL_Driver/Src/stm32u3xx_hal_flash_ex.c:1068:6:HAL_FLASHEx_GetEccInfo	24	static
../Drivers/STM32U3xx_HAL_Driver/Src/stm32u3xx_hal_flash_ex.c:1118:6:HAL_FLASHEx_ECCD_IRQHandler	8	static
../Drivers/STM32U3xx_HAL_Driver/Src/stm32u3xx_hal_flash_ex.c:1136:13:HAL_FLASHEx_EccCorrectionCallback	4	static
../Drivers/STM32U3xx_HAL_Driver/Src/stm32u3xx_hal_flash_ex.c:1148:13:HAL_FLASHEx_EccDetectionCallback	4	static
../Drivers/STM32U3xx_HAL_Driver/Src/stm32u3xx_hal_flash_ex.c:1179:13:FLASH_MassErase	24	static
../Drivers/STM32U3xx_HAL_Driver/Src/stm32u3xx_hal_flash_ex.c:1208:6:FLASH_PageErase	24	static
../Drivers/STM32U3xx_HAL_Driver/Src/stm32u3xx_hal_flash_ex.c:1264:13:FLASH_OB_WRPConfig	24	static
../Drivers/STM32U3xx_HAL_Driver/Src/stm32u3xx_hal_flash_ex.c:1323:13:FLASH_OB_RDPConfig	16	static
../Drivers/STM32U3xx_HAL_Driver/Src/stm32u3xx_hal_flash_ex.c:1346:13:FLASH_OB_RDPKeyConfig	24	static
../Drivers/STM32U3xx_HAL_Driver/Src/stm32u3xx_hal_flash_ex.c:1393:13:FLASH_OB_UserConfig	24	static
../Drivers/STM32U3xx_HAL_Driver/Src/stm32u3xx_hal_flash_ex.c:1719:13:FLASH_OB_BootAddrConfig	16	static
../Drivers/STM32U3xx_HAL_Driver/Src/stm32u3xx_hal_flash_ex.c:1762:13:FLASH_OB_GetWRP	24	static
../Drivers/STM32U3xx_HAL_Driver/Src/stm32u3xx_hal_flash_ex.c:1806:17:FLASH_OB_GetRDP	16	static
../Drivers/STM32U3xx_HAL_Driver/Src/stm32u3xx_hal_flash_ex.c:1835:17:FLASH_OB_GetUser	16	static
../Drivers/STM32U3xx_HAL_Driver/Src/stm32u3xx_hal_flash_ex.c:1930:13:FLASH_OB_GetBootAddr	16	static
