../Drivers/STM32U3xx_HAL_Driver/Src/stm32u3xx_hal_dma_ex.c:604:19:HAL_DMAEx_List_Init	24	static
../Drivers/STM32U3xx_HAL_Driver/Src/stm32u3xx_hal_dma_ex.c:673:19:HAL_DMAEx_List_DeInit	24	static
../Drivers/STM32U3xx_HAL_Driver/Src/stm32u3xx_hal_dma_ex.c:815:19:HAL_DMAEx_List_Start	32	static
../Drivers/STM32U3xx_HAL_Driver/Src/stm32u3xx_hal_dma_ex.c:877:19:HAL_DMAEx_List_Start_IT	32	static
../Drivers/STM32U3xx_HAL_Driver/Src/stm32u3xx_hal_dma_ex.c:1045:19:HAL_DMAEx_List_BuildNode	16	static
../Drivers/STM32U3xx_HAL_Driver/Src/stm32u3xx_hal_dma_ex.c:1116:19:HAL_DMAEx_List_GetNodeConfig	16	static
../Drivers/STM32U3xx_HAL_Driver/Src/stm32u3xx_hal_dma_ex.c:1140:19:HAL_DMAEx_List_InsertNode	56	static
../Drivers/STM32U3xx_HAL_Driver/Src/stm32u3xx_hal_dma_ex.c:1270:19:HAL_DMAEx_List_InsertNode_Head	24	static
../Drivers/STM32U3xx_HAL_Driver/Src/stm32u3xx_hal_dma_ex.c:1349:19:HAL_DMAEx_List_InsertNode_Tail	48	static
../Drivers/STM32U3xx_HAL_Driver/Src/stm32u3xx_hal_dma_ex.c:1436:19:HAL_DMAEx_List_RemoveNode	48	static
../Drivers/STM32U3xx_HAL_Driver/Src/stm32u3xx_hal_dma_ex.c:1577:19:HAL_DMAEx_List_RemoveNode_Head	48	static
../Drivers/STM32U3xx_HAL_Driver/Src/stm32u3xx_hal_dma_ex.c:1674:19:HAL_DMAEx_List_RemoveNode_Tail	40	static
../Drivers/STM32U3xx_HAL_Driver/Src/stm32u3xx_hal_dma_ex.c:1769:19:HAL_DMAEx_List_ReplaceNode	56	static
../Drivers/STM32U3xx_HAL_Driver/Src/stm32u3xx_hal_dma_ex.c:1932:19:HAL_DMAEx_List_ReplaceNode_Head	48	static
../Drivers/STM32U3xx_HAL_Driver/Src/stm32u3xx_hal_dma_ex.c:2029:19:HAL_DMAEx_List_ReplaceNode_Tail	48	static
../Drivers/STM32U3xx_HAL_Driver/Src/stm32u3xx_hal_dma_ex.c:2120:19:HAL_DMAEx_List_ResetQ	40	static
../Drivers/STM32U3xx_HAL_Driver/Src/stm32u3xx_hal_dma_ex.c:2192:19:HAL_DMAEx_List_InsertQ	72	static
../Drivers/STM32U3xx_HAL_Driver/Src/stm32u3xx_hal_dma_ex.c:2400:19:HAL_DMAEx_List_InsertQ_Head	64	static
../Drivers/STM32U3xx_HAL_Driver/Src/stm32u3xx_hal_dma_ex.c:2537:19:HAL_DMAEx_List_InsertQ_Tail	64	static
../Drivers/STM32U3xx_HAL_Driver/Src/stm32u3xx_hal_dma_ex.c:2673:19:HAL_DMAEx_List_SetCircularModeConfig	48	static
../Drivers/STM32U3xx_HAL_Driver/Src/stm32u3xx_hal_dma_ex.c:2768:19:HAL_DMAEx_List_SetCircularMode	48	static
../Drivers/STM32U3xx_HAL_Driver/Src/stm32u3xx_hal_dma_ex.c:2851:19:HAL_DMAEx_List_ClearCircularMode	40	static
../Drivers/STM32U3xx_HAL_Driver/Src/stm32u3xx_hal_dma_ex.c:2922:19:HAL_DMAEx_List_ConvertQToDynamic	88	static
../Drivers/STM32U3xx_HAL_Driver/Src/stm32u3xx_hal_dma_ex.c:3024:19:HAL_DMAEx_List_ConvertQToStatic	64	static
../Drivers/STM32U3xx_HAL_Driver/Src/stm32u3xx_hal_dma_ex.c:3101:19:HAL_DMAEx_List_LinkQ	24	static
../Drivers/STM32U3xx_HAL_Driver/Src/stm32u3xx_hal_dma_ex.c:3182:19:HAL_DMAEx_List_UnLinkQ	24	static
../Drivers/STM32U3xx_HAL_Driver/Src/stm32u3xx_hal_dma_ex.c:3251:19:HAL_DMAEx_ConfigDataHandling	16	static
../Drivers/STM32U3xx_HAL_Driver/Src/stm32u3xx_hal_dma_ex.c:3291:19:HAL_DMAEx_ConfigTrigger	16	static
../Drivers/STM32U3xx_HAL_Driver/Src/stm32u3xx_hal_dma_ex.c:3336:19:HAL_DMAEx_ConfigRepeatBlock	24	static
../Drivers/STM32U3xx_HAL_Driver/Src/stm32u3xx_hal_dma_ex.c:3475:19:HAL_DMAEx_Suspend	24	static
../Drivers/STM32U3xx_HAL_Driver/Src/stm32u3xx_hal_dma_ex.c:3534:19:HAL_DMAEx_Suspend_IT	16	static
../Drivers/STM32U3xx_HAL_Driver/Src/stm32u3xx_hal_dma_ex.c:3568:19:HAL_DMAEx_Resume	16	static
../Drivers/STM32U3xx_HAL_Driver/Src/stm32u3xx_hal_dma_ex.c:3629:10:HAL_DMAEx_GetFifoLevel	16	static
../Drivers/STM32U3xx_HAL_Driver/Src/stm32u3xx_hal_dma_ex.c:3653:13:DMA_List_Init	24	static
../Drivers/STM32U3xx_HAL_Driver/Src/stm32u3xx_hal_dma_ex.c:3706:13:DMA_List_BuildNode	24	static
../Drivers/STM32U3xx_HAL_Driver/Src/stm32u3xx_hal_dma_ex.c:3938:13:DMA_List_GetNodeConfig	24	static
../Drivers/STM32U3xx_HAL_Driver/Src/stm32u3xx_hal_dma_ex.c:4099:17:DMA_List_CheckNodesBaseAddresses	32	static
../Drivers/STM32U3xx_HAL_Driver/Src/stm32u3xx_hal_dma_ex.c:4142:17:DMA_List_CheckNodesTypes	32	static
../Drivers/STM32U3xx_HAL_Driver/Src/stm32u3xx_hal_dma_ex.c:4199:13:DMA_List_GetCLLRNodeInfo	24	static
../Drivers/STM32U3xx_HAL_Driver/Src/stm32u3xx_hal_dma_ex.c:4243:17:DMA_List_FindNode	40	static
../Drivers/STM32U3xx_HAL_Driver/Src/stm32u3xx_hal_dma_ex.c:4335:13:DMA_List_ResetQueueNodes	32	static
../Drivers/STM32U3xx_HAL_Driver/Src/stm32u3xx_hal_dma_ex.c:4378:13:DMA_List_FillNode	24	static
../Drivers/STM32U3xx_HAL_Driver/Src/stm32u3xx_hal_dma_ex.c:4398:13:DMA_List_ConvertNodeToDynamic	88	static
../Drivers/STM32U3xx_HAL_Driver/Src/stm32u3xx_hal_dma_ex.c:4463:13:DMA_List_ConvertNodeToStatic	88	static
../Drivers/STM32U3xx_HAL_Driver/Src/stm32u3xx_hal_dma_ex.c:4513:13:DMA_List_FormatNode	32	static
../Drivers/STM32U3xx_HAL_Driver/Src/stm32u3xx_hal_dma_ex.c:4543:13:DMA_List_ClearUnusedFields	24	static
../Drivers/STM32U3xx_HAL_Driver/Src/stm32u3xx_hal_dma_ex.c:4559:13:DMA_List_UpdateDynamicQueueNodesCLLR	40	static
../Drivers/STM32U3xx_HAL_Driver/Src/stm32u3xx_hal_dma_ex.c:4635:13:DMA_List_UpdateStaticQueueNodesCLLR	40	static
../Drivers/STM32U3xx_HAL_Driver/Src/stm32u3xx_hal_dma_ex.c:4689:13:DMA_List_CleanQueue	16	static
