../Drivers/CMSIS/Include/core_cm33.h:2359:22:__NVIC_SetPriorityGrouping	24	static
../Drivers/CMSIS/Include/core_cm33.h:2378:26:__NVIC_GetPriorityGrouping	4	static
../Drivers/CMSIS/Include/core_cm33.h:2390:22:__NVIC_EnableIRQ	16	static,ignoring_inline_asm
../Drivers/CMSIS/Include/core_cm33.h:2428:22:__NVIC_DisableIRQ	16	static,ignoring_inline_asm
../Drivers/CMSIS/Include/core_cm33.h:2447:26:__NVIC_GetPendingIRQ	16	static
../Drivers/CMSIS/Include/core_cm33.h:2466:22:__NVIC_SetPendingIRQ	16	static
../Drivers/CMSIS/Include/core_cm33.h:2481:22:__NVIC_ClearPendingIRQ	16	static
../Drivers/CMSIS/Include/core_cm33.h:2498:26:__NVIC_GetActive	16	static
../Drivers/CMSIS/Include/core_cm33.h:2587:22:__NVIC_SetPriority	16	static
../Drivers/CMSIS/Include/core_cm33.h:2609:26:__NVIC_GetPriority	16	static
../Drivers/CMSIS/Include/core_cm33.h:2634:26:NVIC_EncodePriority	40	static
../Drivers/CMSIS/Include/core_cm33.h:2661:22:NVIC_DecodePriority	40	static
../Drivers/CMSIS/Include/core_cm33.h:2711:34:__NVIC_SystemReset	4	static,ignoring_inline_asm
../Drivers/STM32U3xx_HAL_Driver/Src/stm32u3xx_hal_cortex.c:231:6:HAL_NVIC_SetPriorityGrouping	16	static
../Drivers/STM32U3xx_HAL_Driver/Src/stm32u3xx_hal_cortex.c:254:6:HAL_NVIC_SetPriority	32	static
../Drivers/STM32U3xx_HAL_Driver/Src/stm32u3xx_hal_cortex.c:277:6:HAL_NVIC_EnableIRQ	16	static
../Drivers/STM32U3xx_HAL_Driver/Src/stm32u3xx_hal_cortex.c:294:6:HAL_NVIC_DisableIRQ	16	static
../Drivers/STM32U3xx_HAL_Driver/Src/stm32u3xx_hal_cortex.c:307:6:HAL_NVIC_SystemReset	8	static
../Drivers/STM32U3xx_HAL_Driver/Src/stm32u3xx_hal_cortex.c:320:10:HAL_SYSTICK_Config	16	static
../Drivers/STM32U3xx_HAL_Driver/Src/stm32u3xx_hal_cortex.c:364:10:HAL_NVIC_GetPriorityGrouping	8	static
../Drivers/STM32U3xx_HAL_Driver/Src/stm32u3xx_hal_cortex.c:392:6:HAL_NVIC_GetPriority	24	static
../Drivers/STM32U3xx_HAL_Driver/Src/stm32u3xx_hal_cortex.c:410:6:HAL_NVIC_SetPendingIRQ	16	static
../Drivers/STM32U3xx_HAL_Driver/Src/stm32u3xx_hal_cortex.c:429:10:HAL_NVIC_GetPendingIRQ	16	static
../Drivers/STM32U3xx_HAL_Driver/Src/stm32u3xx_hal_cortex.c:446:6:HAL_NVIC_ClearPendingIRQ	16	static
../Drivers/STM32U3xx_HAL_Driver/Src/stm32u3xx_hal_cortex.c:464:10:HAL_NVIC_GetActive	16	static
../Drivers/STM32U3xx_HAL_Driver/Src/stm32u3xx_hal_cortex.c:480:6:HAL_SYSTICK_CLKSourceConfig	16	static
../Drivers/STM32U3xx_HAL_Driver/Src/stm32u3xx_hal_cortex.c:519:10:HAL_SYSTICK_GetCLKSourceConfig	16	static
../Drivers/STM32U3xx_HAL_Driver/Src/stm32u3xx_hal_cortex.c:554:6:HAL_SYSTICK_IRQHandler	8	static
../Drivers/STM32U3xx_HAL_Driver/Src/stm32u3xx_hal_cortex.c:563:13:HAL_SYSTICK_Callback	4	static
../Drivers/STM32U3xx_HAL_Driver/Src/stm32u3xx_hal_cortex.c:574:6:HAL_CORTEX_ClearEvent	4	static,ignoring_inline_asm
../Drivers/STM32U3xx_HAL_Driver/Src/stm32u3xx_hal_cortex.c:591:6:HAL_MPU_Enable	16	static,ignoring_inline_asm
../Drivers/STM32U3xx_HAL_Driver/Src/stm32u3xx_hal_cortex.c:640:6:HAL_MPU_Disable	4	static,ignoring_inline_asm
../Drivers/STM32U3xx_HAL_Driver/Src/stm32u3xx_hal_cortex.c:682:6:HAL_MPU_EnableRegion	16	static
../Drivers/STM32U3xx_HAL_Driver/Src/stm32u3xx_hal_cortex.c:715:6:HAL_MPU_DisableRegion	16	static
../Drivers/STM32U3xx_HAL_Driver/Src/stm32u3xx_hal_cortex.c:753:6:HAL_MPU_ConfigRegion	16	static
../Drivers/STM32U3xx_HAL_Driver/Src/stm32u3xx_hal_cortex.c:778:6:HAL_MPU_ConfigMemoryAttributes	16	static
../Drivers/STM32U3xx_HAL_Driver/Src/stm32u3xx_hal_cortex.c:807:13:MPU_ConfigRegion	16	static
../Drivers/STM32U3xx_HAL_Driver/Src/stm32u3xx_hal_cortex.c:835:13:MPU_ConfigMemoryAttributes	32	static
