../Drivers/STM32U3xx_HAL_Driver/Src/stm32u3xx_hal_pwr.c:221:6:HAL_PWR_DeInit	4	static
../Drivers/STM32U3xx_HAL_Driver/Src/stm32u3xx_hal_pwr.c:232:6:HAL_PWR_EnableBkUpAccess	4	static
../Drivers/STM32U3xx_HAL_Driver/Src/stm32u3xx_hal_pwr.c:242:6:HAL_PWR_DisableBkUpAccess	4	static
../Drivers/STM32U3xx_HAL_Driver/Src/stm32u3xx_hal_pwr.c:337:19:HAL_PWR_ConfigPVD	16	static
../Drivers/STM32U3xx_HAL_Driver/Src/stm32u3xx_hal_pwr.c:383:6:HAL_PWR_EnablePVD	4	static
../Drivers/STM32U3xx_HAL_Driver/Src/stm32u3xx_hal_pwr.c:392:6:HAL_PWR_DisablePVD	4	static
../Drivers/STM32U3xx_HAL_Driver/Src/stm32u3xx_hal_pwr.c:425:6:HAL_PWR_EnableWakeUpLine	72	static,ignoring_inline_asm
../Drivers/STM32U3xx_HAL_Driver/Src/stm32u3xx_hal_pwr.c:459:6:HAL_PWR_DisableWakeUpLine	16	static
../Drivers/STM32U3xx_HAL_Driver/Src/stm32u3xx_hal_pwr.c:483:10:HAL_PWR_GetClearWakeupSource	16	static
../Drivers/STM32U3xx_HAL_Driver/Src/stm32u3xx_hal_pwr.c:520:6:HAL_PWR_EnterSLEEPMode	16	static,ignoring_inline_asm
../Drivers/STM32U3xx_HAL_Driver/Src/stm32u3xx_hal_pwr.c:592:6:HAL_PWR_EnterSTOPMode	16	static,ignoring_inline_asm
../Drivers/STM32U3xx_HAL_Driver/Src/stm32u3xx_hal_pwr.c:643:6:HAL_PWR_EnterSTANDBYMode	4	static,ignoring_inline_asm
../Drivers/STM32U3xx_HAL_Driver/Src/stm32u3xx_hal_pwr.c:664:6:HAL_PWR_EnableSleepOnExit	4	static
../Drivers/STM32U3xx_HAL_Driver/Src/stm32u3xx_hal_pwr.c:677:6:HAL_PWR_DisableSleepOnExit	4	static
../Drivers/STM32U3xx_HAL_Driver/Src/stm32u3xx_hal_pwr.c:690:6:HAL_PWR_EnableSEVOnPend	4	static
../Drivers/STM32U3xx_HAL_Driver/Src/stm32u3xx_hal_pwr.c:702:6:HAL_PWR_DisableSEVOnPend	4	static
../Drivers/STM32U3xx_HAL_Driver/Src/stm32u3xx_hal_pwr.c:712:6:HAL_PWR_EnableVddUSBVoltageMonitor	4	static
../Drivers/STM32U3xx_HAL_Driver/Src/stm32u3xx_hal_pwr.c:721:6:HAL_PWR_DisableVddUSBVoltageMonitor	4	static
../Drivers/STM32U3xx_HAL_Driver/Src/stm32u3xx_hal_pwr.c:731:6:HAL_PWR_EnableVddIO2VoltageMonitor	4	static
../Drivers/STM32U3xx_HAL_Driver/Src/stm32u3xx_hal_pwr.c:740:6:HAL_PWR_DisableVddIO2VoltageMonitor	4	static
../Drivers/STM32U3xx_HAL_Driver/Src/stm32u3xx_hal_pwr.c:751:6:HAL_PWR_EnableVddA1VoltageMonitor	4	static
../Drivers/STM32U3xx_HAL_Driver/Src/stm32u3xx_hal_pwr.c:760:6:HAL_PWR_DisableVddA1VoltageMonitor	4	static
../Drivers/STM32U3xx_HAL_Driver/Src/stm32u3xx_hal_pwr.c:770:6:HAL_PWR_EnableVddA2VoltageMonitor	4	static
../Drivers/STM32U3xx_HAL_Driver/Src/stm32u3xx_hal_pwr.c:779:6:HAL_PWR_DisableVddA2VoltageMonitor	4	static
../Drivers/STM32U3xx_HAL_Driver/Src/stm32u3xx_hal_pwr.c:791:19:HAL_PWR_ConfigPVM	16	static
../Drivers/STM32U3xx_HAL_Driver/Src/stm32u3xx_hal_pwr.c:949:6:HAL_PWREx_PVD_PVM_IRQHandler	16	static
../Drivers/STM32U3xx_HAL_Driver/Src/stm32u3xx_hal_pwr.c:1064:13:HAL_PWR_PVD_Rising_Callback	4	static
../Drivers/STM32U3xx_HAL_Driver/Src/stm32u3xx_hal_pwr.c:1075:13:HAL_PWR_PVD_Falling_Callback	4	static
../Drivers/STM32U3xx_HAL_Driver/Src/stm32u3xx_hal_pwr.c:1086:13:HAL_PWR_USBVM_Rising_Callback	4	static
../Drivers/STM32U3xx_HAL_Driver/Src/stm32u3xx_hal_pwr.c:1097:13:HAL_PWR_USBVM_Falling_Callback	4	static
../Drivers/STM32U3xx_HAL_Driver/Src/stm32u3xx_hal_pwr.c:1109:13:HAL_PWR_IO2VM_Rising_Callback	4	static
../Drivers/STM32U3xx_HAL_Driver/Src/stm32u3xx_hal_pwr.c:1120:13:HAL_PWR_IO2VM_Falling_Callback	4	static
../Drivers/STM32U3xx_HAL_Driver/Src/stm32u3xx_hal_pwr.c:1132:13:HAL_PWR_ADCVM1_Rising_Callback	4	static
../Drivers/STM32U3xx_HAL_Driver/Src/stm32u3xx_hal_pwr.c:1143:13:HAL_PWR_ADCVM1_Falling_Callback	4	static
../Drivers/STM32U3xx_HAL_Driver/Src/stm32u3xx_hal_pwr.c:1154:13:HAL_PWR_ADCVM2_Rising_Callback	4	static
../Drivers/STM32U3xx_HAL_Driver/Src/stm32u3xx_hal_pwr.c:1165:13:HAL_PWR_ADCVM2_Falling_Callback	4	static
../Drivers/STM32U3xx_HAL_Driver/Src/stm32u3xx_hal_pwr.c:1177:6:HAL_PWR_WKUP_IRQHandler	16	static
../Drivers/STM32U3xx_HAL_Driver/Src/stm32u3xx_hal_pwr.c:1245:13:HAL_PWR_WKUP1_Callback	4	static
../Drivers/STM32U3xx_HAL_Driver/Src/stm32u3xx_hal_pwr.c:1256:13:HAL_PWR_WKUP2_Callback	4	static
../Drivers/STM32U3xx_HAL_Driver/Src/stm32u3xx_hal_pwr.c:1267:13:HAL_PWR_WKUP3_Callback	4	static
../Drivers/STM32U3xx_HAL_Driver/Src/stm32u3xx_hal_pwr.c:1278:13:HAL_PWR_WKUP4_Callback	4	static
../Drivers/STM32U3xx_HAL_Driver/Src/stm32u3xx_hal_pwr.c:1289:13:HAL_PWR_WKUP5_Callback	4	static
../Drivers/STM32U3xx_HAL_Driver/Src/stm32u3xx_hal_pwr.c:1300:13:HAL_PWR_WKUP6_Callback	4	static
../Drivers/STM32U3xx_HAL_Driver/Src/stm32u3xx_hal_pwr.c:1311:13:HAL_PWR_WKUP7_Callback	4	static
../Drivers/STM32U3xx_HAL_Driver/Src/stm32u3xx_hal_pwr.c:1322:13:HAL_PWR_WKUP8_Callback	4	static
../Drivers/STM32U3xx_HAL_Driver/Src/stm32u3xx_hal_pwr.c:1333:13:HAL_PWR_WKUP9_Callback	4	static
../Drivers/STM32U3xx_HAL_Driver/Src/stm32u3xx_hal_pwr.c:1344:13:HAL_PWR_WKUP10_Callback	4	static
../Drivers/STM32U3xx_HAL_Driver/Src/stm32u3xx_hal_pwr.c:1445:6:HAL_PWR_ConfigAttributes	16	static
../Drivers/STM32U3xx_HAL_Driver/Src/stm32u3xx_hal_pwr.c:1511:19:HAL_PWR_GetConfigAttributes	24	static
