../Drivers/STM32U3xx_HAL_Driver/Src/stm32u3xx_hal_gpio.c:167:6:HAL_GPIO_Init	32	static
../Drivers/STM32U3xx_HAL_Driver/Src/stm32u3xx_hal_gpio.c:295:6:HAL_GPIO_DeInit	32	static
../Drivers/STM32U3xx_HAL_Driver/Src/stm32u3xx_hal_gpio.c:376:15:HAL_GPIO_ReadPin	24	static
../Drivers/STM32U3xx_HAL_Driver/Src/stm32u3xx_hal_gpio.c:408:6:HAL_GPIO_WritePin	16	static
../Drivers/STM32U3xx_HAL_Driver/Src/stm32u3xx_hal_gpio.c:431:6:HAL_GPIO_TogglePin	24	static
../Drivers/STM32U3xx_HAL_Driver/Src/stm32u3xx_hal_gpio.c:457:6:HAL_GPIO_WriteMultipleStatePin	24	static
../Drivers/STM32U3xx_HAL_Driver/Src/stm32u3xx_hal_gpio.c:481:19:HAL_GPIO_LockPin	24	static
../Drivers/STM32U3xx_HAL_Driver/Src/stm32u3xx_hal_gpio.c:522:6:HAL_GPIO_EnableHighSpeedLowVoltage	16	static
../Drivers/STM32U3xx_HAL_Driver/Src/stm32u3xx_hal_gpio.c:543:6:HAL_GPIO_DisableHighSpeedLowVoltage	16	static
../Drivers/STM32U3xx_HAL_Driver/Src/stm32u3xx_hal_gpio.c:558:6:HAL_GPIO_EXTI_IRQHandler	16	static
../Drivers/STM32U3xx_HAL_Driver/Src/stm32u3xx_hal_gpio.c:579:13:HAL_GPIO_EXTI_Rising_Callback	16	static
../Drivers/STM32U3xx_HAL_Driver/Src/stm32u3xx_hal_gpio.c:594:13:HAL_GPIO_EXTI_Falling_Callback	16	static
../Drivers/STM32U3xx_HAL_Driver/Src/stm32u3xx_hal_gpio.c:666:19:HAL_GPIO_GetConfigPinAttributes	24	static
