../Drivers/STM32U3xx_HAL_Driver/Src/stm32u3xx_hal_pwr_ex.c:229:19:HAL_PWREx_ControlVoltageScaling	24	static
../Drivers/STM32U3xx_HAL_Driver/Src/stm32u3xx_hal_pwr_ex.c:271:10:HAL_PWREx_GetVoltageRange	4	static
../Drivers/STM32U3xx_HAL_Driver/Src/stm32u3xx_hal_pwr_ex.c:282:6:HAL_PWREx_EnableVddUSB	4	static
../Drivers/STM32U3xx_HAL_Driver/Src/stm32u3xx_hal_pwr_ex.c:291:6:HAL_PWREx_DisableVddUSB	4	static
../Drivers/STM32U3xx_HAL_Driver/Src/stm32u3xx_hal_pwr_ex.c:302:6:HAL_PWREx_EnableVddIO2	4	static
../Drivers/STM32U3xx_HAL_Driver/Src/stm32u3xx_hal_pwr_ex.c:311:6:HAL_PWREx_DisableVddIO2	4	static
../Drivers/STM32U3xx_HAL_Driver/Src/stm32u3xx_hal_pwr_ex.c:322:6:HAL_PWREx_EnableVddA	4	static
../Drivers/STM32U3xx_HAL_Driver/Src/stm32u3xx_hal_pwr_ex.c:331:6:HAL_PWREx_DisableVddA	4	static
../Drivers/STM32U3xx_HAL_Driver/Src/stm32u3xx_hal_pwr_ex.c:342:19:HAL_PWREx_EnableEpodBooster	16	static
../Drivers/STM32U3xx_HAL_Driver/Src/stm32u3xx_hal_pwr_ex.c:374:19:HAL_PWREx_DisableEpodBooster	16	static
../Drivers/STM32U3xx_HAL_Driver/Src/stm32u3xx_hal_pwr_ex.c:409:19:HAL_PWREx_ConfigSupply	24	static
../Drivers/STM32U3xx_HAL_Driver/Src/stm32u3xx_hal_pwr_ex.c:457:11:HAL_PWREx_GetSupplyConfig	4	static
../Drivers/STM32U3xx_HAL_Driver/Src/stm32u3xx_hal_pwr_ex.c:467:6:HAL_PWREx_EnableFastSoftStart	4	static
../Drivers/STM32U3xx_HAL_Driver/Src/stm32u3xx_hal_pwr_ex.c:476:6:HAL_PWREx_DisableFastSoftStart	4	static
../Drivers/STM32U3xx_HAL_Driver/Src/stm32u3xx_hal_pwr_ex.c:491:6:HAL_PWREx_EnableBatteryCharging	16	static
../Drivers/STM32U3xx_HAL_Driver/Src/stm32u3xx_hal_pwr_ex.c:505:6:HAL_PWREx_DisableBatteryCharging	4	static
../Drivers/STM32U3xx_HAL_Driver/Src/stm32u3xx_hal_pwr_ex.c:531:6:HAL_PWREx_EnterSHUTDOWNMode	4	static,ignoring_inline_asm
../Drivers/STM32U3xx_HAL_Driver/Src/stm32u3xx_hal_pwr_ex.c:552:6:HAL_PWREx_EnableUltraLowPowerMode	4	static
../Drivers/STM32U3xx_HAL_Driver/Src/stm32u3xx_hal_pwr_ex.c:561:6:HAL_PWREx_DisableUltraLowPowerMode	4	static
../Drivers/STM32U3xx_HAL_Driver/Src/stm32u3xx_hal_pwr_ex.c:612:6:HAL_PWREx_EnableRAMsPowerDown	16	static
../Drivers/STM32U3xx_HAL_Driver/Src/stm32u3xx_hal_pwr_ex.c:630:6:HAL_PWREx_DisableRAMsPowerDown	16	static
../Drivers/STM32U3xx_HAL_Driver/Src/stm32u3xx_hal_pwr_ex.c:664:6:HAL_PWREx_EnableRAMsContentStopRetention	16	static
../Drivers/STM32U3xx_HAL_Driver/Src/stm32u3xx_hal_pwr_ex.c:698:6:HAL_PWREx_DisableRAMsContentStopRetention	16	static
../Drivers/STM32U3xx_HAL_Driver/Src/stm32u3xx_hal_pwr_ex.c:717:6:HAL_PWREx_EnableSRAM2ContentStandbyRetention	16	static
../Drivers/STM32U3xx_HAL_Driver/Src/stm32u3xx_hal_pwr_ex.c:735:6:HAL_PWREx_DisableSRAM2ContentStandbyRetention	16	static
../Drivers/STM32U3xx_HAL_Driver/Src/stm32u3xx_hal_pwr_ex.c:752:6:HAL_PWREx_EnableFlashFastWakeUp	4	static
../Drivers/STM32U3xx_HAL_Driver/Src/stm32u3xx_hal_pwr_ex.c:766:6:HAL_PWREx_DisableFlashFastWakeUp	4	static
../Drivers/STM32U3xx_HAL_Driver/Src/stm32u3xx_hal_pwr_ex.c:777:6:HAL_PWREx_EnableSRAMFastWakeUp	4	static
../Drivers/STM32U3xx_HAL_Driver/Src/stm32u3xx_hal_pwr_ex.c:788:6:HAL_PWREx_DisableSRAMFastWakeUp	4	static
../Drivers/STM32U3xx_HAL_Driver/Src/stm32u3xx_hal_pwr_ex.c:834:6:HAL_PWREx_EnablePullUpPullDownConfig	4	static
../Drivers/STM32U3xx_HAL_Driver/Src/stm32u3xx_hal_pwr_ex.c:846:6:HAL_PWREx_DisablePullUpPullDownConfig	4	static
../Drivers/STM32U3xx_HAL_Driver/Src/stm32u3xx_hal_pwr_ex.c:872:19:HAL_PWREx_EnableGPIOPullUp	16	static
../Drivers/STM32U3xx_HAL_Driver/Src/stm32u3xx_hal_pwr_ex.c:947:19:HAL_PWREx_DisableGPIOPullUp	16	static
../Drivers/STM32U3xx_HAL_Driver/Src/stm32u3xx_hal_pwr_ex.c:1021:19:HAL_PWREx_EnableGPIOPullDown	16	static
../Drivers/STM32U3xx_HAL_Driver/Src/stm32u3xx_hal_pwr_ex.c:1096:19:HAL_PWREx_DisableGPIOPullDown	16	static
../Drivers/STM32U3xx_HAL_Driver/Src/stm32u3xx_hal_pwr_ex.c:1184:19:HAL_PWREx_EnableI3CPullUp	16	static
../Drivers/STM32U3xx_HAL_Driver/Src/stm32u3xx_hal_pwr_ex.c:1209:19:HAL_PWREx_DisableI3CPullUp	16	static
