../Drivers/STM32U3xx_HAL_Driver/Src/stm32u3xx_hal_rcc_ex.c:114:19:HAL_RCCEx_PeriphCLKConfig	40	static
../Drivers/STM32U3xx_HAL_Driver/Src/stm32u3xx_hal_rcc_ex.c:513:6:HAL_RCCEx_GetPeriphCLKConfig	24	static
../Drivers/STM32U3xx_HAL_Driver/Src/stm32u3xx_hal_rcc_ex.c:684:10:HAL_RCCEx_GetPeriphCLKFreq	24	static
../Drivers/STM32U3xx_HAL_Driver/Src/stm32u3xx_hal_rcc_ex.c:1417:19:HAL_RCCEx_EpodBoosterClkConfig	24	static
../Drivers/STM32U3xx_HAL_Driver/Src/stm32u3xx_hal_rcc_ex.c:1463:6:HAL_RCCEx_GetEpodBoosterClkConfig	24	static
../Drivers/STM32U3xx_HAL_Driver/Src/stm32u3xx_hal_rcc_ex.c:1485:19:HAL_RCCEx_MSIRCxPLLModeConfig	32	static
../Drivers/STM32U3xx_HAL_Driver/Src/stm32u3xx_hal_rcc_ex.c:1605:6:HAL_RCCEx_GetMSIRCxPLLModeConfig	24	static
../Drivers/STM32U3xx_HAL_Driver/Src/stm32u3xx_hal_rcc_ex.c:1660:6:HAL_RCCEx_StopWakeupSysclkConfig	16	static
../Drivers/STM32U3xx_HAL_Driver/Src/stm32u3xx_hal_rcc_ex.c:1675:6:HAL_RCCEx_StopWakeupKernelClkConfig	24	static
../Drivers/STM32U3xx_HAL_Driver/Src/stm32u3xx_hal_rcc_ex.c:1709:6:HAL_RCCEx_EnableKernelClkInStop	16	static
../Drivers/STM32U3xx_HAL_Driver/Src/stm32u3xx_hal_rcc_ex.c:1726:6:HAL_RCCEx_DisableKernelClkInStop	16	static
../Drivers/STM32U3xx_HAL_Driver/Src/stm32u3xx_hal_rcc_ex.c:1746:6:HAL_RCCEx_StandbyWakeupMSISConfig	24	static
../Drivers/STM32U3xx_HAL_Driver/Src/stm32u3xx_hal_rcc_ex.c:1774:6:HAL_RCCEx_StandbyWakeupMSIKConfig	24	static
../Drivers/STM32U3xx_HAL_Driver/Src/stm32u3xx_hal_rcc_ex.c:1797:6:HAL_RCCEx_EnableLSECSS	4	static
../Drivers/STM32U3xx_HAL_Driver/Src/stm32u3xx_hal_rcc_ex.c:1807:6:HAL_RCCEx_DisableLSECSS	4	static
../Drivers/STM32U3xx_HAL_Driver/Src/stm32u3xx_hal_rcc_ex.c:1820:6:HAL_RCCEx_EnableLSCO	16	static
../Drivers/STM32U3xx_HAL_Driver/Src/stm32u3xx_hal_rcc_ex.c:1833:6:HAL_RCCEx_DisableLSCO	4	static
../Drivers/STM32U3xx_HAL_Driver/Src/stm32u3xx_hal_rcc_ex.c:1913:6:HAL_RCCEx_CRSConfig	24	static
../Drivers/STM32U3xx_HAL_Driver/Src/stm32u3xx_hal_rcc_ex.c:1955:6:HAL_RCCEx_CRSSoftwareSynchronizationGenerate	4	static
../Drivers/STM32U3xx_HAL_Driver/Src/stm32u3xx_hal_rcc_ex.c:1965:6:HAL_RCCEx_CRSGetSynchronizationInfo	16	static
../Drivers/STM32U3xx_HAL_Driver/Src/stm32u3xx_hal_rcc_ex.c:1998:10:HAL_RCCEx_CRSWaitSynchronization	24	static
../Drivers/STM32U3xx_HAL_Driver/Src/stm32u3xx_hal_rcc_ex.c:2081:6:HAL_RCCEx_CRS_IRQHandler	24	static
../Drivers/STM32U3xx_HAL_Driver/Src/stm32u3xx_hal_rcc_ex.c:2146:13:HAL_RCCEx_CRS_SyncOkCallback	4	static
../Drivers/STM32U3xx_HAL_Driver/Src/stm32u3xx_hal_rcc_ex.c:2157:13:HAL_RCCEx_CRS_SyncWarnCallback	4	static
../Drivers/STM32U3xx_HAL_Driver/Src/stm32u3xx_hal_rcc_ex.c:2168:13:HAL_RCCEx_CRS_ExpectedSyncCallback	4	static
../Drivers/STM32U3xx_HAL_Driver/Src/stm32u3xx_hal_rcc_ex.c:2184:13:HAL_RCCEx_CRS_ErrorCallback	16	static
