../Drivers/STM32U3xx_HAL_Driver/Src/stm32u3xx_hal.c:138:19:HAL_Init	8	static
../Drivers/STM32U3xx_HAL_Driver/Src/stm32u3xx_hal.c:172:19:HAL_DeInit	8	static
../Drivers/STM32U3xx_HAL_Driver/Src/stm32u3xx_hal.c:201:13:HAL_MspInit	4	static
../Drivers/STM32U3xx_HAL_Driver/Src/stm32u3xx_hal.c:212:13:HAL_MspDeInit	4	static
../Drivers/STM32U3xx_HAL_Driver/Src/stm32u3xx_hal.c:235:26:HAL_InitTick	24	static
../Drivers/STM32U3xx_HAL_Driver/Src/stm32u3xx_hal.c:331:13:HAL_IncTick	4	static
../Drivers/STM32U3xx_HAL_Driver/Src/stm32u3xx_hal.c:342:17:HAL_GetTick	4	static
../Drivers/STM32U3xx_HAL_Driver/Src/stm32u3xx_hal.c:351:10:HAL_GetTickPrio	4	static
../Drivers/STM32U3xx_HAL_Driver/Src/stm32u3xx_hal.c:360:19:HAL_SetTickFreq	24	static
../Drivers/STM32U3xx_HAL_Driver/Src/stm32u3xx_hal.c:393:21:HAL_GetTickFreq	4	static
../Drivers/STM32U3xx_HAL_Driver/Src/stm32u3xx_hal.c:409:13:HAL_Delay	24	static
../Drivers/STM32U3xx_HAL_Driver/Src/stm32u3xx_hal.c:435:13:HAL_SuspendTick	4	static
../Drivers/STM32U3xx_HAL_Driver/Src/stm32u3xx_hal.c:451:13:HAL_ResumeTick	4	static
../Drivers/STM32U3xx_HAL_Driver/Src/stm32u3xx_hal.c:461:10:HAL_GetHalVersion	4	static
../Drivers/STM32U3xx_HAL_Driver/Src/stm32u3xx_hal.c:470:10:HAL_GetREVID	4	static
../Drivers/STM32U3xx_HAL_Driver/Src/stm32u3xx_hal.c:479:10:HAL_GetDEVID	4	static
../Drivers/STM32U3xx_HAL_Driver/Src/stm32u3xx_hal.c:488:10:HAL_GetUIDw0	4	static
../Drivers/STM32U3xx_HAL_Driver/Src/stm32u3xx_hal.c:497:10:HAL_GetUIDw1	4	static
../Drivers/STM32U3xx_HAL_Driver/Src/stm32u3xx_hal.c:506:10:HAL_GetUIDw2	4	static
../Drivers/STM32U3xx_HAL_Driver/Src/stm32u3xx_hal.c:535:6:HAL_DBGMCU_EnableDBGStopMode	4	static
../Drivers/STM32U3xx_HAL_Driver/Src/stm32u3xx_hal.c:544:6:HAL_DBGMCU_DisableDBGStopMode	4	static
../Drivers/STM32U3xx_HAL_Driver/Src/stm32u3xx_hal.c:553:6:HAL_DBGMCU_EnableDBGStandbyMode	4	static
../Drivers/STM32U3xx_HAL_Driver/Src/stm32u3xx_hal.c:562:6:HAL_DBGMCU_DisableDBGStandbyMode	4	static
../Drivers/STM32U3xx_HAL_Driver/Src/stm32u3xx_hal.c:602:6:HAL_SYSCFG_VREFBUF_VoltageScalingConfig	16	static
../Drivers/STM32U3xx_HAL_Driver/Src/stm32u3xx_hal.c:618:6:HAL_SYSCFG_VREFBUF_HighImpedanceConfig	16	static
../Drivers/STM32U3xx_HAL_Driver/Src/stm32u3xx_hal.c:630:6:HAL_SYSCFG_VREFBUF_TrimmingConfig	16	static
../Drivers/STM32U3xx_HAL_Driver/Src/stm32u3xx_hal.c:642:19:HAL_SYSCFG_EnableVREFBUF	16	static
../Drivers/STM32U3xx_HAL_Driver/Src/stm32u3xx_hal.c:672:6:HAL_SYSCFG_DisableVREFBUF	4	static
../Drivers/STM32U3xx_HAL_Driver/Src/stm32u3xx_hal.c:682:6:HAL_SYSCFG_EnableIOAnalogBooster	4	static
../Drivers/STM32U3xx_HAL_Driver/Src/stm32u3xx_hal.c:692:6:HAL_SYSCFG_DisableIOAnalogBooster	4	static
../Drivers/STM32U3xx_HAL_Driver/Src/stm32u3xx_hal.c:702:6:HAL_SYSCFG_EnableIOAnalogSwitchVdd	4	static
../Drivers/STM32U3xx_HAL_Driver/Src/stm32u3xx_hal.c:712:6:HAL_SYSCFG_DisableIOAnalogSwitchVdd	4	static
../Drivers/STM32U3xx_HAL_Driver/Src/stm32u3xx_hal.c:727:6:HAL_SYSCFG_EnableCompensationCell	16	static
../Drivers/STM32U3xx_HAL_Driver/Src/stm32u3xx_hal.c:745:6:HAL_SYSCFG_DisableCompensationCell	16	static
../Drivers/STM32U3xx_HAL_Driver/Src/stm32u3xx_hal.c:761:10:HAL_SYSCFG_GetCompensationCellReadyStatus	24	static
../Drivers/STM32U3xx_HAL_Driver/Src/stm32u3xx_hal.c:796:6:HAL_SYSCFG_ConfigCompensationCell	40	static,ignoring_inline_asm
../Drivers/STM32U3xx_HAL_Driver/Src/stm32u3xx_hal.c:829:19:HAL_SYSCFG_GetCompensationCell	40	static
../Drivers/STM32U3xx_HAL_Driver/Src/stm32u3xx_hal.c:865:6:HAL_SYSCFG_ConfigIR	16	static
../Drivers/STM32U3xx_HAL_Driver/Src/stm32u3xx_hal.c:879:19:HAL_SYSCFG_GetConfigIR	24	static
../Drivers/STM32U3xx_HAL_Driver/Src/stm32u3xx_hal.c:921:6:HAL_SYSCFG_Lock	16	static
../Drivers/STM32U3xx_HAL_Driver/Src/stm32u3xx_hal.c:942:19:HAL_SYSCFG_GetLock	24	static
../Drivers/STM32U3xx_HAL_Driver/Src/stm32u3xx_hal.c:1027:19:HAL_SYSCFG_GetConfigAttributes	16	static
