../Drivers/STM32U3xx_HAL_Driver/Src/stm32u3xx_hal_rcc.c:225:19:HAL_RCC_DeInit	16	static
../Drivers/STM32U3xx_HAL_Driver/Src/stm32u3xx_hal_rcc.c:319:19:HAL_RCC_OscConfig	40	static
../Drivers/STM32U3xx_HAL_Driver/Src/stm32u3xx_hal_rcc.c:830:20:HAL_RCC_ClockConfig	32	static
../Drivers/STM32U3xx_HAL_Driver/Src/stm32u3xx_hal_rcc.c:1056:6:HAL_RCC_MCOConfig	56	static
../Drivers/STM32U3xx_HAL_Driver/Src/stm32u3xx_hal_rcc.c:1116:10:HAL_RCC_GetSysClockFreq	16	static
../Drivers/STM32U3xx_HAL_Driver/Src/stm32u3xx_hal_rcc.c:1180:10:HAL_RCC_GetHCLKFreq	8	static
../Drivers/STM32U3xx_HAL_Driver/Src/stm32u3xx_hal_rcc.c:1192:10:HAL_RCC_GetPCLK1Freq	8	static
../Drivers/STM32U3xx_HAL_Driver/Src/stm32u3xx_hal_rcc.c:1204:10:HAL_RCC_GetPCLK2Freq	8	static
../Drivers/STM32U3xx_HAL_Driver/Src/stm32u3xx_hal_rcc.c:1216:10:HAL_RCC_GetPCLK3Freq	8	static
../Drivers/STM32U3xx_HAL_Driver/Src/stm32u3xx_hal_rcc.c:1226:10:HAL_RCC_GetMSISFreq	16	static
../Drivers/STM32U3xx_HAL_Driver/Src/stm32u3xx_hal_rcc.c:1271:10:HAL_RCC_GetMSIKFreq	16	static
../Drivers/STM32U3xx_HAL_Driver/Src/stm32u3xx_hal_rcc.c:1321:6:HAL_RCC_GetOscConfig	24	static
../Drivers/STM32U3xx_HAL_Driver/Src/stm32u3xx_hal_rcc.c:1399:6:HAL_RCC_GetClockConfig	24	static
../Drivers/STM32U3xx_HAL_Driver/Src/stm32u3xx_hal_rcc.c:1441:6:HAL_RCC_EnableCSS	4	static
../Drivers/STM32U3xx_HAL_Driver/Src/stm32u3xx_hal_rcc.c:1451:6:HAL_RCC_NMI_IRQHandler	8	static
../Drivers/STM32U3xx_HAL_Driver/Src/stm32u3xx_hal_rcc.c:1468:13:HAL_RCC_CSSCallback	4	static
../Drivers/STM32U3xx_HAL_Driver/Src/stm32u3xx_hal_rcc.c:1481:10:HAL_RCC_GetResetSource	16	static
../Drivers/STM32U3xx_HAL_Driver/Src/stm32u3xx_hal_rcc.c:1524:6:HAL_RCC_ConfigAttributes	16	static
../Drivers/STM32U3xx_HAL_Driver/Src/stm32u3xx_hal_rcc.c:1586:19:HAL_RCC_GetConfigAttributes	24	static
