ASxxxx Linker V03.00 + NoICE + sdld,  page 1.
Hexadecimal  [32-Bits]

Area                                    Addr        Size        Decimal Bytes (Attributes)
--------------------------------        ----        ----        ------- ----- ------------
CABS                                00000000    00000000 =           0. bytes (ABS,CON,CODE)

      Value  Global                              Global Defined In Module
      -----  --------------------------------   ------------------------
C:   00000000  l_BIT_BANK                      
C:   00000000  l_BSEG                          
C:   00000000  l_BSEG_BYTES                    
C:   00000000  l_CABS                          
C:   00000000  l_CONST                         
C:   00000000  l_GSINIT                        
C:   00000000  l_GSINIT1                       
C:   00000000  l_GSINIT5                       
C:   00000000  l_IABS                          
C:   00000000  l_ISEG                          
C:   00000000  l_OSEG                          
C:   00000000  l_PSEG                          
C:   00000000  l_REG_BANK_1                    
C:   00000000  l_REG_BANK_2                    
C:   00000000  l_REG_BANK_3                    
C:   00000000  l_RSEG                          
C:   00000000  l_RSEG0                         
C:   00000000  l_RSEG1                         
C:   00000000  l_XABS                          
C:   00000000  l_XINIT                         
C:   00000000  l_XISEG                         
C:   00000000  l_XSEG                          
C:   00000000  l__CODE                         
C:   00000000  s_BSEG                          
C:   00000000  s_CABS                          
C:   00000000  s_DSEG                          
C:   00000000  s_HOME                          
C:   00000000  s_IABS                          
C:   00000000  s_ISEG                          
C:   00000000  s_REG_BANK_0                    
C:   00000000  s_RSEG                          
C:   00000000  s_RSEG0                         
C:   00000000  s_RSEG1                         
C:   00000000  s_XABS                          
C:   00000001  s_PSEG                          
C:   00000001  s_XISEG                         
C:   00000001  s_XSEG                          
C:   00000003  l_GSFINAL                       
C:   00000003  l_GSINIT0                       
C:   00000006  l_HOME                          
C:   00000006  s_GSINIT0                       
C:   00000008  l_REG_BANK_0                    
C:   00000008  s_REG_BANK_1                    
C:   00000008  s_SSEG                          
C:   00000009  s_GSINIT1                       
C:   00000009  s_GSINIT2                       
C:   0000000A  l_GSINIT2                       
C:   00000010  s_REG_BANK_2                    
C:   00000013  s_GSINIT3                       
C:   00000018  s_BIT_BANK                      
ASxxxx Linker V03.00 + NoICE + sdld,  page 2.
Hexadecimal  [32-Bits]

Area                                    Addr        Size        Decimal Bytes (Attributes)
--------------------------------        ----        ----        ------- ----- ------------
CABS                                00000000    00000000 =           0. bytes (ABS,CON,CODE)

      Value  Global                              Global Defined In Module
      -----  --------------------------------   ------------------------
C:   00000018  s_OSEG                          
C:   00000018  s_REG_BANK_3                    
C:   00000020  s_BSEG_BYTES                    
C:   00000020  s__CODE                         
C:   00000022  l_GSINIT3                       
C:   0000002A  l_GSINIT4                       
C:   00000035  s_GSINIT4                       
C:   00000039  l_CSEG                          
C:   0000005F  s_GSFINAL                       
C:   0000005F  s_GSINIT                        
C:   0000005F  s_GSINIT5                       
C:   00000062  s_CSEG                          
C:   00000080  l_DSEG                          
C:   0000009B  s_CONST                         
C:   0000009B  s_XINIT                         
C:   000000F8  l_SSEG                          
C:   00000100  l_IRAM                          

ASxxxx Linker V03.00 + NoICE + sdld,  page 3.
Hexadecimal  [32-Bits]

Area                                    Addr        Size        Decimal Bytes (Attributes)
--------------------------------        ----        ----        ------- ----- ------------
.  .ABS.                            00000000    00000000 =           0. bytes (ABS,CON)

      Value  Global                              Global Defined In Module
      -----  --------------------------------   ------------------------
     00000000  .__.ABS.                           _startup
     00000081  _SP                                Blinky
     00000082  _DP0L                              Blinky
     00000082  _DPL                               Blinky
     00000083  _DP0H                              Blinky
     00000083  _DPH                               Blinky
     00000087  _PCON                              Blinky
     00000088  _IT0                               Blinky
     00000088  _TCON                              Blinky
     00000089  _IE0                               Blinky
     00000089  _TMOD                              Blinky
     0000008A  _IT1                               Blinky
     0000008A  _TL0                               Blinky
     0000008B  _IE1                               Blinky
     0000008B  _TL1                               Blinky
     0000008C  _TH0                               Blinky
     0000008C  _TR0                               Blinky
     0000008D  _TF0                               Blinky
     0000008D  _TH1                               Blinky
     0000008E  _TR1                               Blinky
     0000008F  _TF1                               Blinky
     00000090  _P1                                Blinky
     00000090  _P1_0                              Blinky
     00000091  _P1_1                              Blinky
     00000092  _P1_2                              Blinky
     00000093  _P1_3                              Blinky
     00000094  _P1_4                              Blinky
     00000095  _P1_5                              Blinky
     00000096  _P1_6                              Blinky
     00000097  _P1_7                              Blinky
     00000098  _RI                                Blinky
     00000098  _SCON                              Blinky
     00000099  _SBUF                              Blinky
     00000099  _SBUF0                             Blinky
     00000099  _TI                                Blinky
     0000009A  _RB8                               Blinky
     0000009B  _TB8                               Blinky
     0000009C  _REN                               Blinky
     0000009D  _SM2                               Blinky
     0000009E  _SM1                               Blinky
     0000009F  _SM0                               Blinky
     000000A0  __XPAGE                            
     000000A8  _EX0                               Blinky
     000000A8  _IE                                Blinky
     000000A9  _ET0                               Blinky
     000000AA  _EX1                               Blinky
     000000AB  _ET1                               Blinky
     000000AC  _ES                                Blinky
     000000AF  _EA                                Blinky
     000000B0  _P3                                Blinky
ASxxxx Linker V03.00 + NoICE + sdld,  page 4.
Hexadecimal  [32-Bits]

Area                                    Addr        Size        Decimal Bytes (Attributes)
--------------------------------        ----        ----        ------- ----- ------------
.  .ABS.                            00000000    00000000 =           0. bytes (ABS,CON)

      Value  Global                              Global Defined In Module
      -----  --------------------------------   ------------------------
     000000B0  _P3_0                              Blinky
     000000B0  _RXD                               Blinky
     000000B0  _RXD0                              Blinky
     000000B1  _P3_1                              Blinky
     000000B1  _TXD                               Blinky
     000000B1  _TXD0                              Blinky
     000000B2  _INT0                              Blinky
     000000B2  _P3_2                              Blinky
     000000B3  _INT1                              Blinky
     000000B3  _P3_3                              Blinky
     000000B4  _P3_4                              Blinky
     000000B4  _T0                                Blinky
     000000B5  _P3_5                              Blinky
     000000B5  _T1                                Blinky
     000000B6  _P3_6                              Blinky
     000000B6  _WR                                Blinky
     000000B7  _P3_7                              Blinky
     000000B7  _RD                                Blinky
     000000B8  _IP                                Blinky
     000000B8  _PX0                               Blinky
     000000B9  _PT0                               Blinky
     000000BA  _PX1                               Blinky
     000000BB  _PT1                               Blinky
     000000BC  _PS                                Blinky
     000000D0  _P                                 Blinky
     000000D0  _PSW                               Blinky
     000000D1  _F1                                Blinky
     000000D2  _OV                                Blinky
     000000D3  _RS0                               Blinky
     000000D4  _RS1                               Blinky
     000000D5  _F0                                Blinky
     000000D6  _AC                                Blinky
     000000D7  _CY                                Blinky
     000000E0  _ACC                               Blinky
     000000F0  _B                                 Blinky
     000000F0  _BREG_F0                           Blinky
     000000F1  _BREG_F1                           Blinky
     000000F2  _BREG_F2                           Blinky
     000000F3  _BREG_F3                           Blinky
     000000F4  _BREG_F4                           Blinky
     000000F5  _BREG_F5                           Blinky
     000000F6  _BREG_F6                           Blinky
     000000F7  _BREG_F7                           Blinky
ASxxxx Linker V03.00 + NoICE + sdld,  page 5.
Hexadecimal  [32-Bits]

Area                                    Addr        Size        Decimal Bytes (Attributes)
--------------------------------        ----        ----        ------- ----- ------------
REG_BANK_0                          00000000    00000008 =           8. bytes (REL,OVR)

      Value  Global                              Global Defined In Module
      -----  --------------------------------   ------------------------
ASxxxx Linker V03.00 + NoICE + sdld,  page 6.
Hexadecimal  [32-Bits]

Area                                    Addr        Size        Decimal Bytes (Attributes)
--------------------------------        ----        ----        ------- ----- ------------
DSEG                                00000000    00000080 =         128. bytes (REL,CON)

      Value  Global                              Global Defined In Module
      -----  --------------------------------   ------------------------
ASxxxx Linker V03.00 + NoICE + sdld,  page 7.
Hexadecimal  [32-Bits]

Area                                    Addr        Size        Decimal Bytes (Attributes)
--------------------------------        ----        ----        ------- ----- ------------
SSEG                                00000008    000000F8 =         248. bytes (REL,OVR)

      Value  Global                              Global Defined In Module
      -----  --------------------------------   ------------------------
     00000008  __start__stack                     Blinky

ASxxxx Linker V03.00 + NoICE + sdld,  page 8.
Hexadecimal  [32-Bits]

Area                                    Addr        Size        Decimal Bytes (Attributes)
--------------------------------        ----        ----        ------- ----- ------------
HOME                                00000000    00000006 =           6. bytes (REL,CON,CODE)

      Value  Global                              Global Defined In Module
      -----  --------------------------------   ------------------------
C:   00000003  __sdcc_program_startup             Blinky

ASxxxx Linker V03.00 + NoICE + sdld,  page 9.
Hexadecimal  [32-Bits]

Area                                    Addr        Size        Decimal Bytes (Attributes)
--------------------------------        ----        ----        ------- ----- ------------
GSINIT0                             00000006    00000003 =           3. bytes (REL,CON,CODE)

      Value  Global                              Global Defined In Module
      -----  --------------------------------   ------------------------
C:   00000006  __sdcc_gsinit_startup              

ASxxxx Linker V03.00 + NoICE + sdld,  page 10.
Hexadecimal  [32-Bits]

Area                                    Addr        Size        Decimal Bytes (Attributes)
--------------------------------        ----        ----        ------- ----- ------------
GSINIT2                             00000009    0000000A =          10. bytes (REL,CON,CODE)

      Value  Global                              Global Defined In Module
      -----  --------------------------------   ------------------------
ASxxxx Linker V03.00 + NoICE + sdld,  page 11.
Hexadecimal  [32-Bits]

Area                                    Addr        Size        Decimal Bytes (Attributes)
--------------------------------        ----        ----        ------- ----- ------------
GSINIT3                             00000013    00000022 =          34. bytes (REL,CON,CODE)

      Value  Global                              Global Defined In Module
      -----  --------------------------------   ------------------------
C:   00000013  __mcs51_genXINIT                   

ASxxxx Linker V03.00 + NoICE + sdld,  page 12.
Hexadecimal  [32-Bits]

Area                                    Addr        Size        Decimal Bytes (Attributes)
--------------------------------        ----        ----        ------- ----- ------------
GSINIT4                             00000035    0000002A =          42. bytes (REL,CON,CODE)

      Value  Global                              Global Defined In Module
      -----  --------------------------------   ------------------------
C:   00000035  __mcs51_genRAMCLEAR                
C:   0000003B  __mcs51_genXRAMCLEAR               

ASxxxx Linker V03.00 + NoICE + sdld,  page 13.
Hexadecimal  [32-Bits]

Area                                    Addr        Size        Decimal Bytes (Attributes)
--------------------------------        ----        ----        ------- ----- ------------
GSFINAL                             0000005F    00000003 =           3. bytes (REL,CON,CODE)

      Value  Global                              Global Defined In Module
      -----  --------------------------------   ------------------------
ASxxxx Linker V03.00 + NoICE + sdld,  page 14.
Hexadecimal  [32-Bits]

Area                                    Addr        Size        Decimal Bytes (Attributes)
--------------------------------        ----        ----        ------- ----- ------------
CSEG                                00000062    00000039 =          57. bytes (REL,CON,CODE)

      Value  Global                              Global Defined In Module
      -----  --------------------------------   ------------------------
C:   00000062  _delay                             Blinky
C:   0000008B  _main                              Blinky
C:   00000097  __sdcc_external_startup            _startup
ASxxxx Linker V03.00 + NoICE + sdld,  page 15.

Files Linked                              [ module(s) ]

Blinky.rel                                [  ]


Libraries Linked                          [ object file ]

./sdcc/bin/../share/sdcc/lib/small/mcs51.lib
                                          [ crtclear.rel ]
./sdcc/bin/../share/sdcc/lib/small/mcs51.lib
                                          [ crtxinit.rel ]
./sdcc/bin/../share/sdcc/lib/small/mcs51.lib
                                          [ crtxclear.rel ]
./sdcc/bin/../share/sdcc/lib/small/mcs51.lib
                                          [ crtpagesfr.rel ]
./sdcc/bin/../share/sdcc/lib/small/mcs51.lib
                                          [ crtstart.rel ]
./sdcc/bin/../share/sdcc/lib/small/libsdcc.lib
                                          [ _startup.rel ]

ASxxxx Linker V03.00 + NoICE + sdld,  page 16.

User Base Address Definitions

HOME = 0x0000
XSEG = 0x0001
PSEG = 0x0001
ISEG = 0x0000
BSEG = 0x0000

