../Drivers/BSP/STM32U3xx_Nucleo/stm32u3xx_nucleo.c:137:9:BSP_GetVersion	4	static
../Drivers/BSP/STM32U3xx_Nucleo/stm32u3xx_nucleo.c:146:16:BSP_GetBoardName	4	static
../Drivers/BSP/STM32U3xx_Nucleo/stm32u3xx_nucleo.c:155:16:BSP_GetBoardID	4	static
../Drivers/BSP/STM32U3xx_Nucleo/stm32u3xx_nucleo.c:167:9:BSP_LED_Init	48	static
../Drivers/BSP/STM32U3xx_Nucleo/stm32u3xx_nucleo.c:201:9:BSP_LED_DeInit	40	static
../Drivers/BSP/STM32U3xx_Nucleo/stm32u3xx_nucleo.c:229:9:BSP_LED_On	24	static
../Drivers/BSP/STM32U3xx_Nucleo/stm32u3xx_nucleo.c:252:9:BSP_LED_Off	24	static
../Drivers/BSP/STM32U3xx_Nucleo/stm32u3xx_nucleo.c:275:9:BSP_LED_Toggle	24	static
../Drivers/BSP/STM32U3xx_Nucleo/stm32u3xx_nucleo.c:298:9:BSP_LED_GetState	24	static
../Drivers/BSP/STM32U3xx_Nucleo/stm32u3xx_nucleo.c:325:9:BSP_PB_Init	40	static
../Drivers/BSP/STM32U3xx_Nucleo/stm32u3xx_nucleo.c:370:9:BSP_PB_DeInit	40	static
../Drivers/BSP/STM32U3xx_Nucleo/stm32u3xx_nucleo.c:388:9:BSP_PB_GetState	16	static
../Drivers/BSP/STM32U3xx_Nucleo/stm32u3xx_nucleo.c:398:6:BSP_PB_IRQHandler	16	static
../Drivers/BSP/STM32U3xx_Nucleo/stm32u3xx_nucleo.c:408:13:BSP_PB_Callback	16	static
../Drivers/BSP/STM32U3xx_Nucleo/stm32u3xx_nucleo.c:641:13:BUTTON_USER_EXTI_Callback	8	static
