
Memory Configuration

Name             Origin             Length             Attributes
FLASH            0x0000000008000000 0x0000000000100000 xr
SRAM             0x0000000020000000 0x000000000001c000 xrw
*default*        0x0000000000000000 0xffffffffffffffff

Linker script and memory map

LOAD blinky.o
LOAD delay.o
LOAD led.o
LOAD stm32_startup.o

.text           0x0000000008000000      0x360
 *(.isr_vector)
 .isr_vector    0x0000000008000000      0x188 stm32_startup.o
                0x0000000008000000                vectors
 *(.text)
 .text          0x0000000008000188       0x62 blinky.o
                0x0000000008000188                setup
                0x0000000008000194                loop
                0x00000000080001dc                main
 .text          0x00000000080001ea       0x30 delay.o
                0x00000000080001ea                delay
 *fill*         0x000000000800021a        0x2 
 .text          0x000000000800021c       0xb8 led.o
                0x000000000800021c                led_enable
                0x000000000800028c                led_on
                0x00000000080002b0                led_off
 .text          0x00000000080002d4       0x8c stm32_startup.o
                0x00000000080002d4                DMA1_Stream3_IRQHandler
                0x00000000080002d4                HASH_RNG_IRQHandler
                0x00000000080002d4                EXTI2_IRQHandler
                0x00000000080002d4                TIM8_CC_IRQHandler
                0x00000000080002d4                DebugMon_Handler
                0x00000000080002d4                TIM1_CC_IRQHandler
                0x00000000080002d4                DMA2_Stream5_IRQHandler
                0x00000000080002d4                HardFault_Handler
                0x00000000080002d4                DMA1_Stream5_IRQHandler
                0x00000000080002d4                SysTick_Handler
                0x00000000080002d4                PVD_IRQHandler
                0x00000000080002d4                SDIO_IRQHandler
                0x00000000080002d4                TAMP_STAMP_IRQHandler
                0x00000000080002d4                PendSV_Handler
                0x00000000080002d4                NMI_Handler
                0x00000000080002d4                CAN2_RX1_IRQHandler
                0x00000000080002d4                EXTI3_IRQHandler
                0x00000000080002d4                TIM8_TRG_COM_TIM14_IRQHandler
                0x00000000080002d4                TIM1_UP_TIM10_IRQHandler
                0x00000000080002d4                TIM8_UP_TIM13_IRQHandler
                0x00000000080002d4                I2C3_ER_IRQHandler
                0x00000000080002d4                EXTI0_IRQHandler
                0x00000000080002d4                I2C2_EV_IRQHandler
                0x00000000080002d4                DMA1_Stream2_IRQHandler
                0x00000000080002d4                CAN1_RX0_IRQHandler
                0x00000000080002d4                FPU_IRQHandler
                0x00000000080002d4                OTG_HS_WKUP_IRQHandler
                0x00000000080002d4                UsageFault_Handler
                0x00000000080002d4                CAN2_SCE_IRQHandler
                0x00000000080002d4                DMA2_Stream2_IRQHandler
                0x00000000080002d4                SPI1_IRQHandler
                0x00000000080002d4                TIM6_DAC_IRQHandler
                0x00000000080002d4                TIM1_BRK_TIM9_IRQHandler
                0x00000000080002d4                DCMI_IRQHandler
                0x00000000080002d4                CAN2_RX0_IRQHandler
                0x00000000080002d4                DMA2_Stream3_IRQHandler
                0x00000000080002d4                USART6_IRQHandler
                0x00000000080002d4                USART3_IRQHandler
                0x00000000080002d4                CRYP_IRQHandler
                0x00000000080002d4                RTC_Alarm_IRQHandler
                0x00000000080002d4                CAN1_RX1_IRQHandler
                0x00000000080002d4                UART5_IRQHandler
                0x00000000080002d4                DMA2_Stream0_IRQHandler
                0x00000000080002d4                TIM4_IRQHandler
                0x00000000080002d4                I2C1_EV_IRQHandler
                0x00000000080002d4                DMA1_Stream6_IRQHandler
                0x00000000080002d4                DMA1_Stream1_IRQHandler
                0x00000000080002d4                UART4_IRQHandler
                0x00000000080002d4                TIM3_IRQHandler
                0x00000000080002d4                RCC_IRQHandler
                0x00000000080002d4                TIM8_BRK_TIM12_IRQHandler
                0x00000000080002d4                Default_Handler
                0x00000000080002d4                EXTI15_10_IRQHandler
                0x00000000080002d4                ADC_IRQHandler
                0x00000000080002d4                DMA1_Stream7_IRQHandler
                0x00000000080002d4                TIM7_IRQHandler
                0x00000000080002d4                CAN2_TX_IRQHandler
                0x00000000080002d4                TIM5_IRQHandler
                0x00000000080002d4                DMA2_Stream7_IRQHandler
                0x00000000080002d4                I2C3_EV_IRQHandler
                0x00000000080002d4                EXTI9_5_IRQHandler
                0x00000000080002d4                RTC_WKUP_IRQHandler
                0x00000000080002d4                ETH_WKUP_IRQHandler
                0x00000000080002d4                SPI2_IRQHandler
                0x00000000080002d4                OTG_HS_EP1_IN_IRQHandler
                0x00000000080002d4                MemManage_Handler
                0x00000000080002d4                DMA1_Stream0_IRQHandler
                0x00000000080002d4                CAN1_TX_IRQHandler
                0x00000000080002d4                SVC_Handler
                0x00000000080002d4                EXTI4_IRQHandler
                0x00000000080002d4                FSMC_IRQHandler
                0x00000000080002d4                ETH_IRQHandler
                0x00000000080002d4                OTG_HS_EP1_OUT_IRQHandler
                0x00000000080002d4                WWDG_IRQHandler
                0x00000000080002d4                TIM2_IRQHandler
                0x00000000080002d4                OTG_FS_WKUP_IRQHandler
                0x00000000080002d4                TIM1_TRG_COM_TIM11_IRQHandler
                0x00000000080002d4                OTG_HS_IRQHandler
                0x00000000080002d4                EXTI1_IRQHandler
                0x00000000080002d4                USART2_IRQHandler
                0x00000000080002d4                I2C2_ER_IRQHandler
                0x00000000080002d4                DMA2_Stream1_IRQHandler
                0x00000000080002d4                CAN1_SCE_IRQHandler
                0x00000000080002d4                DMA2_Stream4_IRQHandler
                0x00000000080002d4                BusFault_Handler
                0x00000000080002d4                USART1_IRQHandler
                0x00000000080002d4                OTG_FS_IRQHandler
                0x00000000080002d4                SPI3_IRQHandler
                0x00000000080002d4                DMA1_Stream4_IRQHandler
                0x00000000080002d4                I2C1_ER_IRQHandler
                0x00000000080002d4                DMA2_Stream6_IRQHandler
                0x00000000080002da                Reset_Handler
 *(.text.*)
 *(.init)
 *(.fini)
 *(.rodata)
 *(.rodata.*)
                0x0000000008000360                . = ALIGN (0x4)
                0x0000000008000360                _etext = .
                0x0000000008000360                _la_data = LOADADDR (.data)

.glue_7         0x0000000008000360        0x0
 .glue_7        0x0000000008000360        0x0 linker stubs

.glue_7t        0x0000000008000360        0x0
 .glue_7t       0x0000000008000360        0x0 linker stubs

.vfp11_veneer   0x0000000008000360        0x0
 .vfp11_veneer  0x0000000008000360        0x0 linker stubs

.v4_bx          0x0000000008000360        0x0
 .v4_bx         0x0000000008000360        0x0 linker stubs

.iplt           0x0000000008000360        0x0
 .iplt          0x0000000008000360        0x0 blinky.o

.rel.dyn        0x0000000008000360        0x0
 .rel.iplt      0x0000000008000360        0x0 blinky.o

.data           0x0000000020000000        0x0 load address 0x0000000008000360
                0x0000000020000000                _sdata = .
 *(.data)
 .data          0x0000000020000000        0x0 blinky.o
 .data          0x0000000020000000        0x0 delay.o
 .data          0x0000000020000000        0x0 led.o
 .data          0x0000000020000000        0x0 stm32_startup.o
 *(.data.*)
                0x0000000020000000                . = ALIGN (0x4)
                0x0000000020000000                _edata = .

.igot.plt       0x0000000020000000        0x0 load address 0x0000000008000360
 .igot.plt      0x0000000020000000        0x0 blinky.o

.bss            0x0000000020000000        0x0 load address 0x0000000008000360
                0x0000000020000000                _sbss = .
                0x0000000020000000                __bss_start__ = _sbss
 *(.bss)
 .bss           0x0000000020000000        0x0 blinky.o
 .bss           0x0000000020000000        0x0 delay.o
 .bss           0x0000000020000000        0x0 led.o
 .bss           0x0000000020000000        0x0 stm32_startup.o
 *(.bss.*)
 *(COMMON)
                0x0000000020000000                . = ALIGN (0x4)
                0x0000000020000000                _ebss = .
                0x0000000020000000                __bss_end__ = _ebss
                0x0000000020000000                . = ALIGN (0x4)
                0x0000000020000000                end = .
                0x0000000020000000                __end__ = .
OUTPUT(blinky.elf elf32-littlearm)

.debug_info     0x0000000000000000      0x439
 .debug_info    0x0000000000000000       0xa6 blinky.o
 .debug_info    0x00000000000000a6       0xbc delay.o
 .debug_info    0x0000000000000162      0x125 led.o
 .debug_info    0x0000000000000287      0x1b2 stm32_startup.o

.debug_abbrev   0x0000000000000000      0x24b
 .debug_abbrev  0x0000000000000000       0x5e blinky.o
 .debug_abbrev  0x000000000000005e       0x7e delay.o
 .debug_abbrev  0x00000000000000dc       0x89 led.o
 .debug_abbrev  0x0000000000000165       0xe6 stm32_startup.o

.debug_aranges  0x0000000000000000       0x80
 .debug_aranges
                0x0000000000000000       0x20 blinky.o
 .debug_aranges
                0x0000000000000020       0x20 delay.o
 .debug_aranges
                0x0000000000000040       0x20 led.o
 .debug_aranges
                0x0000000000000060       0x20 stm32_startup.o

.debug_line     0x0000000000000000      0x4aa
 .debug_line    0x0000000000000000       0x5f blinky.o
 .debug_line    0x000000000000005f      0x148 delay.o
 .debug_line    0x00000000000001a7      0x157 led.o
 .debug_line    0x00000000000002fe      0x1ac stm32_startup.o

.debug_str      0x0000000000000000      0x262
 .debug_str     0x0000000000000000      0x14e blinky.o
                                        0x182 (size before relaxing)
 .debug_str     0x000000000000014e       0x19 delay.o
                                        0x18b (size before relaxing)
 .debug_str     0x0000000000000167       0x60 led.o
                                        0x1dd (size before relaxing)
 .debug_str     0x00000000000001c7       0x9b stm32_startup.o
                                        0x220 (size before relaxing)

.comment        0x0000000000000000       0x79
 .comment       0x0000000000000000       0x79 blinky.o
                                         0x7a (size before relaxing)
 .comment       0x0000000000000079       0x7a delay.o
 .comment       0x0000000000000079       0x7a led.o
 .comment       0x0000000000000079       0x7a stm32_startup.o

.ARM.attributes
                0x0000000000000000       0x2e
 .ARM.attributes
                0x0000000000000000       0x2e blinky.o
 .ARM.attributes
                0x000000000000002e       0x2e delay.o
 .ARM.attributes
                0x000000000000005c       0x2e led.o
 .ARM.attributes
                0x000000000000008a       0x2e stm32_startup.o

.debug_frame    0x0000000000000000      0x16c
 .debug_frame   0x0000000000000000       0x64 blinky.o
 .debug_frame   0x0000000000000064       0x38 delay.o
 .debug_frame   0x000000000000009c       0x84 led.o
 .debug_frame   0x0000000000000120       0x4c stm32_startup.o
