Archive member included to satisfy reference by file (symbol)

/Applications/STM32CubeIDE.app/Contents/Eclipse/plugins/com.st.stm32cube.ide.mcu.externaltools.gnu-tools-for-stm32.13.3.rel1.macos64_1.0.100.202509120712/tools/bin/../lib/gcc/arm-none-eabi/13.3.1/../../../../arm-none-eabi/lib/thumb/v8-m.main+fp/hard/libc_nano.a(libc_a-exit.o)
                              /Applications/STM32CubeIDE.app/Contents/Eclipse/plugins/com.st.stm32cube.ide.mcu.externaltools.gnu-tools-for-stm32.13.3.rel1.macos64_1.0.100.202509120712/tools/bin/../lib/gcc/arm-none-eabi/13.3.1/../../../../arm-none-eabi/lib/thumb/v8-m.main+fp/hard/crt0.o (exit)
/Applications/STM32CubeIDE.app/Contents/Eclipse/plugins/com.st.stm32cube.ide.mcu.externaltools.gnu-tools-for-stm32.13.3.rel1.macos64_1.0.100.202509120712/tools/bin/../lib/gcc/arm-none-eabi/13.3.1/../../../../arm-none-eabi/lib/thumb/v8-m.main+fp/hard/libc_nano.a(libc_a-findfp.o)
                              /Applications/STM32CubeIDE.app/Contents/Eclipse/plugins/com.st.stm32cube.ide.mcu.externaltools.gnu-tools-for-stm32.13.3.rel1.macos64_1.0.100.202509120712/tools/bin/../lib/gcc/arm-none-eabi/13.3.1/../../../../arm-none-eabi/lib/thumb/v8-m.main+fp/hard/libc_nano.a(libc_a-exit.o) (__stdio_exit_handler)
/Applications/STM32CubeIDE.app/Contents/Eclipse/plugins/com.st.stm32cube.ide.mcu.externaltools.gnu-tools-for-stm32.13.3.rel1.macos64_1.0.100.202509120712/tools/bin/../lib/gcc/arm-none-eabi/13.3.1/../../../../arm-none-eabi/lib/thumb/v8-m.main+fp/hard/libc_nano.a(libc_a-fwalk.o)
                              /Applications/STM32CubeIDE.app/Contents/Eclipse/plugins/com.st.stm32cube.ide.mcu.externaltools.gnu-tools-for-stm32.13.3.rel1.macos64_1.0.100.202509120712/tools/bin/../lib/gcc/arm-none-eabi/13.3.1/../../../../arm-none-eabi/lib/thumb/v8-m.main+fp/hard/libc_nano.a(libc_a-findfp.o) (_fwalk_sglue)
/Applications/STM32CubeIDE.app/Contents/Eclipse/plugins/com.st.stm32cube.ide.mcu.externaltools.gnu-tools-for-stm32.13.3.rel1.macos64_1.0.100.202509120712/tools/bin/../lib/gcc/arm-none-eabi/13.3.1/../../../../arm-none-eabi/lib/thumb/v8-m.main+fp/hard/libc_nano.a(libc_a-memset.o)
                              /Applications/STM32CubeIDE.app/Contents/Eclipse/plugins/com.st.stm32cube.ide.mcu.externaltools.gnu-tools-for-stm32.13.3.rel1.macos64_1.0.100.202509120712/tools/bin/../lib/gcc/arm-none-eabi/13.3.1/../../../../arm-none-eabi/lib/thumb/v8-m.main+fp/hard/crt0.o (memset)
/Applications/STM32CubeIDE.app/Contents/Eclipse/plugins/com.st.stm32cube.ide.mcu.externaltools.gnu-tools-for-stm32.13.3.rel1.macos64_1.0.100.202509120712/tools/bin/../lib/gcc/arm-none-eabi/13.3.1/../../../../arm-none-eabi/lib/thumb/v8-m.main+fp/hard/libc_nano.a(libc_a-errno.o)
                              ./Core/Src/syscalls.o (__errno)
/Applications/STM32CubeIDE.app/Contents/Eclipse/plugins/com.st.stm32cube.ide.mcu.externaltools.gnu-tools-for-stm32.13.3.rel1.macos64_1.0.100.202509120712/tools/bin/../lib/gcc/arm-none-eabi/13.3.1/../../../../arm-none-eabi/lib/thumb/v8-m.main+fp/hard/libc_nano.a(libc_a-init.o)
                              /Applications/STM32CubeIDE.app/Contents/Eclipse/plugins/com.st.stm32cube.ide.mcu.externaltools.gnu-tools-for-stm32.13.3.rel1.macos64_1.0.100.202509120712/tools/bin/../lib/gcc/arm-none-eabi/13.3.1/../../../../arm-none-eabi/lib/thumb/v8-m.main+fp/hard/crt0.o (__libc_init_array)
/Applications/STM32CubeIDE.app/Contents/Eclipse/plugins/com.st.stm32cube.ide.mcu.externaltools.gnu-tools-for-stm32.13.3.rel1.macos64_1.0.100.202509120712/tools/bin/../lib/gcc/arm-none-eabi/13.3.1/../../../../arm-none-eabi/lib/thumb/v8-m.main+fp/hard/libc_nano.a(libc_a-lock.o)
                              /Applications/STM32CubeIDE.app/Contents/Eclipse/plugins/com.st.stm32cube.ide.mcu.externaltools.gnu-tools-for-stm32.13.3.rel1.macos64_1.0.100.202509120712/tools/bin/../lib/gcc/arm-none-eabi/13.3.1/../../../../arm-none-eabi/lib/thumb/v8-m.main+fp/hard/libc_nano.a(libc_a-findfp.o) (__retarget_lock_init_recursive)
/Applications/STM32CubeIDE.app/Contents/Eclipse/plugins/com.st.stm32cube.ide.mcu.externaltools.gnu-tools-for-stm32.13.3.rel1.macos64_1.0.100.202509120712/tools/bin/../lib/gcc/arm-none-eabi/13.3.1/../../../../arm-none-eabi/lib/thumb/v8-m.main+fp/hard/libc_nano.a(libc_a-impure.o)
                              /Applications/STM32CubeIDE.app/Contents/Eclipse/plugins/com.st.stm32cube.ide.mcu.externaltools.gnu-tools-for-stm32.13.3.rel1.macos64_1.0.100.202509120712/tools/bin/../lib/gcc/arm-none-eabi/13.3.1/../../../../arm-none-eabi/lib/thumb/v8-m.main+fp/hard/libc_nano.a(libc_a-errno.o) (_impure_ptr)
/Applications/STM32CubeIDE.app/Contents/Eclipse/plugins/com.st.stm32cube.ide.mcu.externaltools.gnu-tools-for-stm32.13.3.rel1.macos64_1.0.100.202509120712/tools/bin/../lib/gcc/arm-none-eabi/13.3.1/../../../../arm-none-eabi/lib/thumb/v8-m.main+fp/hard/libc_nano.a(libc_a-mallocr.o)
[...]
Memory Configuration

Name             Origin             Length             Attributes
RAM              0x20000000         0x00030000         xrw
RAM2             0x20030000         0x00010000         xrw
FLASH            0x08000000         0x00100000         xr
*default*        0x00000000         0xffffffff

Linker script and memory map

LOAD /Applications/STM32CubeIDE.app/Contents/Eclipse/plugins/com.st.stm32cube.ide.mcu.externaltools.gnu-tools-for-stm32.13.3.rel1.macos64_1.0.100.202509120712/tools/bin/../lib/gcc/arm-none-eabi/13.3.1/thumb/v8-m.main+fp/hard/crti.o
LOAD /Applications/STM32CubeIDE.app/Contents/Eclipse/plugins/com.st.stm32cube.ide.mcu.externaltools.gnu-tools-for-stm32.13.3.rel1.macos64_1.0.100.202509120712/tools/bin/../lib/gcc/arm-none-eabi/13.3.1/thumb/v8-m.main+fp/hard/crtbegin.o
LOAD /Applications/STM32CubeIDE.app/Contents/Eclipse/plugins/com.st.stm32cube.ide.mcu.externaltools.gnu-tools-for-stm32.13.3.rel1.macos64_1.0.100.202509120712/tools/bin/../lib/gcc/arm-none-eabi/13.3.1/../../../../arm-none-eabi/lib/thumb/v8-m.main+fp/hard/crt0.o
LOAD ./Core/Src/main.o
LOAD ./Core/Src/stm32u3xx_hal_msp.o
LOAD ./Core/Src/stm32u3xx_it.o
LOAD ./Core/Src/syscalls.o
LOAD ./Core/Src/sysmem.o
LOAD ./Core/Src/system_stm32u3xx.o
LOAD ./Core/Startup/startup_stm32u385rgtxq.o
LOAD ./Drivers/BSP/STM32U3xx_Nucleo/stm32u3xx_nucleo.o
LOAD ./Drivers/STM32U3xx_HAL_Driver/Src/stm32u3xx_hal.o
LOAD ./Drivers/STM32U3xx_HAL_Driver/Src/stm32u3xx_hal_cortex.o
LOAD ./Drivers/STM32U3xx_HAL_Driver/Src/stm32u3xx_hal_dma.o
LOAD ./Drivers/STM32U3xx_HAL_Driver/Src/stm32u3xx_hal_dma_ex.o
LOAD ./Drivers/STM32U3xx_HAL_Driver/Src/stm32u3xx_hal_exti.o
LOAD ./Drivers/STM32U3xx_HAL_Driver/Src/stm32u3xx_hal_flash.o
LOAD ./Drivers/STM32U3xx_HAL_Driver/Src/stm32u3xx_hal_flash_ex.o
LOAD ./Drivers/STM32U3xx_HAL_Driver/Src/stm32u3xx_hal_gpio.o
LOAD ./Drivers/STM32U3xx_HAL_Driver/Src/stm32u3xx_hal_gtzc.o
LOAD ./Drivers/STM32U3xx_HAL_Driver/Src/stm32u3xx_hal_icache.o
LOAD ./Drivers/STM32U3xx_HAL_Driver/Src/stm32u3xx_hal_pwr.o
LOAD ./Drivers/STM32U3xx_HAL_Driver/Src/stm32u3xx_hal_pwr_ex.o
LOAD ./Drivers/STM32U3xx_HAL_Driver/Src/stm32u3xx_hal_rcc.o
LOAD ./Drivers/STM32U3xx_HAL_Driver/Src/stm32u3xx_hal_rcc_ex.o
LOAD ./Drivers/STM32U3xx_HAL_Driver/Src/stm32u3xx_hal_tim.o
LOAD ./Drivers/STM32U3xx_HAL_Driver/Src/stm32u3xx_hal_tim_ex.o
START GROUP
LOAD /Applications/STM32CubeIDE.app/Contents/Eclipse/plugins/com.st.stm32cube.ide.mcu.externaltools.gnu-tools-for-stm32.13.3.rel1.macos64_1.0.100.202509120712/tools/bin/../lib/gcc/arm-none-eabi/13.3.1/../../../../arm-none-eabi/lib/thumb/v8-m.main+fp/hard/libc_nano.a
LOAD /Applications/STM32CubeIDE.app/Contents/Eclipse/plugins/com.st.stm32cube.ide.mcu.externaltools.gnu-tools-for-stm32.13.3.rel1.macos64_1.0.100.202509120712/tools/bin/../lib/gcc/arm-none-eabi/13.3.1/../../../../arm-none-eabi/lib/thumb/v8-m.main+fp/hard/libm.a
END GROUP
START GROUP
LOAD /Applications/STM32CubeIDE.app/Contents/Eclipse/plugins/com.st.stm32cube.ide.mcu.externaltools.gnu-tools-for-stm32.13.3.rel1.macos64_1.0.100.202509120712/tools/bin/../lib/gcc/arm-none-eabi/13.3.1/thumb/v8-m.main+fp/hard/libgcc.a
LOAD /Applications/STM32CubeIDE.app/Contents/Eclipse/plugins/com.st.stm32cube.ide.mcu.externaltools.gnu-tools-for-stm32.13.3.rel1.macos64_1.0.100.202509120712/tools/bin/../lib/gcc/arm-none-eabi/13.3.1/../../../../arm-none-eabi/lib/thumb/v8-m.main+fp/hard/libc_nano.a
END GROUP
START GROUP
LOAD /Applications/STM32CubeIDE.app/Contents/Eclipse/plugins/com.st.stm32cube.ide.mcu.externaltools.gnu-tools-for-stm32.13.3.rel1.macos64_1.0.100.202509120712/tools/bin/../lib/gcc/arm-none-eabi/13.3.1/thumb/v8-m.main+fp/hard/libgcc.a
LOAD /Applications/STM32CubeIDE.app/Contents/Eclipse/plugins/com.st.stm32cube.ide.mcu.externaltools.gnu-tools-for-stm32.13.3.rel1.macos64_1.0.100.202509120712/tools/bin/../lib/gcc/arm-none-eabi/13.3.1/../../../../arm-none-eabi/lib/thumb/v8-m.main+fp/hard/libc_nano.a
LOAD /Applications/STM32CubeIDE.app/Contents/Eclipse/plugins/com.st.stm32cube.ide.mcu.externaltools.gnu-tools-for-stm32.13.3.rel1.macos64_1.0.100.202509120712/tools/bin/../lib/gcc/arm-none-eabi/13.3.1/../../../../arm-none-eabi/lib/thumb/v8-m.main+fp/hard/libnosys.a
END GROUP
START GROUP
LOAD /Applications/STM32CubeIDE.app/Contents/Eclipse/plugins/com.st.stm32cube.ide.mcu.externaltools.gnu-tools-for-stm32.13.3.rel1.macos64_1.0.100.202509120712/tools/bin/../lib/gcc/arm-none-eabi/13.3.1/thumb/v8-m.main+fp/hard/libgcc.a
LOAD /Applications/STM32CubeIDE.app/Contents/Eclipse/plugins/com.st.stm32cube.ide.mcu.externaltools.gnu-tools-for-stm32.13.3.rel1.macos64_1.0.100.202509120712/tools/bin/../lib/gcc/arm-none-eabi/13.3.1/../../../../arm-none-eabi/lib/thumb/v8-m.main+fp/hard/libc_nano.a
LOAD /Applications/STM32CubeIDE.app/Contents/Eclipse/plugins/com.st.stm32cube.ide.mcu.externaltools.gnu-tools-for-stm32.13.3.rel1.macos64_1.0.100.202509120712/tools/bin/../lib/gcc/arm-none-eabi/13.3.1/../../../../arm-none-eabi/lib/thumb/v8-m.main+fp/hard/libnosys.a
END GROUP
LOAD /Applications/STM32CubeIDE.app/Contents/Eclipse/plugins/com.st.stm32cube.ide.mcu.externaltools.gnu-tools-for-stm32.13.3.rel1.macos64_1.0.100.202509120712/tools/bin/../lib/gcc/arm-none-eabi/13.3.1/thumb/v8-m.main+fp/hard/crtend.o
LOAD /Applications/STM32CubeIDE.app/Contents/Eclipse/plugins/com.st.stm32cube.ide.mcu.externaltools.gnu-tools-for-stm32.13.3.rel1.macos64_1.0.100.202509120712/tools/bin/../lib/gcc/arm-none-eabi/13.3.1/thumb/v8-m.main+fp/hard/crtn.o
                0x20030000                        _estack = (ORIGIN (RAM) + LENGTH (RAM))
                0x00000200                        _Min_Heap_Size = 0x200
                0x00000400                        _Min_Stack_Size = 0x400

.isr_vector     0x08000000      0x234
                0x08000000                        . = ALIGN (0x4)
 *(.isr_vector)
 .isr_vector    0x08000000      0x234 ./Core/Startup/startup_stm32u385rgtxq.o
                0x08000000                g_pfnVectors
                0x08000234                        . = ALIGN (0x4)

.text           0x08000234     0x1618
                0x08000234                        . = ALIGN (0x4)
 *(.text)
 .text          0x08000234       0x40 /Applications/STM32CubeIDE.app/Contents/Eclipse/plugins/com.st.stm32cube.ide.mcu.externaltools.gnu-tools-for-stm32.13.3.rel1.macos64_1.0.100.202509120712/tools/bin/../lib/gcc/arm-none-eabi/13.3.1/thumb/v8-m.main+fp/hard/crtbegin.o
 *(.text*)
 .text.main     0x08000274       0x70 ./Core/Src/main.o
                0x08000274                main
 .text.SystemClock_Config
                0x080002e4       0xc0 ./Core/Src/main.o
                0x080002e4                SystemClock_Config
 .text.MX_ICACHE_Init
                0x080003a4       0x26 ./Core/Src/main.o
 .text.Error_Handler
                0x080003ca        0xc ./Core/Src/main.o
                0x080003ca                Error_Handler
 *fill*         0x080003d6        0x2 
 .text.HAL_MspInit
                0x080003d8       0x34 ./Core/Src/stm32u3xx_hal_msp.o
                0x080003d8                HAL_MspInit
 .text.NMI_Handler
                0x0800040c        0x8 ./Core/Src/stm32u3xx_it.o
                0x0800040c                NMI_Handler
 .text.HardFault_Handler
                0x08000414        0x8 ./Core/Src/stm32u3xx_it.o
                0x08000414                HardFault_Handler
 .text.MemManage_Handler
                0x0800041c        0x8 ./Core/Src/stm32u3xx_it.o
                0x0800041c                MemManage_Handler
 .text.SVC_Handler
                0x08000424        0xe ./Core/Src/stm32u3xx_it.o
                0x08000424                SVC_Handler
 .text.DebugMon_Handler
                0x08000432        0xe ./Core/Src/stm32u3xx_it.o
                0x08000432                DebugMon_Handler
 .text.PendSV_Handler
                0x08000440        0xe ./Core/Src/stm32u3xx_it.o
                0x08000440                PendSV_Handler
 .text.SysTick_Handler
                0x0800044e        0xc ./Core/Src/stm32u3xx_it.o
                0x0800044e                SysTick_Handler
 *fill*         0x0800045a        0x2 
 .text.SystemInit
                0x0800045c       0x24 ./Core/Src/system_stm32u3xx.o
                0x0800045c                SystemInit
 .text.SystemCoreClockUpdate
                0x08000480       0xd0 ./Core/Src/system_stm32u3xx.o
                0x08000480                SystemCoreClockUpdate
 .text.Reset_Handler
                0x08000550       0x50 ./Core/Startup/startup_stm32u385rgtxq.o
                0x08000550                Reset_Handler
 .text.Default_Handler
                0x080005a0        0x2 ./Core/Startup/startup_stm32u385rgtxq.o
                0x080005a0                HASH_IRQHandler
                0x080005a0                EXTI5_IRQHandler
                0x080005a0                I3C1_ER_IRQHandler
                0x080005a0                FLASH_S_IRQHandler
                0x080005a0                EXTI13_IRQHandler
                0x080005a0                TIM1_CC_IRQHandler
                0x080005a0                TSC_IRQHandler
                0x080005a0                TIM1_TRG_COM_DIR_IDX_IRQHandler
                0x080005a0                TAMP_IRQHandler
                0x080005a0                TIM6_IRQHandler
                0x080005a0                EXTI12_IRQHandler
                0x080005a0                EXTI3_IRQHandler
                0x080005a0                LPTIM4_IRQHandler
                0x080005a0                GPDMA1_Channel5_IRQHandler
                0x080005a0                EXTI8_IRQHandler
                0x080005a0                LPTIM2_IRQHandler
                0x080005a0                USB_FS_IRQHandler
                0x080005a0                I2C3_ER_IRQHandler
                0x080005a0                LPTIM3_IRQHandler
                0x080005a0                EXTI0_IRQHandler
                0x080005a0                I2C2_EV_IRQHandler
                0x080005a0                FPU_IRQHandler
                0x080005a0                GPDMA1_Channel3_IRQHandler
                0x080005a0                GPDMA1_Channel7_IRQHandler
                0x080005a0                FDCAN1_IT1_IRQHandler
                0x080005a0                RAMCFG_IRQHandler
                0x080005a0                UsageFault_Handler
                0x080005a0                PWR_S_IRQHandler
                0x080005a0                GPDMA1_Channel9_IRQHandler
                0x080005a0                SPI1_IRQHandler
                0x080005a0                OCTOSPI1_IRQHandler
                0x080005a0                GPDMA1_Channel2_IRQHandler
                0x080005a0                RCC_S_IRQHandler
                0x080005a0                ADC1_IRQHandler
                0x080005a0                PKA_IRQHandler
                0x080005a0                PWR_IRQHandler
                0x080005a0                I3C2_ER_IRQHandler
                0x080005a0                EXTI15_IRQHandler
                0x080005a0                TIM17_IRQHandler
                0x080005a0                USART3_IRQHandler
                0x080005a0                RTC_IRQHandler
                0x080005a0                EXTI9_IRQHandler
                0x080005a0                UART5_IRQHandler
                0x080005a0                TIM4_IRQHandler
                0x080005a0                I3C2_EV_IRQHandler
                0x080005a0                I2C1_EV_IRQHandler
                0x080005a0                GPDMA1_Channel1_IRQHandler
                0x080005a0                TIM16_IRQHandler
                0x080005a0                UART4_IRQHandler
                0x080005a0                SecureFault_Handler
                0x080005a0                TIM3_IRQHandler
                0x080005a0                RCC_IRQHandler
                0x080005a0                Default_Handler
                0x080005a0                GPDMA1_Channel8_IRQHandler
                0x080005a0                GPDMA1_Channel11_IRQHandler
                0x080005a0                TIM7_IRQHandler
                0x080005a0                SDMMC1_IRQHandler
                0x080005a0                SAES_IRQHandler
                0x080005a0                GPDMA1_Channel0_IRQHandler
                0x080005a0                I3C1_EV_IRQHandler
                0x080005a0                TIM15_IRQHandler
                0x080005a0                I2C3_EV_IRQHandler
                0x080005a0                PVD_PVM_IRQHandler
                0x080005a0                ADC2_IRQHandler
                0x080005a0                SPI2_IRQHandler
                0x080005a0                EXTI14_IRQHandler
                0x080005a0                EXTI11_IRQHandler
                0x080005a0                CRS_IRQHandler
                0x080005a0                EXTI4_IRQHandler
                0x080005a0                TIM1_BRK_TERR_IERR_IRQHandler
                0x080005a0                RTC_S_IRQHandler
                0x080005a0                RNG_IRQHandler
                0x080005a0                COMP_IRQHandler
                0x080005a0                TIM1_UP_IRQHandler
                0x080005a0                WWDG_IRQHandler
                0x080005a0                ADF1_IRQHandler
                0x080005a0                IWDG_IRQHandler
                0x080005a0                LPUART1_IRQHandler
                0x080005a0                FDCAN1_IT0_IRQHandler
                0x080005a0                TIM2_IRQHandler
                0x080005a0                GPDMA1_Channel4_IRQHandler
                0x080005a0                EXTI7_IRQHandler
                0x080005a0                EXTI1_IRQHandler
                0x080005a0                AES_IRQHandler
                0x080005a0                DAC1_IRQHandler
                0x080005a0                GTZC_IRQHandler
                0x080005a0                GPDMA1_Channel6_IRQHandler
                0x080005a0                I2C2_ER_IRQHandler
                0x080005a0                FLASH_IRQHandler
                0x080005a0                BusFault_Handler
                0x080005a0                USART1_IRQHandler
                0x080005a0                EXTI10_IRQHandler
                0x080005a0                SPI3_IRQHandler
                0x080005a0                I2C1_ER_IRQHandler
                0x080005a0                EXTI6_IRQHandler
                0x080005a0                LPTIM1_IRQHandler
                0x080005a0                GPDMA1_Channel10_IRQHandler
                0x080005a0                ICACHE_IRQHandler
                0x080005a0                SAI1_IRQHandler
                0x080005a0                EXTI2_IRQHandler
 *fill*         0x080005a2        0x2 
 .text.HAL_Init
                0x080005a4       0x40 ./Drivers/STM32U3xx_HAL_Driver/Src/stm32u3xx_hal.o
                0x080005a4                HAL_Init
 .text.HAL_InitTick
                0x080005e4       0xfc ./Drivers/STM32U3xx_HAL_Driver/Src/stm32u3xx_hal.o
                0x080005e4                HAL_InitTick
 .text.HAL_IncTick
                0x080006e0       0x28 ./Drivers/STM32U3xx_HAL_Driver/Src/stm32u3xx_hal.o
                0x080006e0                HAL_IncTick
 .text.HAL_GetTick
                0x08000708       0x18 ./Drivers/STM32U3xx_HAL_Driver/Src/stm32u3xx_hal.o
                0x08000708                HAL_GetTick
 .text.HAL_Delay
                0x08000720       0x48 ./Drivers/STM32U3xx_HAL_Driver/Src/stm32u3xx_hal.o
                0x08000720                HAL_Delay
 .text.__NVIC_SetPriorityGrouping
                0x08000768       0x48 ./Drivers/STM32U3xx_HAL_Driver/Src/stm32u3xx_hal_cortex.o
 .text.__NVIC_GetPriorityGrouping
                0x080007b0       0x1c ./Drivers/STM32U3xx_HAL_Driver/Src/stm32u3xx_hal_cortex.o
 .text.__NVIC_SetPriority
                0x080007cc       0x54 ./Drivers/STM32U3xx_HAL_Driver/Src/stm32u3xx_hal_cortex.o
 .text.NVIC_EncodePriority
                0x08000820       0x66 ./Drivers/STM32U3xx_HAL_Driver/Src/stm32u3xx_hal_cortex.o
 .text.HAL_NVIC_SetPriorityGrouping
                0x08000886       0x16 ./Drivers/STM32U3xx_HAL_Driver/Src/stm32u3xx_hal_cortex.o
                0x08000886                HAL_NVIC_SetPriorityGrouping
 .text.HAL_NVIC_SetPriority
                0x0800089c       0x34 ./Drivers/STM32U3xx_HAL_Driver/Src/stm32u3xx_hal_cortex.o
                0x0800089c                HAL_NVIC_SetPriority
 .text.HAL_SYSTICK_Config
                0x080008d0       0x44 ./Drivers/STM32U3xx_HAL_Driver/Src/stm32u3xx_hal_cortex.o
                0x080008d0                HAL_SYSTICK_Config
 .text.HAL_SYSTICK_CLKSourceConfig
                0x08000914       0xb0 ./Drivers/STM32U3xx_HAL_Driver/Src/stm32u3xx_hal_cortex.o
                0x08000914                HAL_SYSTICK_CLKSourceConfig
 .text.HAL_GPIO_Init
                0x080009c4      0x314 ./Drivers/STM32U3xx_HAL_Driver/Src/stm32u3xx_hal_gpio.o
                0x080009c4                HAL_GPIO_Init
 .text.HAL_GPIO_TogglePin
                0x08000cd8       0x34 ./Drivers/STM32U3xx_HAL_Driver/Src/stm32u3xx_hal_gpio.o
                0x08000cd8                HAL_GPIO_TogglePin
 .text.HAL_ICACHE_ConfigAssociativityMode
                0x08000d0c       0x40 ./Drivers/STM32U3xx_HAL_Driver/Src/stm32u3xx_hal_icache.o
                0x08000d0c                HAL_ICACHE_ConfigAssociativityMode
 .text.HAL_ICACHE_Enable
                0x08000d4c       0x20 ./Drivers/STM32U3xx_HAL_Driver/Src/stm32u3xx_hal_icache.o
                0x08000d4c                HAL_ICACHE_Enable
 .text.HAL_PWREx_ControlVoltageScaling
                0x08000d6c       0x7c ./Drivers/STM32U3xx_HAL_Driver/Src/stm32u3xx_hal_pwr_ex.o
                0x08000d6c                HAL_PWREx_ControlVoltageScaling
 .text.HAL_PWREx_EnableEpodBooster
                0x08000de8       0x58 ./Drivers/STM32U3xx_HAL_Driver/Src/stm32u3xx_hal_pwr_ex.o
                0x08000de8                HAL_PWREx_EnableEpodBooster
 .text.HAL_RCC_OscConfig
                0x08000e40      0x6ac ./Drivers/STM32U3xx_HAL_Driver/Src/stm32u3xx_hal_rcc.o
                0x08000e40                HAL_RCC_OscConfig
 .text.HAL_RCC_ClockConfig
                0x080014ec      0x1d8 ./Drivers/STM32U3xx_HAL_Driver/Src/stm32u3xx_hal_rcc.o
                0x080014ec                HAL_RCC_ClockConfig
 .text.HAL_RCC_GetSysClockFreq
                0x080016c4       0x90 ./Drivers/STM32U3xx_HAL_Driver/Src/stm32u3xx_hal_rcc.o
                0x080016c4                HAL_RCC_GetSysClockFreq
 .text.HAL_RCCEx_EpodBoosterClkConfig
                0x08001754       0x88 ./Drivers/STM32U3xx_HAL_Driver/Src/stm32u3xx_hal_rcc_ex.o
                0x08001754                HAL_RCCEx_EpodBoosterClkConfig
 .text.memset   0x080017dc       0x10 /Applications/STM32CubeIDE.app/Contents/Eclipse/plugins/com.st.stm32cube.ide.mcu.externaltools.gnu-tools-for-stm32.13.3.rel1.macos64_1.0.100.202509120712/tools/bin/../lib/gcc/arm-none-eabi/13.3.1/../../../../arm-none-eabi/lib/thumb/v8-m.main+fp/hard/libc_nano.a(libc_a-memset.o)
                0x080017dc                memset
 .text.__libc_init_array
                0x080017ec       0x48 /Applications/STM32CubeIDE.app/Contents/Eclipse/plugins/com.st.stm32cube.ide.mcu.externaltools.gnu-tools-for-stm32.13.3.rel1.macos64_1.0.100.202509120712/tools/bin/../lib/gcc/arm-none-eabi/13.3.1/../../../../arm-none-eabi/lib/thumb/v8-m.main+fp/hard/libc_nano.a(libc_a-init.o)
                0x080017ec                __libc_init_array
 *(.glue_7)
 .glue_7        0x08001834        0x0 linker stubs
 *(.glue_7t)
 .glue_7t       0x08001834        0x0 linker stubs
 *(.eh_frame)
 .eh_frame      0x08001834        0x0 /Applications/STM32CubeIDE.app/Contents/Eclipse/plugins/com.st.stm32cube.ide.mcu.externaltools.gnu-tools-for-stm32.13.3.rel1.macos64_1.0.100.202509120712/tools/bin/../lib/gcc/arm-none-eabi/13.3.1/thumb/v8-m.main+fp/hard/crtbegin.o
 *(.init)
 .init          0x08001834        0x4 /Applications/STM32CubeIDE.app/Contents/Eclipse/plugins/com.st.stm32cube.ide.mcu.externaltools.gnu-tools-for-stm32.13.3.rel1.macos64_1.0.100.202509120712/tools/bin/../lib/gcc/arm-none-eabi/13.3.1/thumb/v8-m.main+fp/hard/crti.o
                0x08001834                _init
 .init          0x08001838        0x8 /Applications/STM32CubeIDE.app/Contents/Eclipse/plugins/com.st.stm32cube.ide.mcu.externaltools.gnu-tools-for-stm32.13.3.rel1.macos64_1.0.100.202509120712/tools/bin/../lib/gcc/arm-none-eabi/13.3.1/thumb/v8-m.main+fp/hard/crtn.o
 *(.fini)
 .fini          0x08001840        0x4 /Applications/STM32CubeIDE.app/Contents/Eclipse/plugins/com.st.stm32cube.ide.mcu.externaltools.gnu-tools-for-stm32.13.3.rel1.macos64_1.0.100.202509120712/tools/bin/../lib/gcc/arm-none-eabi/13.3.1/thumb/v8-m.main+fp/hard/crti.o
                0x08001840                _fini
 .fini          0x08001844        0x8 /Applications/STM32CubeIDE.app/Contents/Eclipse/plugins/com.st.stm32cube.ide.mcu.externaltools.gnu-tools-for-stm32.13.3.rel1.macos64_1.0.100.202509120712/tools/bin/../lib/gcc/arm-none-eabi/13.3.1/thumb/v8-m.main+fp/hard/crtn.o
                0x0800184c                        . = ALIGN (0x4)
                0x0800184c                        _etext = .

.vfp11_veneer   0x0800184c        0x0
 .vfp11_veneer  0x0800184c        0x0 linker stubs

.v4_bx          0x0800184c        0x0
 .v4_bx         0x0800184c        0x0 linker stubs

.iplt           0x0800184c        0x0
 .iplt          0x0800184c        0x0 /Applications/STM32CubeIDE.app/Contents/Eclipse/plugins/com.st.stm32cube.ide.mcu.externaltools.gnu-tools-for-stm32.13.3.rel1.macos64_1.0.100.202509120712/tools/bin/../lib/gcc/arm-none-eabi/13.3.1/thumb/v8-m.main+fp/hard/crtbegin.o

.rodata         0x0800184c       0x10
                0x0800184c                        . = ALIGN (0x4)
 *(.rodata)
 *(.rodata*)
 .rodata.AHBPrescTable
                0x0800184c       0x10 ./Core/Src/system_stm32u3xx.o
                0x0800184c                AHBPrescTable
                0x0800185c                        . = ALIGN (0x4)

.ARM.extab      0x0800185c        0x0
                0x0800185c                        . = ALIGN (0x4)
 *(.ARM.extab* .gnu.linkonce.armextab.*)
                0x0800185c                        . = ALIGN (0x4)

.ARM            0x0800185c        0x0
                0x0800185c                        . = ALIGN (0x4)
                0x0800185c                        __exidx_start = .
 *(.ARM.exidx*)
                0x0800185c                        __exidx_end = .
                0x0800185c                        . = ALIGN (0x4)

.preinit_array  0x0800185c        0x0
                0x0800185c                        . = ALIGN (0x4)
                0x0800185c                        PROVIDE (__preinit_array_start = .)
 *(.preinit_array*)
                0x0800185c                        PROVIDE (__preinit_array_end = .)
                0x0800185c                        . = ALIGN (0x4)

.init_array     0x0800185c        0x4
                0x0800185c                        . = ALIGN (0x4)
                0x0800185c                        PROVIDE (__init_array_start = .)
 *(SORT_BY_NAME(.init_array.*))
 *(.init_array*)
 .init_array    0x0800185c        0x4 /Applications/STM32CubeIDE.app/Contents/Eclipse/plugins/com.st.stm32cube.ide.mcu.externaltools.gnu-tools-for-stm32.13.3.rel1.macos64_1.0.100.202509120712/tools/bin/../lib/gcc/arm-none-eabi/13.3.1/thumb/v8-m.main+fp/hard/crtbegin.o
                0x08001860                        PROVIDE (__init_array_end = .)
                0x08001860                        . = ALIGN (0x4)

.fini_array     0x08001860        0x4
                0x08001860                        . = ALIGN (0x4)
                [!provide]                        PROVIDE (__fini_array_start = .)
 *(SORT_BY_NAME(.fini_array.*))
 *(.fini_array*)
 .fini_array    0x08001860        0x4 /Applications/STM32CubeIDE.app/Contents/Eclipse/plugins/com.st.stm32cube.ide.mcu.externaltools.gnu-tools-for-stm32.13.3.rel1.macos64_1.0.100.202509120712/tools/bin/../lib/gcc/arm-none-eabi/13.3.1/thumb/v8-m.main+fp/hard/crtbegin.o
                [!provide]                        PROVIDE (__fini_array_end = .)
                0x08001864                        . = ALIGN (0x4)
                0x08001864                        _sidata = LOADADDR (.data)

.rel.dyn        0x08001864        0x0
 .rel.iplt      0x08001864        0x0 /Applications/STM32CubeIDE.app/Contents/Eclipse/plugins/com.st.stm32cube.ide.mcu.externaltools.gnu-tools-for-stm32.13.3.rel1.macos64_1.0.100.202509120712/tools/bin/../lib/gcc/arm-none-eabi/13.3.1/thumb/v8-m.main+fp/hard/crtbegin.o

.data           0x20000000        0xc load address 0x08001864
                0x20000000                        . = ALIGN (0x4)
                0x20000000                        _sdata = .
 *(.data)
 *(.data*)
 .data.SystemCoreClock
                0x20000000        0x4 ./Core/Src/system_stm32u3xx.o
                0x20000000                SystemCoreClock
 .data.uwTickPrio
                0x20000004        0x4 ./Drivers/STM32U3xx_HAL_Driver/Src/stm32u3xx_hal.o
                0x20000004                uwTickPrio
 .data.uwTickFreq
                0x20000008        0x1 ./Drivers/STM32U3xx_HAL_Driver/Src/stm32u3xx_hal.o
                0x20000008                uwTickFreq
 *(.RamFunc)
 *(.RamFunc*)
                0x2000000c                        . = ALIGN (0x4)
 *fill*         0x20000009        0x3 
                0x2000000c                        _edata = .

.igot.plt       0x2000000c        0x0 load address 0x08001870
 .igot.plt      0x2000000c        0x0 /Applications/STM32CubeIDE.app/Contents/Eclipse/plugins/com.st.stm32cube.ide.mcu.externaltools.gnu-tools-for-stm32.13.3.rel1.macos64_1.0.100.202509120712/tools/bin/../lib/gcc/arm-none-eabi/13.3.1/thumb/v8-m.main+fp/hard/crtbegin.o
                0x2000000c                        . = ALIGN (0x4)

.bss            0x2000000c       0x34 load address 0x08001870
                0x2000000c                        _sbss = .
                0x2000000c                        __bss_start__ = _sbss
 *(.bss)
 .bss           0x2000000c       0x1c /Applications/STM32CubeIDE.app/Contents/Eclipse/plugins/com.st.stm32cube.ide.mcu.externaltools.gnu-tools-for-stm32.13.3.rel1.macos64_1.0.100.202509120712/tools/bin/../lib/gcc/arm-none-eabi/13.3.1/thumb/v8-m.main+fp/hard/crtbegin.o
 *(.bss*)
 .bss.GPIO_InitStruct
                0x20000028       0x14 ./Core/Src/main.o
 .bss.uwTick    0x2000003c        0x4 ./Drivers/STM32U3xx_HAL_Driver/Src/stm32u3xx_hal.o
                0x2000003c                uwTick
 *(COMMON)
                0x20000040                        . = ALIGN (0x4)
                0x20000040                        _ebss = .
                0x20000040                        __bss_end__ = _ebss

._user_heap_stack
                0x20000040      0x600 load address 0x08001870
                0x20000040                        . = ALIGN (0x8)
                [!provide]                        PROVIDE (end = .)
                0x20000040                        PROVIDE (_end = .)
                0x20000240                        . = (. + _Min_Heap_Size)
 *fill*         0x20000040      0x200 
                0x20000640                        . = (. + _Min_Stack_Size)
 *fill*         0x20000240      0x400 
                0x20000640                        . = ALIGN (0x8)

/DISCARD/
 libc.a(*)
 libm.a(*)
 libgcc.a(*)

.ARM.attributes
                0x00000000       0x36
 *(.ARM.attributes)
 .ARM.attributes
                0x00000000       0x26 /Applications/STM32CubeIDE.app/Contents/Eclipse/plugins/com.st.stm32cube.ide.mcu.externaltools.gnu-tools-for-stm32.13.3.rel1.macos64_1.0.100.202509120712/tools/bin/../lib/gcc/arm-none-eabi/13.3.1/thumb/v8-m.main+fp/hard/crti.o
 .ARM.attributes
                0x00000026       0x38 /Applications/STM32CubeIDE.app/Contents/Eclipse/plugins/com.st.stm32cube.ide.mcu.externaltools.gnu-tools-for-stm32.13.3.rel1.macos64_1.0.100.202509120712/tools/bin/../lib/gcc/arm-none-eabi/13.3.1/thumb/v8-m.main+fp/hard/crtbegin.o
 .ARM.attributes
                0x0000005e       0x3a ./Core/Src/main.o
 .ARM.attributes
                0x00000098       0x3a ./Core/Src/stm32u3xx_hal_msp.o
 .ARM.attributes
                0x000000d2       0x3a ./Core/Src/stm32u3xx_it.o
 .ARM.attributes
                0x0000010c       0x3a ./Core/Src/system_stm32u3xx.o
 .ARM.attributes
                0x00000146       0x24 ./Core/Startup/startup_stm32u385rgtxq.o
 .ARM.attributes
                0x0000016a       0x3a ./Drivers/STM32U3xx_HAL_Driver/Src/stm32u3xx_hal.o
 .ARM.attributes
                0x000001a4       0x3a ./Drivers/STM32U3xx_HAL_Driver/Src/stm32u3xx_hal_cortex.o
 .ARM.attributes
                0x000001de       0x3a ./Drivers/STM32U3xx_HAL_Driver/Src/stm32u3xx_hal_gpio.o
 .ARM.attributes
                0x00000218       0x3a ./Drivers/STM32U3xx_HAL_Driver/Src/stm32u3xx_hal_icache.o
 .ARM.attributes
                0x00000252       0x3a ./Drivers/STM32U3xx_HAL_Driver/Src/stm32u3xx_hal_pwr_ex.o
 .ARM.attributes
                0x0000028c       0x3a ./Drivers/STM32U3xx_HAL_Driver/Src/stm32u3xx_hal_rcc.o
 .ARM.attributes
                0x000002c6       0x3a ./Drivers/STM32U3xx_HAL_Driver/Src/stm32u3xx_hal_rcc_ex.o
 .ARM.attributes
                0x00000300       0x38 /Applications/STM32CubeIDE.app/Contents/Eclipse/plugins/com.st.stm32cube.ide.mcu.externaltools.gnu-tools-for-stm32.13.3.rel1.macos64_1.0.100.202509120712/tools/bin/../lib/gcc/arm-none-eabi/13.3.1/../../../../arm-none-eabi/lib/thumb/v8-m.main+fp/hard/libc_nano.a(libc_a-memset.o)
 .ARM.attributes
                0x00000338       0x38 /Applications/STM32CubeIDE.app/Contents/Eclipse/plugins/com.st.stm32cube.ide.mcu.externaltools.gnu-tools-for-stm32.13.3.rel1.macos64_1.0.100.202509120712/tools/bin/../lib/gcc/arm-none-eabi/13.3.1/../../../../arm-none-eabi/lib/thumb/v8-m.main+fp/hard/libc_nano.a(libc_a-init.o)
 .ARM.attributes
                0x00000370       0x26 /Applications/STM32CubeIDE.app/Contents/Eclipse/plugins/com.st.stm32cube.ide.mcu.externaltools.gnu-tools-for-stm32.13.3.rel1.macos64_1.0.100.202509120712/tools/bin/../lib/gcc/arm-none-eabi/13.3.1/thumb/v8-m.main+fp/hard/crtn.o
OUTPUT(blinky.elf elf32-littlearm)
LOAD linker stubs
LOAD /Applications/STM32CubeIDE.app/Contents/Eclipse/plugins/com.st.stm32cube.ide.mcu.externaltools.gnu-tools-for-stm32.13.3.rel1.macos64_1.0.100.202509120712/tools/bin/../lib/gcc/arm-none-eabi/13.3.1/../../../../arm-none-eabi/lib/thumb/v8-m.main+fp/hard/libc.a
LOAD /Applications/STM32CubeIDE.app/Contents/Eclipse/plugins/com.st.stm32cube.ide.mcu.externaltools.gnu-tools-for-stm32.13.3.rel1.macos64_1.0.100.202509120712/tools/bin/../lib/gcc/arm-none-eabi/13.3.1/../../../../arm-none-eabi/lib/thumb/v8-m.main+fp/hard/libm.a
LOAD /Applications/STM32CubeIDE.app/Contents/Eclipse/plugins/com.st.stm32cube.ide.mcu.externaltools.gnu-tools-for-stm32.13.3.rel1.macos64_1.0.100.202509120712/tools/bin/../lib/gcc/arm-none-eabi/13.3.1/thumb/v8-m.main+fp/hard/libgcc.a

.debug_info     0x00000000     0x873f
 .debug_info    0x00000000      0xb60 ./Core/Src/main.o
 .debug_info    0x00000b60      0x44b ./Core/Src/stm32u3xx_hal_msp.o
 .debug_info    0x00000fab      0x49a ./Core/Src/stm32u3xx_it.o
 .debug_info    0x00001445      0x8c4 ./Core/Src/system_stm32u3xx.o
 .debug_info    0x00001d09       0x30 ./Core/Startup/startup_stm32u385rgtxq.o
 .debug_info    0x00001d39     0x140d ./Drivers/STM32U3xx_HAL_Driver/Src/stm32u3xx_hal.o
 .debug_info    0x00003146     0x15a9 ./Drivers/STM32U3xx_HAL_Driver/Src/stm32u3xx_hal_cortex.o
 .debug_info    0x000046ef      0x9d3 ./Drivers/STM32U3xx_HAL_Driver/Src/stm32u3xx_hal_gpio.o
 .debug_info    0x000050c2      0x832 ./Drivers/STM32U3xx_HAL_Driver/Src/stm32u3xx_hal_icache.o
 .debug_info    0x000058f4      0xeea ./Drivers/STM32U3xx_HAL_Driver/Src/stm32u3xx_hal_pwr_ex.o
 .debug_info    0x000067de     0x107a ./Drivers/STM32U3xx_HAL_Driver/Src/stm32u3xx_hal_rcc.o
 .debug_info    0x00007858      0xee7 ./Drivers/STM32U3xx_HAL_Driver/Src/stm32u3xx_hal_rcc_ex.o

.debug_abbrev   0x00000000     0x1790
 .debug_abbrev  0x00000000      0x24b ./Core/Src/main.o
 .debug_abbrev  0x0000024b       0xf6 ./Core/Src/stm32u3xx_hal_msp.o
 .debug_abbrev  0x00000341      0x11b ./Core/Src/stm32u3xx_it.o
 .debug_abbrev  0x0000045c      0x142 ./Core/Src/system_stm32u3xx.o
 .debug_abbrev  0x0000059e       0x24 ./Core/Startup/startup_stm32u385rgtxq.o
 .debug_abbrev  0x000005c2      0x344 ./Drivers/STM32U3xx_HAL_Driver/Src/stm32u3xx_hal.o
 .debug_abbrev  0x00000906      0x312 ./Drivers/STM32U3xx_HAL_Driver/Src/stm32u3xx_hal_cortex.o
 .debug_abbrev  0x00000c18      0x1fb ./Drivers/STM32U3xx_HAL_Driver/Src/stm32u3xx_hal_gpio.o
 .debug_abbrev  0x00000e13      0x25c ./Drivers/STM32U3xx_HAL_Driver/Src/stm32u3xx_hal_icache.o
 .debug_abbrev  0x0000106f      0x20f ./Drivers/STM32U3xx_HAL_Driver/Src/stm32u3xx_hal_pwr_ex.o
 .debug_abbrev  0x0000127e      0x2c8 ./Drivers/STM32U3xx_HAL_Driver/Src/stm32u3xx_hal_rcc.o
 .debug_abbrev  0x00001546      0x24a ./Drivers/STM32U3xx_HAL_Driver/Src/stm32u3xx_hal_rcc_ex.o

.debug_aranges  0x00000000      0x7a8
 .debug_aranges
                0x00000000       0x38 ./Core/Src/main.o
 .debug_aranges
                0x00000038       0x20 ./Core/Src/stm32u3xx_hal_msp.o
 .debug_aranges
                0x00000058       0x50 ./Core/Src/stm32u3xx_it.o
 .debug_aranges
                0x000000a8       0x28 ./Core/Src/system_stm32u3xx.o
 .debug_aranges
                0x000000d0       0x28 ./Core/Startup/startup_stm32u385rgtxq.o
 .debug_aranges
                0x000000f8      0x168 ./Drivers/STM32U3xx_HAL_Driver/Src/stm32u3xx_hal.o
 .debug_aranges
                0x00000260      0x148 ./Drivers/STM32U3xx_HAL_Driver/Src/stm32u3xx_hal_cortex.o
 .debug_aranges
                0x000003a8       0x80 ./Drivers/STM32U3xx_HAL_Driver/Src/stm32u3xx_hal_gpio.o
 .debug_aranges
                0x00000428       0xa8 ./Drivers/STM32U3xx_HAL_Driver/Src/stm32u3xx_hal_icache.o
 .debug_aranges
                0x000004d0      0x140 ./Drivers/STM32U3xx_HAL_Driver/Src/stm32u3xx_hal_pwr_ex.o
 .debug_aranges
                0x00000610       0xb0 ./Drivers/STM32U3xx_HAL_Driver/Src/stm32u3xx_hal_rcc.o
 .debug_aranges
                0x000006c0       0xe8 ./Drivers/STM32U3xx_HAL_Driver/Src/stm32u3xx_hal_rcc_ex.o

.debug_rnglists
                0x00000000      0x59f
 .debug_rnglists
                0x00000000       0x26 ./Core/Src/main.o
 .debug_rnglists
                0x00000026       0x13 ./Core/Src/stm32u3xx_hal_msp.o
 .debug_rnglists
                0x00000039       0x37 ./Core/Src/stm32u3xx_it.o
 .debug_rnglists
                0x00000070       0x1a ./Core/Src/system_stm32u3xx.o
 .debug_rnglists
                0x0000008a       0x19 ./Core/Startup/startup_stm32u385rgtxq.o
 .debug_rnglists
                0x000000a3      0x10c ./Drivers/STM32U3xx_HAL_Driver/Src/stm32u3xx_hal.o
 .debug_rnglists
                0x000001af       0xf2 ./Drivers/STM32U3xx_HAL_Driver/Src/stm32u3xx_hal_cortex.o
 .debug_rnglists
                0x000002a1       0x5d ./Drivers/STM32U3xx_HAL_Driver/Src/stm32u3xx_hal_gpio.o
 .debug_rnglists
                0x000002fe       0x7a ./Drivers/STM32U3xx_HAL_Driver/Src/stm32u3xx_hal_icache.o
 .debug_rnglists
                0x00000378       0xf0 ./Drivers/STM32U3xx_HAL_Driver/Src/stm32u3xx_hal_pwr_ex.o
 .debug_rnglists
                0x00000468       0x85 ./Drivers/STM32U3xx_HAL_Driver/Src/stm32u3xx_hal_rcc.o
 .debug_rnglists
                0x000004ed       0xb2 ./Drivers/STM32U3xx_HAL_Driver/Src/stm32u3xx_hal_rcc_ex.o

.debug_macro    0x00000000    0x2ae48
 .debug_macro   0x00000000      0x283 ./Core/Src/main.o
 .debug_macro   0x00000283      0xade ./Core/Src/main.o
 .debug_macro   0x00000d61      0x1d1 ./Core/Src/main.o
 .debug_macro   0x00000f32       0x2e ./Core/Src/main.o
 .debug_macro   0x00000f60       0x42 ./Core/Src/main.o
 .debug_macro   0x00000fa2       0x22 ./Core/Src/main.o
 .debug_macro   0x00000fc4       0x8e ./Core/Src/main.o
 .debug_macro   0x00001052       0x51 ./Core/Src/main.o
 .debug_macro   0x000010a3      0x103 ./Core/Src/main.o
 .debug_macro   0x000011a6       0x6a ./Core/Src/main.o
 .debug_macro   0x00001210      0x1df ./Core/Src/main.o
 .debug_macro   0x000013ef       0x1c ./Core/Src/main.o
 .debug_macro   0x0000140b       0x29 ./Core/Src/main.o
 .debug_macro   0x00001434       0xfb ./Core/Src/main.o
 .debug_macro   0x0000152f     0x1685 ./Core/Src/main.o
 .debug_macro   0x00002bb4       0x5e ./Core/Src/main.o
 .debug_macro   0x00002c12    0x1df2a ./Core/Src/main.o
 .debug_macro   0x00020b3c       0x6c ./Core/Src/main.o
 .debug_macro   0x00020ba8     0x3432 ./Core/Src/main.o
 .debug_macro   0x00023fda      0x190 ./Core/Src/main.o
 .debug_macro   0x0002416a       0x61 ./Core/Src/main.o
 .debug_macro   0x000241cb       0x2a ./Core/Src/main.o
 .debug_macro   0x000241f5       0x43 ./Core/Src/main.o
 .debug_macro   0x00024238       0x34 ./Core/Src/main.o
 .debug_macro   0x0002426c      0x370 ./Core/Src/main.o
 .debug_macro   0x000245dc       0x16 ./Core/Src/main.o
 .debug_macro   0x000245f2       0x4a ./Core/Src/main.o
 .debug_macro   0x0002463c       0x34 ./Core/Src/main.o
 .debug_macro   0x00024670       0x10 ./Core/Src/main.o
 .debug_macro   0x00024680       0x58 ./Core/Src/main.o
 .debug_macro   0x000246d8       0x8e ./Core/Src/main.o
 .debug_macro   0x00024766       0x1c ./Core/Src/main.o
 .debug_macro   0x00024782      0x185 ./Core/Src/main.o
 .debug_macro   0x00024907      0x19b ./Core/Src/main.o
 .debug_macro   0x00024aa2       0x5d ./Core/Src/main.o
 .debug_macro   0x00024aff      0x914 ./Core/Src/main.o
 .debug_macro   0x00025413     0x1750 ./Core/Src/main.o
 .debug_macro   0x00026b63      0x837 ./Core/Src/main.o
 .debug_macro   0x0002739a      0x1dd ./Core/Src/main.o
 .debug_macro   0x00027577      0x1c9 ./Core/Src/main.o
 .debug_macro   0x00027740      0x47f ./Core/Src/main.o
 .debug_macro   0x00027bbf      0x313 ./Core/Src/main.o
 .debug_macro   0x00027ed2       0xd6 ./Core/Src/main.o
 .debug_macro   0x00027fa8      0x1d5 ./Core/Src/main.o
 .debug_macro   0x0002817d      0x1b0 ./Core/Src/main.o
 .debug_macro   0x0002832d      0x439 ./Core/Src/main.o
 .debug_macro   0x00028766       0xd8 ./Core/Src/main.o
 .debug_macro   0x0002883e      0x11c ./Core/Src/main.o
 .debug_macro   0x0002895a       0xc9 ./Core/Src/main.o
 .debug_macro   0x00028a23      0x511 ./Core/Src/main.o
 .debug_macro   0x00028f34      0x23b ./Core/Src/main.o
 .debug_macro   0x0002916f      0x37b ./Core/Src/main.o
 .debug_macro   0x000294ea       0x22 ./Core/Src/main.o
 .debug_macro   0x0002950c       0x52 ./Core/Src/main.o
 .debug_macro   0x0002955e       0x8f ./Core/Src/main.o
 .debug_macro   0x000295ed      0x283 ./Core/Src/stm32u3xx_hal_msp.o
 .debug_macro   0x00029870      0x28d ./Core/Src/stm32u3xx_it.o
 .debug_macro   0x00029afd      0x258 ./Core/Src/system_stm32u3xx.o
 .debug_macro   0x00029d55      0x25e ./Drivers/STM32U3xx_HAL_Driver/Src/stm32u3xx_hal.o
 .debug_macro   0x00029fb3      0x259 ./Drivers/STM32U3xx_HAL_Driver/Src/stm32u3xx_hal_cortex.o
 .debug_macro   0x0002a20c      0x25f ./Drivers/STM32U3xx_HAL_Driver/Src/stm32u3xx_hal_gpio.o
 .debug_macro   0x0002a46b      0x28a ./Drivers/STM32U3xx_HAL_Driver/Src/stm32u3xx_hal_icache.o
 .debug_macro   0x0002a6f5      0x26d ./Drivers/STM32U3xx_HAL_Driver/Src/stm32u3xx_hal_pwr_ex.o
 .debug_macro   0x0002a962      0x288 ./Drivers/STM32U3xx_HAL_Driver/Src/stm32u3xx_hal_rcc.o
 .debug_macro   0x0002abea      0x25e ./Drivers/STM32U3xx_HAL_Driver/Src/stm32u3xx_hal_rcc_ex.o

.debug_line     0x00000000     0x8a92
 .debug_line    0x00000000      0x98e ./Core/Src/main.o
 .debug_line    0x0000098e      0x8b5 ./Core/Src/stm32u3xx_hal_msp.o
 .debug_line    0x00001243      0x93b ./Core/Src/stm32u3xx_it.o
 .debug_line    0x00001b7e      0x84e ./Core/Src/system_stm32u3xx.o
 .debug_line    0x000023cc       0x79 ./Core/Startup/startup_stm32u385rgtxq.o
 .debug_line    0x00002445      0xde4 ./Drivers/STM32U3xx_HAL_Driver/Src/stm32u3xx_hal.o
 .debug_line    0x00003229      0xe2e ./Drivers/STM32U3xx_HAL_Driver/Src/stm32u3xx_hal_cortex.o
 .debug_line    0x00004057      0xcc8 ./Drivers/STM32U3xx_HAL_Driver/Src/stm32u3xx_hal_gpio.o
 .debug_line    0x00004d1f      0xadf ./Drivers/STM32U3xx_HAL_Driver/Src/stm32u3xx_hal_icache.o
 .debug_line    0x000057fe      0xccb ./Drivers/STM32U3xx_HAL_Driver/Src/stm32u3xx_hal_pwr_ex.o
 .debug_line    0x000064c9     0x1192 ./Drivers/STM32U3xx_HAL_Driver/Src/stm32u3xx_hal_rcc.o
 .debug_line    0x0000765b     0x1437 ./Drivers/STM32U3xx_HAL_Driver/Src/stm32u3xx_hal_rcc_ex.o

.debug_str      0x00000000   0x10c06a
 .debug_str     0x00000000   0x10c06a ./Core/Src/main.o
                             0x109aed (size before relaxing)
 .debug_str     0x0010c06a        0x0 ./Core/Src/stm32u3xx_hal_msp.o
                             0x109649 (size before relaxing)
 .debug_str     0x0010c06a        0x0 ./Core/Src/stm32u3xx_it.o
                             0x1096bb (size before relaxing)
 .debug_str     0x0010c06a        0x0 ./Core/Src/system_stm32u3xx.o
                             0x109230 (size before relaxing)
 .debug_str     0x0010c06a        0x0 ./Core/Startup/startup_stm32u385rgtxq.o
                                 0xae (size before relaxing)
 .debug_str     0x0010c06a        0x0 ./Drivers/STM32U3xx_HAL_Driver/Src/stm32u3xx_hal.o
                             0x109f01 (size before relaxing)
 .debug_str     0x0010c06a        0x0 ./Drivers/STM32U3xx_HAL_Driver/Src/stm32u3xx_hal_cortex.o
                             0x109d42 (size before relaxing)
 .debug_str     0x0010c06a        0x0 ./Drivers/STM32U3xx_HAL_Driver/Src/stm32u3xx_hal_gpio.o
                             0x1093cb (size before relaxing)
 .debug_str     0x0010c06a        0x0 ./Drivers/STM32U3xx_HAL_Driver/Src/stm32u3xx_hal_icache.o
                             0x1097dc (size before relaxing)
 .debug_str     0x0010c06a        0x0 ./Drivers/STM32U3xx_HAL_Driver/Src/stm32u3xx_hal_pwr_ex.o
                             0x109832 (size before relaxing)
 .debug_str     0x0010c06a        0x0 ./Drivers/STM32U3xx_HAL_Driver/Src/stm32u3xx_hal_rcc.o
                             0x1098f6 (size before relaxing)
 .debug_str     0x0010c06a        0x0 ./Drivers/STM32U3xx_HAL_Driver/Src/stm32u3xx_hal_rcc_ex.o
                             0x109a07 (size before relaxing)

.comment        0x00000000       0x43
 .comment       0x00000000       0x43 ./Core/Src/main.o
                                 0x44 (size before relaxing)
 .comment       0x00000043        0x0 ./Core/Src/stm32u3xx_hal_msp.o
                                 0x44 (size before relaxing)
 .comment       0x00000043        0x0 ./Core/Src/stm32u3xx_it.o
                                 0x44 (size before relaxing)
 .comment       0x00000043        0x0 ./Core/Src/system_stm32u3xx.o
                                 0x44 (size before relaxing)
 .comment       0x00000043        0x0 ./Drivers/STM32U3xx_HAL_Driver/Src/stm32u3xx_hal.o
                                 0x44 (size before relaxing)
 .comment       0x00000043        0x0 ./Drivers/STM32U3xx_HAL_Driver/Src/stm32u3xx_hal_cortex.o
                                 0x44 (size before relaxing)
 .comment       0x00000043        0x0 ./Drivers/STM32U3xx_HAL_Driver/Src/stm32u3xx_hal_gpio.o
                                 0x44 (size before relaxing)
 .comment       0x00000043        0x0 ./Drivers/STM32U3xx_HAL_Driver/Src/stm32u3xx_hal_icache.o
                                 0x44 (size before relaxing)
 .comment       0x00000043        0x0 ./Drivers/STM32U3xx_HAL_Driver/Src/stm32u3xx_hal_pwr_ex.o
                                 0x44 (size before relaxing)
 .comment       0x00000043        0x0 ./Drivers/STM32U3xx_HAL_Driver/Src/stm32u3xx_hal_rcc.o
                                 0x44 (size before relaxing)
 .comment       0x00000043        0x0 ./Drivers/STM32U3xx_HAL_Driver/Src/stm32u3xx_hal_rcc_ex.o
                                 0x44 (size before relaxing)

.debug_frame    0x00000000     0x1de0
 .debug_frame   0x00000000       0x88 ./Core/Src/main.o
 .debug_frame   0x00000088       0x38 ./Core/Src/stm32u3xx_hal_msp.o
 .debug_frame   0x000000c0       0xd4 ./Core/Src/stm32u3xx_it.o
 .debug_frame   0x00000194       0x58 ./Core/Src/system_stm32u3xx.o
 .debug_frame   0x000001ec      0x5c0 ./Drivers/STM32U3xx_HAL_Driver/Src/stm32u3xx_hal.o
 .debug_frame   0x000007ac      0x580 ./Drivers/STM32U3xx_HAL_Driver/Src/stm32u3xx_hal_cortex.o
 .debug_frame   0x00000d2c      0x214 ./Drivers/STM32U3xx_HAL_Driver/Src/stm32u3xx_hal_gpio.o
 .debug_frame   0x00000f40      0x298 ./Drivers/STM32U3xx_HAL_Driver/Src/stm32u3xx_hal_icache.o
 .debug_frame   0x000011d8      0x530 ./Drivers/STM32U3xx_HAL_Driver/Src/stm32u3xx_hal_pwr_ex.o
 .debug_frame   0x00001708      0x2b0 ./Drivers/STM32U3xx_HAL_Driver/Src/stm32u3xx_hal_rcc.o
 .debug_frame   0x000019b8      0x3dc ./Drivers/STM32U3xx_HAL_Driver/Src/stm32u3xx_hal_rcc_ex.o
 .debug_frame   0x00001d94       0x20 /Applications/STM32CubeIDE.app/Contents/Eclipse/plugins/com.st.stm32cube.ide.mcu.externaltools.gnu-tools-for-stm32.13.3.rel1.macos64_1.0.100.202509120712/tools/bin/../lib/gcc/arm-none-eabi/13.3.1/../../../../arm-none-eabi/lib/thumb/v8-m.main+fp/hard/libc_nano.a(libc_a-memset.o)
 .debug_frame   0x00001db4       0x2c /Applications/STM32CubeIDE.app/Contents/Eclipse/plugins/com.st.stm32cube.ide.mcu.externaltools.gnu-tools-for-stm32.13.3.rel1.macos64_1.0.100.202509120712/tools/bin/../lib/gcc/arm-none-eabi/13.3.1/../../../../arm-none-eabi/lib/thumb/v8-m.main+fp/hard/libc_nano.a(libc_a-init.o)

.debug_line_str
                0x00000000       0x92
 .debug_line_str
                0x00000000       0x92 ./Core/Startup/startup_stm32u385rgtxq.o
